[0.975s] Invoking command in '/root/workspaces/ros2_ws/build/warehouse_worlds': CMAKE_PREFIX_PATH=${CMAKE_PREFIX_PATH}:/root/workspaces/ros2_ws/install/human_detector:/root/workspaces/ros2_ws/install/ffw_teleop:/root/workspaces/ros2_ws/install/ffw_bringup:/opt/ros/jazzy /usr/bin/cmake --build /root/workspaces/ros2_ws/build/warehouse_worlds -- -j4 -l4
[1.282s] Invoked command in '/root/workspaces/ros2_ws/build/warehouse_worlds' returned '0': CMAKE_PREFIX_PATH=${CMAKE_PREFIX_PATH}:/root/workspaces/ros2_ws/install/human_detector:/root/workspaces/ros2_ws/install/ffw_teleop:/root/workspaces/ros2_ws/install/ffw_bringup:/opt/ros/jazzy /usr/bin/cmake --build /root/workspaces/ros2_ws/build/warehouse_worlds -- -j4 -l4
[1.297s] Invoking command in '/root/workspaces/ros2_ws/build/warehouse_worlds': CMAKE_PREFIX_PATH=${CMAKE_PREFIX_PATH}:/root/workspaces/ros2_ws/install/human_detector:/root/workspaces/ros2_ws/install/ffw_teleop:/root/workspaces/ros2_ws/install/ffw_bringup:/opt/ros/jazzy /usr/bin/cmake --install /root/workspaces/ros2_ws/build/warehouse_worlds
[1.432s] -- Install configuration: ""
[1.433s] -- Up-to-date: /root/workspaces/ros2_ws/install/warehouse_worlds/share/warehouse_worlds//launch
[1.433s] -- Up-to-date: /root/workspaces/ros2_ws/install/warehouse_worlds/share/warehouse_worlds//launch/warehouse_distribution_launch.launch.py
[1.433s] -- Up-to-date: /root/workspaces/ros2_ws/install/warehouse_worlds/share/warehouse_worlds//launch/warehouse_storage_launch.launch.py
[1.433s] -- Up-to-date: /root/workspaces/ros2_ws/install/warehouse_worlds/share/warehouse_worlds//launch/warehouse_logistics_launch.launch.py
[1.433s] -- Up-to-date: /root/workspaces/ros2_ws/install/warehouse_worlds/share/warehouse_worlds//config
[1.433s] -- Up-to-date: /root/workspaces/ros2_ws/install/warehouse_worlds/share/warehouse_worlds//config/gz_bridge_ros.yaml
[1.433s] -- Up-to-date: /root/workspaces/ros2_ws/install/warehouse_worlds/share/warehouse_worlds//worlds
[1.433s] -- Up-to-date: /root/workspaces/ros2_ws/install/warehouse_worlds/share/warehouse_worlds//worlds/warehouse_storage.sdf
[1.433s] -- Up-to-date: /root/workspaces/ros2_ws/install/warehouse_worlds/share/warehouse_worlds//worlds/warehouse_logistics.sdf
[1.433s] -- Up-to-date: /root/workspaces/ros2_ws/install/warehouse_worlds/share/warehouse_worlds//worlds/warehouse_distribution.sdf
[1.433s] -- Up-to-date: /root/workspaces/ros2_ws/install/warehouse_worlds/share/warehouse_worlds//models
[1.433s] -- Up-to-date: /root/workspaces/ros2_ws/install/warehouse_worlds/share/warehouse_worlds//models/disk_part_ariac
[1.434s] -- Up-to-date: /root/workspaces/ros2_ws/install/warehouse_worlds/share/warehouse_worlds//models/disk_part_ariac/model.sdf
[1.493s] -- Up-to-date: /root/workspaces/ros2_ws/install/warehouse_worlds/share/warehouse_worlds//models/disk_part_ariac/model.config
[1.521s] -- Up-to-date: /root/workspaces/ros2_ws/install/warehouse_worlds/share/warehouse_worlds//models/disk_part_ariac/meshes
[1.521s] -- Up-to-date: /root/workspaces/ros2_ws/install/warehouse_worlds/share/warehouse_worlds//models/disk_part_ariac/meshes/disk.dae
[1.521s] -- Up-to-date: /root/workspaces/ros2_ws/install/warehouse_worlds/share/warehouse_worlds//models/pulley_part_ariac
[1.521s] -- Up-to-date: /root/workspaces/ros2_ws/install/warehouse_worlds/share/warehouse_worlds//models/pulley_part_ariac/model.sdf
[1.521s] -- Up-to-date: /root/workspaces/ros2_ws/install/warehouse_worlds/share/warehouse_worlds//models/pulley_part_ariac/model.config
[1.522s] -- Up-to-date: /root/workspaces/ros2_ws/install/warehouse_worlds/share/warehouse_worlds//models/pulley_part_ariac/meshes
[1.522s] -- Up-to-date: /root/workspaces/ros2_ws/install/warehouse_worlds/share/warehouse_worlds//models/pulley_part_ariac/meshes/pulley.dae
[1.522s] -- Up-to-date: /root/workspaces/ros2_ws/install/warehouse_worlds/share/warehouse_worlds//models/part2_ariac
[1.526s] -- Up-to-date: /root/workspaces/ros2_ws/install/warehouse_worlds/share/warehouse_worlds//models/part2_ariac/model.sdf
[1.530s] -- Up-to-date: /root/workspaces/ros2_ws/install/warehouse_worlds/share/warehouse_worlds//models/part2_ariac/model.config
[1.578s] -- Up-to-date: /root/workspaces/ros2_ws/install/warehouse_worlds/share/warehouse_worlds//models/gear_part_ariac
[1.601s] -- Up-to-date: /root/workspaces/ros2_ws/install/warehouse_worlds/share/warehouse_worlds//models/gear_part_ariac/model.sdf
[1.601s] -- Up-to-date: /root/workspaces/ros2_ws/install/warehouse_worlds/share/warehouse_worlds//models/gear_part_ariac/model.config
[1.601s] -- Up-to-date: /root/workspaces/ros2_ws/install/warehouse_worlds/share/warehouse_worlds//models/gear_part_ariac/meshes
[1.601s] -- Up-to-date: /root/workspaces/ros2_ws/install/warehouse_worlds/share/warehouse_worlds//models/gear_part_ariac/meshes/gear.dae
[1.602s] -- Up-to-date: /root/workspaces/ros2_ws/install/warehouse_worlds/share/warehouse_worlds//models/gasket_part_ariac
[1.605s] -- Up-to-date: /root/workspaces/ros2_ws/install/warehouse_worlds/share/warehouse_worlds//models/gasket_part_ariac/model.sdf
[1.625s] -- Up-to-date: /root/workspaces/ros2_ws/install/warehouse_worlds/share/warehouse_worlds//models/gasket_part_ariac/model.config
[1.625s] -- Up-to-date: /root/workspaces/ros2_ws/install/warehouse_worlds/share/warehouse_worlds//models/gasket_part_ariac/meshes
[1.625s] -- Up-to-date: /root/workspaces/ros2_ws/install/warehouse_worlds/share/warehouse_worlds//models/gasket_part_ariac/meshes/gasket.dae
[1.683s] -- Up-to-date: /root/workspaces/ros2_ws/install/warehouse_worlds/share/warehouse_worlds//models/Depot
[1.701s] -- Up-to-date: /root/workspaces/ros2_ws/install/warehouse_worlds/share/warehouse_worlds//models/Depot/model.sdf
[1.719s] -- Up-to-date: /root/workspaces/ros2_ws/install/warehouse_worlds/share/warehouse_worlds//models/Depot/materials
[1.778s] -- Up-to-date: /root/workspaces/ros2_ws/install/warehouse_worlds/share/warehouse_worlds//models/Depot/materials/scripts
[1.820s] -- Up-to-date: /root/workspaces/ros2_ws/install/warehouse_worlds/share/warehouse_worlds//models/Depot/materials/scripts/model.material
[1.878s] -- Up-to-date: /root/workspaces/ros2_ws/install/warehouse_worlds/share/warehouse_worlds//models/Depot/materials/textures
[1.878s] -- Up-to-date: /root/workspaces/ros2_ws/install/warehouse_worlds/share/warehouse_worlds//models/Depot/materials/textures/BOXSET_Normal.png
[1.899s] -- Up-to-date: /root/workspaces/ros2_ws/install/warehouse_worlds/share/warehouse_worlds//models/Depot/materials/textures/FLOOR_Metalness.png
[1.982s] -- Up-to-date: /root/workspaces/ros2_ws/install/warehouse_worlds/share/warehouse_worlds//models/Depot/materials/textures/FANS_Roughness.png
[1.982s] -- Up-to-date: /root/workspaces/ros2_ws/install/warehouse_worlds/share/warehouse_worlds//models/Depot/materials/textures/INTERCOM_Emissive.png
[2.013s] -- Up-to-date: /root/workspaces/ros2_ws/install/warehouse_worlds/share/warehouse_worlds//models/Depot/materials/textures/ROOF_Metalness.png
[2.070s] -- Up-to-date: /root/workspaces/ros2_ws/install/warehouse_worlds/share/warehouse_worlds//models/Depot/materials/textures/PILLERS_Albedo.png
[2.070s] -- Up-to-date: /root/workspaces/ros2_ws/install/warehouse_worlds/share/warehouse_worlds//models/Depot/materials/textures/STAIRS_Metalness.png
[2.074s] -- Up-to-date: /root/workspaces/ros2_ws/install/warehouse_worlds/share/warehouse_worlds//models/Depot/materials/textures/WALLS_Albedo.png
[2.085s] -- Up-to-date: /root/workspaces/ros2_ws/install/warehouse_worlds/share/warehouse_worlds//models/Depot/materials/textures/FireAlarm_Albedo.png
[2.113s] -- Up-to-date: /root/workspaces/ros2_ws/install/warehouse_worlds/share/warehouse_worlds//models/Depot/materials/textures/Forklift_Forklift_Normal.png
[2.193s] -- Up-to-date: /root/workspaces/ros2_ws/install/warehouse_worlds/share/warehouse_worlds//models/Depot/materials/textures/Window_WINDOW_Metallic.png
[2.214s] -- Up-to-date: /root/workspaces/ros2_ws/install/warehouse_worlds/share/warehouse_worlds//models/Depot/materials/textures/BOXSET_Emissive.png
[2.274s] -- Up-to-date: /root/workspaces/ros2_ws/install/warehouse_worlds/share/warehouse_worlds//models/Depot/materials/textures/Pipes_Normal.png
[2.287s] -- Up-to-date: /root/workspaces/ros2_ws/install/warehouse_worlds/share/warehouse_worlds//models/Depot/materials/textures/FireAlarmPole_Albedo.png
[2.319s] -- Up-to-date: /root/workspaces/ros2_ws/install/warehouse_worlds/share/warehouse_worlds//models/Depot/materials/textures/INTERCOM_Normal.png
[2.397s] -- Up-to-date: /root/workspaces/ros2_ws/install/warehouse_worlds/share/warehouse_worlds//models/Depot/materials/textures/FLOOR_Roughness.png
[2.418s] -- Up-to-date: /root/workspaces/ros2_ws/install/warehouse_worlds/share/warehouse_worlds//models/Depot/materials/textures/INTERCOM_Albedo.png
[2.490s] -- Up-to-date: /root/workspaces/ros2_ws/install/warehouse_worlds/share/warehouse_worlds//models/Depot/materials/textures/Pipes_Albedo.png
[2.527s] -- Up-to-date: /root/workspaces/ros2_ws/install/warehouse_worlds/share/warehouse_worlds//models/Depot/materials/textures/PILLERS_Normal.png
[2.589s] -- Up-to-date: /root/workspaces/ros2_ws/install/warehouse_worlds/share/warehouse_worlds//models/Depot/materials/textures/STAIRS_Roughness.png
[2.637s] -- Up-to-date: /root/workspaces/ros2_ws/install/warehouse_worlds/share/warehouse_worlds//models/Depot/materials/textures/FANS_Metalness.png
[2.707s] -- Up-to-date: /root/workspaces/ros2_ws/install/warehouse_worlds/share/warehouse_worlds//models/Depot/materials/textures/ROOF_Roughness.png
[2.720s] -- Up-to-date: /root/workspaces/ros2_ws/install/warehouse_worlds/share/warehouse_worlds//models/Depot/materials/textures/FireAlarm_Normal.png
[2.720s] -- Up-to-date: /root/workspaces/ros2_ws/install/warehouse_worlds/share/warehouse_worlds//models/Depot/materials/textures/WALLS_Normal.png
[2.786s] -- Up-to-date: /root/workspaces/ros2_ws/install/warehouse_worlds/share/warehouse_worlds//models/Depot/materials/textures/BOXSET_Albedo.png
[2.806s] -- Up-to-date: /root/workspaces/ros2_ws/install/warehouse_worlds/share/warehouse_worlds//models/Depot/materials/textures/Crates_Crates_Normal.png
[2.870s] -- Up-to-date: /root/workspaces/ros2_ws/install/warehouse_worlds/share/warehouse_worlds//models/Depot/materials/textures/Forklift_Forklift_Metallic.png
[2.887s] -- Up-to-date: /root/workspaces/ros2_ws/install/warehouse_worlds/share/warehouse_worlds//models/Depot/materials/textures/FireAlarmPole_Normal.png
[2.911s] -- Up-to-date: /root/workspaces/ros2_ws/install/warehouse_worlds/share/warehouse_worlds//models/Depot/materials/textures/FireAlarmPole_Metalness.png
[2.911s] -- Up-to-date: /root/workspaces/ros2_ws/install/warehouse_worlds/share/warehouse_worlds//models/Depot/materials/textures/Forklift_Forklift_Roughness.png
[2.911s] -- Up-to-date: /root/workspaces/ros2_ws/install/warehouse_worlds/share/warehouse_worlds//models/Depot/materials/textures/STAIRS_Normal.png
[2.915s] -- Up-to-date: /root/workspaces/ros2_ws/install/warehouse_worlds/share/warehouse_worlds//models/Depot/materials/textures/ROOF_Normal.png
[2.969s] -- Up-to-date: /root/workspaces/ros2_ws/install/warehouse_worlds/share/warehouse_worlds//models/Depot/materials/textures/FANS_Albedo.png
[2.970s] -- Up-to-date: /root/workspaces/ros2_ws/install/warehouse_worlds/share/warehouse_worlds//models/Depot/materials/textures/FireAlarm_Metalness.png
[2.988s] -- Up-to-date: /root/workspaces/ros2_ws/install/warehouse_worlds/share/warehouse_worlds//models/Depot/materials/textures/Pipes_Roughness.png
[3.011s] -- Up-to-date: /root/workspaces/ros2_ws/install/warehouse_worlds/share/warehouse_worlds//models/Depot/materials/textures/INTERCOM_Roughness.png
[3.012s] -- Up-to-date: /root/workspaces/ros2_ws/install/warehouse_worlds/share/warehouse_worlds//models/Depot/materials/textures/WALLS_Metalness.png
[3.026s] -- Up-to-date: /root/workspaces/ros2_ws/install/warehouse_worlds/share/warehouse_worlds//models/Depot/materials/textures/PILLERS_Metalness.png
[3.099s] -- Up-to-date: /root/workspaces/ros2_ws/install/warehouse_worlds/share/warehouse_worlds//models/Depot/materials/textures/DepotLightmap.png
[3.103s] -- Up-to-date: /root/workspaces/ros2_ws/install/warehouse_worlds/share/warehouse_worlds//models/Depot/materials/textures/BOXSET_Roughness.png
[3.106s] -- Up-to-date: /root/workspaces/ros2_ws/install/warehouse_worlds/share/warehouse_worlds//models/Depot/materials/textures/ROOF_Emissive.png
[3.187s] -- Up-to-date: /root/workspaces/ros2_ws/install/warehouse_worlds/share/warehouse_worlds//models/Depot/materials/textures/Forklift_Forklift_BaseColor.png
[3.200s] -- Up-to-date: /root/workspaces/ros2_ws/install/warehouse_worlds/share/warehouse_worlds//models/Depot/materials/textures/FLOOR_Normal.png
[3.204s] -- Up-to-date: /root/workspaces/ros2_ws/install/warehouse_worlds/share/warehouse_worlds//models/Depot/materials/textures/WALLS_Roughness.png
[3.204s] -- Up-to-date: /root/workspaces/ros2_ws/install/warehouse_worlds/share/warehouse_worlds//models/Depot/materials/textures/FireAlarm_Roughness.png
[3.227s] -- Up-to-date: /root/workspaces/ros2_ws/install/warehouse_worlds/share/warehouse_worlds//models/Depot/materials/textures/BOXSET_Metalness.png
[3.227s] -- Up-to-date: /root/workspaces/ros2_ws/install/warehouse_worlds/share/warehouse_worlds//models/Depot/materials/textures/FANS_Normal.png
[3.309s] -- Up-to-date: /root/workspaces/ros2_ws/install/warehouse_worlds/share/warehouse_worlds//models/Depot/materials/textures/FireAlarmPole_Roughness.png
[3.327s] -- Up-to-date: /root/workspaces/ros2_ws/install/warehouse_worlds/share/warehouse_worlds//models/Depot/materials/textures/Crates_Crates_Roughness.png
[3.388s] -- Up-to-date: /root/workspaces/ros2_ws/install/warehouse_worlds/share/warehouse_worlds//models/Depot/materials/textures/Window_WINDOW_BaseColor.png
[3.392s] -- Up-to-date: /root/workspaces/ros2_ws/install/warehouse_worlds/share/warehouse_worlds//models/Depot/materials/textures/PILLERS_Roughness.png
[3.408s] -- Up-to-date: /root/workspaces/ros2_ws/install/warehouse_worlds/share/warehouse_worlds//models/Depot/materials/textures/FLOOR_Albedo.png
[3.428s] -- Up-to-date: /root/workspaces/ros2_ws/install/warehouse_worlds/share/warehouse_worlds//models/Depot/materials/textures/FanBack_FanBack_BaseColor.png
[3.429s] -- Up-to-date: /root/workspaces/ros2_ws/install/warehouse_worlds/share/warehouse_worlds//models/Depot/materials/textures/ROOF_Albedo.png
[3.429s] -- Up-to-date: /root/workspaces/ros2_ws/install/warehouse_worlds/share/warehouse_worlds//models/Depot/materials/textures/STAIRS_Albedo.png
[3.429s] -- Up-to-date: /root/workspaces/ros2_ws/install/warehouse_worlds/share/warehouse_worlds//models/Depot/materials/textures/INTERCOM_Metalness.png
[3.429s] -- Up-to-date: /root/workspaces/ros2_ws/install/warehouse_worlds/share/warehouse_worlds//models/Depot/materials/textures/Window_WINDOW_Roughness.png
[3.429s] -- Up-to-date: /root/workspaces/ros2_ws/install/warehouse_worlds/share/warehouse_worlds//models/Depot/materials/textures/Crates_Crates_BaseColor.png
[3.429s] -- Up-to-date: /root/workspaces/ros2_ws/install/warehouse_worlds/share/warehouse_worlds//models/Depot/materials/textures/Pipes_Metalness.png
[3.429s] -- Up-to-date: /root/workspaces/ros2_ws/install/warehouse_worlds/share/warehouse_worlds//models/Depot/model.config
[3.523s] -- Up-to-date: /root/workspaces/ros2_ws/install/warehouse_worlds/share/warehouse_worlds//models/Depot/meshes
[3.576s] -- Up-to-date: /root/workspaces/ros2_ws/install/warehouse_worlds/share/warehouse_worlds//models/Depot/meshes/Depot.dae
[3.581s] -- Up-to-date: /root/workspaces/ros2_ws/install/warehouse_worlds/share/warehouse_worlds//models/Depot/meshes/Crates.dae
[3.597s] -- Up-to-date: /root/workspaces/ros2_ws/install/warehouse_worlds/share/warehouse_worlds//models/Depot/thumbnails
[3.602s] -- Up-to-date: /root/workspaces/ros2_ws/install/warehouse_worlds/share/warehouse_worlds//models/Depot/thumbnails/5.png
[3.609s] -- Up-to-date: /root/workspaces/ros2_ws/install/warehouse_worlds/share/warehouse_worlds//models/Depot/thumbnails/1.png
[3.677s] -- Up-to-date: /root/workspaces/ros2_ws/install/warehouse_worlds/share/warehouse_worlds//models/Depot/thumbnails/3.png
[3.713s] -- Up-to-date: /root/workspaces/ros2_ws/install/warehouse_worlds/share/warehouse_worlds//models/Depot/thumbnails/2.png
[3.724s] -- Up-to-date: /root/workspaces/ros2_ws/install/warehouse_worlds/share/warehouse_worlds//models/Depot/thumbnails/0.png
[3.797s] -- Up-to-date: /root/workspaces/ros2_ws/install/warehouse_worlds/share/warehouse_worlds//models/Depot/thumbnails/4.png
[3.870s] -- Up-to-date: /root/workspaces/ros2_ws/install/warehouse_worlds/share/warehouse_worlds//models/shipping_container_short_ariac
[3.906s] -- Up-to-date: /root/workspaces/ros2_ws/install/warehouse_worlds/share/warehouse_worlds//models/shipping_container_short_ariac/model.sdf
[3.918s] -- Up-to-date: /root/workspaces/ros2_ws/install/warehouse_worlds/share/warehouse_worlds//models/shipping_container_short_ariac/materials
[3.986s] -- Up-to-date: /root/workspaces/ros2_ws/install/warehouse_worlds/share/warehouse_worlds//models/shipping_container_short_ariac/materials/textures
[4.024s] -- Up-to-date: /root/workspaces/ros2_ws/install/warehouse_worlds/share/warehouse_worlds//models/shipping_container_short_ariac/materials/textures/ShippingContainer.png
[4.092s] -- Up-to-date: /root/workspaces/ros2_ws/install/warehouse_worlds/share/warehouse_worlds//models/shipping_container_short_ariac/model.config
[4.170s] -- Up-to-date: /root/workspaces/ros2_ws/install/warehouse_worlds/share/warehouse_worlds//models/shipping_container_short_ariac/meshes
[4.193s] -- Up-to-date: /root/workspaces/ros2_ws/install/warehouse_worlds/share/warehouse_worlds//models/shipping_container_short_ariac/meshes/ShippingContainer_Textured.mtl
[4.292s] -- Up-to-date: /root/workspaces/ros2_ws/install/warehouse_worlds/share/warehouse_worlds//models/shipping_container_short_ariac/meshes/ShippingContainer_Textured.obj
[4.318s] -- Up-to-date: /root/workspaces/ros2_ws/install/warehouse_worlds/share/warehouse_worlds//models/part4_ariac
[4.378s] -- Up-to-date: /root/workspaces/ros2_ws/install/warehouse_worlds/share/warehouse_worlds//models/part4_ariac/model.sdf
[4.379s] -- Up-to-date: /root/workspaces/ros2_ws/install/warehouse_worlds/share/warehouse_worlds//models/part4_ariac/model.config
[4.399s] -- Up-to-date: /root/workspaces/ros2_ws/install/warehouse_worlds/share/warehouse_worlds//models/kit_tray_ariac
[4.413s] -- Up-to-date: /root/workspaces/ros2_ws/install/warehouse_worlds/share/warehouse_worlds//models/kit_tray_ariac/model.sdf
[4.414s] -- Up-to-date: /root/workspaces/ros2_ws/install/warehouse_worlds/share/warehouse_worlds//models/kit_tray_ariac/model.config
[4.414s] -- Up-to-date: /root/workspaces/ros2_ws/install/warehouse_worlds/share/warehouse_worlds//models/piston_rod_part_ariac
[4.414s] -- Up-to-date: /root/workspaces/ros2_ws/install/warehouse_worlds/share/warehouse_worlds//models/piston_rod_part_ariac/model.sdf
[4.414s] -- Up-to-date: /root/workspaces/ros2_ws/install/warehouse_worlds/share/warehouse_worlds//models/piston_rod_part_ariac/model.config
[4.414s] -- Up-to-date: /root/workspaces/ros2_ws/install/warehouse_worlds/share/warehouse_worlds//models/piston_rod_part_ariac/meshes
[4.414s] -- Up-to-date: /root/workspaces/ros2_ws/install/warehouse_worlds/share/warehouse_worlds//models/piston_rod_part_ariac/meshes/piston_rod.dae
[4.414s] -- Up-to-date: /root/workspaces/ros2_ws/install/warehouse_worlds/share/warehouse_worlds//models/closed_box_ariac
[4.414s] -- Up-to-date: /root/workspaces/ros2_ws/install/warehouse_worlds/share/warehouse_worlds//models/closed_box_ariac/model.sdf
[4.414s] -- Up-to-date: /root/workspaces/ros2_ws/install/warehouse_worlds/share/warehouse_worlds//models/closed_box_ariac/materials
[4.414s] -- Up-to-date: /root/workspaces/ros2_ws/install/warehouse_worlds/share/warehouse_worlds//models/closed_box_ariac/materials/textures
[4.414s] -- Up-to-date: /root/workspaces/ros2_ws/install/warehouse_worlds/share/warehouse_worlds//models/closed_box_ariac/materials/textures/closed_box.png
[4.414s] -- Up-to-date: /root/workspaces/ros2_ws/install/warehouse_worlds/share/warehouse_worlds//models/closed_box_ariac/model.config
[4.414s] -- Up-to-date: /root/workspaces/ros2_ws/install/warehouse_worlds/share/warehouse_worlds//models/closed_box_ariac/meshes
[4.414s] -- Up-to-date: /root/workspaces/ros2_ws/install/warehouse_worlds/share/warehouse_worlds//models/closed_box_ariac/meshes/closed_box.mtl
[4.415s] -- Up-to-date: /root/workspaces/ros2_ws/install/warehouse_worlds/share/warehouse_worlds//models/closed_box_ariac/meshes/closed_box.obj
[4.415s] -- Up-to-date: /root/workspaces/ros2_ws/install/warehouse_worlds/share/warehouse_worlds//models/etgah_logo
[4.415s] -- Up-to-date: /root/workspaces/ros2_ws/install/warehouse_worlds/share/warehouse_worlds//models/etgah_logo/model.sdf
[4.415s] -- Up-to-date: /root/workspaces/ros2_ws/install/warehouse_worlds/share/warehouse_worlds//models/etgah_logo/materials
[4.415s] -- Up-to-date: /root/workspaces/ros2_ws/install/warehouse_worlds/share/warehouse_worlds//models/etgah_logo/materials/textures
[4.415s] -- Up-to-date: /root/workspaces/ros2_ws/install/warehouse_worlds/share/warehouse_worlds//models/etgah_logo/materials/textures/logo.png
[4.415s] -- Up-to-date: /root/workspaces/ros2_ws/install/warehouse_worlds/share/warehouse_worlds//models/etgah_logo/model.config
[4.415s] -- Up-to-date: /root/workspaces/ros2_ws/install/warehouse_worlds/share/warehouse_worlds//models/open_box_ariac
[4.415s] -- Up-to-date: /root/workspaces/ros2_ws/install/warehouse_worlds/share/warehouse_worlds//models/open_box_ariac/model.sdf
[4.415s] -- Up-to-date: /root/workspaces/ros2_ws/install/warehouse_worlds/share/warehouse_worlds//models/open_box_ariac/materials
[4.415s] -- Up-to-date: /root/workspaces/ros2_ws/install/warehouse_worlds/share/warehouse_worlds//models/open_box_ariac/materials/textures
[4.415s] -- Up-to-date: /root/workspaces/ros2_ws/install/warehouse_worlds/share/warehouse_worlds//models/open_box_ariac/materials/textures/open_box.png
[4.415s] -- Up-to-date: /root/workspaces/ros2_ws/install/warehouse_worlds/share/warehouse_worlds//models/open_box_ariac/model.config
[4.415s] -- Up-to-date: /root/workspaces/ros2_ws/install/warehouse_worlds/share/warehouse_worlds//models/open_box_ariac/meshes
[4.415s] -- Up-to-date: /root/workspaces/ros2_ws/install/warehouse_worlds/share/warehouse_worlds//models/open_box_ariac/meshes/open_box.mtl
[4.415s] -- Up-to-date: /root/workspaces/ros2_ws/install/warehouse_worlds/share/warehouse_worlds//models/open_box_ariac/meshes/open_box.obj
[4.415s] -- Up-to-date: /root/workspaces/ros2_ws/install/warehouse_worlds/share/warehouse_worlds//models/part3_ariac
[4.415s] -- Up-to-date: /root/workspaces/ros2_ws/install/warehouse_worlds/share/warehouse_worlds//models/part3_ariac/model.sdf
[4.415s] -- Up-to-date: /root/workspaces/ros2_ws/install/warehouse_worlds/share/warehouse_worlds//models/part3_ariac/model.config
[4.416s] -- Up-to-date: /root/workspaces/ros2_ws/install/warehouse_worlds/share/warehouse_worlds//models/arm_part_ariac
[4.416s] -- Up-to-date: /root/workspaces/ros2_ws/install/warehouse_worlds/share/warehouse_worlds//models/arm_part_ariac/model.sdf
[4.416s] -- Up-to-date: /root/workspaces/ros2_ws/install/warehouse_worlds/share/warehouse_worlds//models/arm_part_ariac/materials
[4.416s] -- Up-to-date: /root/workspaces/ros2_ws/install/warehouse_worlds/share/warehouse_worlds//models/arm_part_ariac/materials/scripts
[4.416s] -- Up-to-date: /root/workspaces/ros2_ws/install/warehouse_worlds/share/warehouse_worlds//models/arm_part_ariac/materials/scripts/arm_part.material
[4.416s] -- Up-to-date: /root/workspaces/ros2_ws/install/warehouse_worlds/share/warehouse_worlds//models/arm_part_ariac/materials/textures
[4.416s] -- Up-to-date: /root/workspaces/ros2_ws/install/warehouse_worlds/share/warehouse_worlds//models/arm_part_ariac/materials/textures/parts.png
[4.416s] -- Up-to-date: /root/workspaces/ros2_ws/install/warehouse_worlds/share/warehouse_worlds//models/arm_part_ariac/model.config
[4.416s] -- Up-to-date: /root/workspaces/ros2_ws/install/warehouse_worlds/share/warehouse_worlds//models/arm_part_ariac/meshes
[4.416s] -- Up-to-date: /root/workspaces/ros2_ws/install/warehouse_worlds/share/warehouse_worlds//models/arm_part_ariac/meshes/arm.dae
[4.416s] -- Up-to-date: /root/workspaces/ros2_ws/install/warehouse_worlds/share/warehouse_worlds//models/shipping_container_ariac
[4.416s] -- Up-to-date: /root/workspaces/ros2_ws/install/warehouse_worlds/share/warehouse_worlds//models/shipping_container_ariac/model.sdf
[4.416s] -- Up-to-date: /root/workspaces/ros2_ws/install/warehouse_worlds/share/warehouse_worlds//models/shipping_container_ariac/materials
[4.416s] -- Up-to-date: /root/workspaces/ros2_ws/install/warehouse_worlds/share/warehouse_worlds//models/shipping_container_ariac/materials/textures
[4.416s] -- Up-to-date: /root/workspaces/ros2_ws/install/warehouse_worlds/share/warehouse_worlds//models/shipping_container_ariac/materials/textures/ShippingContainer.png
[4.416s] -- Up-to-date: /root/workspaces/ros2_ws/install/warehouse_worlds/share/warehouse_worlds//models/shipping_container_ariac/model.config
[4.416s] -- Up-to-date: /root/workspaces/ros2_ws/install/warehouse_worlds/share/warehouse_worlds//models/shipping_container_ariac/meshes
[4.416s] -- Up-to-date: /root/workspaces/ros2_ws/install/warehouse_worlds/share/warehouse_worlds//models/shipping_container_ariac/meshes/ShippingContainer_Textured.mtl
[4.416s] -- Up-to-date: /root/workspaces/ros2_ws/install/warehouse_worlds/share/warehouse_worlds//models/shipping_container_ariac/meshes/ShippingContainer_Textured.obj
[4.416s] -- Up-to-date: /root/workspaces/ros2_ws/install/warehouse_worlds/share/warehouse_worlds//models/workcell
[4.416s] -- Up-to-date: /root/workspaces/ros2_ws/install/warehouse_worlds/share/warehouse_worlds//models/workcell/model.sdf
[4.416s] -- Up-to-date: /root/workspaces/ros2_ws/install/warehouse_worlds/share/warehouse_worlds//models/workcell/materials
[4.417s] -- Up-to-date: /root/workspaces/ros2_ws/install/warehouse_worlds/share/warehouse_worlds//models/workcell/materials/textures
[4.417s] -- Up-to-date: /root/workspaces/ros2_ws/install/warehouse_worlds/share/warehouse_worlds//models/workcell/materials/textures/Mesh.png
[4.417s] -- Up-to-date: /root/workspaces/ros2_ws/install/warehouse_worlds/share/warehouse_worlds//models/workcell/materials/textures/Conveyor.png
[4.417s] -- Up-to-date: /root/workspaces/ros2_ws/install/warehouse_worlds/share/warehouse_worlds//models/workcell/materials/textures/ControlPanel.png
[4.417s] -- Up-to-date: /root/workspaces/ros2_ws/install/warehouse_worlds/share/warehouse_worlds//models/workcell/materials/textures/Bin.png
[4.417s] -- Up-to-date: /root/workspaces/ros2_ws/install/warehouse_worlds/share/warehouse_worlds//models/workcell/materials/textures/Wall_Corrugated.png
[4.417s] -- Up-to-date: /root/workspaces/ros2_ws/install/warehouse_worlds/share/warehouse_worlds//models/workcell/materials/textures/CardboardBoxes.png
[4.417s] -- Up-to-date: /root/workspaces/ros2_ws/install/warehouse_worlds/share/warehouse_worlds//models/workcell/materials/textures/Door_Window.png
[4.417s] -- Up-to-date: /root/workspaces/ros2_ws/install/warehouse_worlds/share/warehouse_worlds//models/workcell/materials/textures/Plywood.png
[4.417s] -- Up-to-date: /root/workspaces/ros2_ws/install/warehouse_worlds/share/warehouse_worlds//models/workcell/materials/textures/Stairs.png
[4.417s] -- Up-to-date: /root/workspaces/ros2_ws/install/warehouse_worlds/share/warehouse_worlds//models/workcell/materials/textures/RollupDoor.png
[4.417s] -- Up-to-date: /root/workspaces/ros2_ws/install/warehouse_worlds/share/warehouse_worlds//models/workcell/materials/textures/Floor.png
[4.417s] -- Up-to-date: /root/workspaces/ros2_ws/install/warehouse_worlds/share/warehouse_worlds//models/workcell/materials/textures/Pallet.png
[4.417s] -- Up-to-date: /root/workspaces/ros2_ws/install/warehouse_worlds/share/warehouse_worlds//models/workcell/materials/textures/WorkCell_Render.png
[4.417s] -- Up-to-date: /root/workspaces/ros2_ws/install/warehouse_worlds/share/warehouse_worlds//models/workcell/materials/textures/Wall_Concrete.png
[4.417s] -- Up-to-date: /root/workspaces/ros2_ws/install/warehouse_worlds/share/warehouse_worlds//models/workcell/materials/textures/Shelves.png
[4.417s] -- Up-to-date: /root/workspaces/ros2_ws/install/warehouse_worlds/share/warehouse_worlds//models/workcell/materials/textures/Pillar.png
[4.417s] -- Up-to-date: /root/workspaces/ros2_ws/install/warehouse_worlds/share/warehouse_worlds//models/workcell/materials/textures/RubberMat.png
[4.417s] -- Up-to-date: /root/workspaces/ros2_ws/install/warehouse_worlds/share/warehouse_worlds//models/workcell/materials/textures/Yellow.png
[4.417s] -- Up-to-date: /root/workspaces/ros2_ws/install/warehouse_worlds/share/warehouse_worlds//models/workcell/materials/textures/PalletWrap.png
[4.417s] -- Up-to-date: /root/workspaces/ros2_ws/install/warehouse_worlds/share/warehouse_worlds//models/workcell/model.config
[4.418s] -- Up-to-date: /root/workspaces/ros2_ws/install/warehouse_worlds/share/warehouse_worlds//models/workcell/meshes
[4.418s] -- Up-to-date: /root/workspaces/ros2_ws/install/warehouse_worlds/share/warehouse_worlds//models/workcell/meshes/mesh.dae
[4.418s] -- Up-to-date: /root/workspaces/ros2_ws/install/warehouse_worlds/share/warehouse_worlds//models/shipping_container_conveyor_tall_ariac
[4.418s] -- Up-to-date: /root/workspaces/ros2_ws/install/warehouse_worlds/share/warehouse_worlds//models/shipping_container_conveyor_tall_ariac/model.sdf
[4.418s] -- Up-to-date: /root/workspaces/ros2_ws/install/warehouse_worlds/share/warehouse_worlds//models/shipping_container_conveyor_tall_ariac/materials
[4.418s] -- Up-to-date: /root/workspaces/ros2_ws/install/warehouse_worlds/share/warehouse_worlds//models/shipping_container_conveyor_tall_ariac/materials/textures
[4.418s] -- Up-to-date: /root/workspaces/ros2_ws/install/warehouse_worlds/share/warehouse_worlds//models/shipping_container_conveyor_tall_ariac/materials/textures/ShippingContainer.png
[4.418s] -- Up-to-date: /root/workspaces/ros2_ws/install/warehouse_worlds/share/warehouse_worlds//models/shipping_container_conveyor_tall_ariac/model.config
[4.418s] -- Up-to-date: /root/workspaces/ros2_ws/install/warehouse_worlds/share/warehouse_worlds//models/shipping_container_conveyor_tall_ariac/meshes
[4.418s] -- Up-to-date: /root/workspaces/ros2_ws/install/warehouse_worlds/share/warehouse_worlds//models/shipping_container_conveyor_tall_ariac/meshes/ShippingContainer_Textured.mtl
[4.494s] -- Up-to-date: /root/workspaces/ros2_ws/install/warehouse_worlds/share/warehouse_worlds//models/shipping_container_conveyor_tall_ariac/meshes/ShippingContainer_Textured.obj
[4.495s] -- Up-to-date: /root/workspaces/ros2_ws/install/warehouse_worlds/share/warehouse_worlds//models/yellow_bin_ariac
[4.511s] -- Up-to-date: /root/workspaces/ros2_ws/install/warehouse_worlds/share/warehouse_worlds//models/yellow_bin_ariac/model.sdf
[4.515s] -- Up-to-date: /root/workspaces/ros2_ws/install/warehouse_worlds/share/warehouse_worlds//models/yellow_bin_ariac/materials
[4.515s] -- Up-to-date: /root/workspaces/ros2_ws/install/warehouse_worlds/share/warehouse_worlds//models/yellow_bin_ariac/materials/textures
[4.515s] -- Up-to-date: /root/workspaces/ros2_ws/install/warehouse_worlds/share/warehouse_worlds//models/yellow_bin_ariac/materials/textures/yellow_bin.png
[4.516s] -- Up-to-date: /root/workspaces/ros2_ws/install/warehouse_worlds/share/warehouse_worlds//models/yellow_bin_ariac/model.config
[4.516s] -- Up-to-date: /root/workspaces/ros2_ws/install/warehouse_worlds/share/warehouse_worlds//models/yellow_bin_ariac/meshes
[4.516s] -- Up-to-date: /root/workspaces/ros2_ws/install/warehouse_worlds/share/warehouse_worlds//models/yellow_bin_ariac/meshes/yellow_bin.obj
[4.516s] -- Up-to-date: /root/workspaces/ros2_ws/install/warehouse_worlds/share/warehouse_worlds//models/yellow_bin_ariac/meshes/yellow_bin.mtl
[4.516s] -- Up-to-date: /root/workspaces/ros2_ws/install/warehouse_worlds/share/warehouse_worlds//models/workcell_bin
[4.516s] -- Up-to-date: /root/workspaces/ros2_ws/install/warehouse_worlds/share/warehouse_worlds//models/workcell_bin/model.sdf
[4.516s] -- Up-to-date: /root/workspaces/ros2_ws/install/warehouse_worlds/share/warehouse_worlds//models/workcell_bin/materials
[4.516s] -- Up-to-date: /root/workspaces/ros2_ws/install/warehouse_worlds/share/warehouse_worlds//models/workcell_bin/materials/textures
[4.516s] -- Up-to-date: /root/workspaces/ros2_ws/install/warehouse_worlds/share/warehouse_worlds//models/workcell_bin/materials/textures/bin.png
[4.516s] -- Up-to-date: /root/workspaces/ros2_ws/install/warehouse_worlds/share/warehouse_worlds//models/workcell_bin/model.config
[4.516s] -- Up-to-date: /root/workspaces/ros2_ws/install/warehouse_worlds/share/warehouse_worlds//models/workcell_bin/meshes
[4.516s] -- Up-to-date: /root/workspaces/ros2_ws/install/warehouse_worlds/share/warehouse_worlds//models/workcell_bin/meshes/bin.dae
[4.516s] -- Up-to-date: /root/workspaces/ros2_ws/install/warehouse_worlds/share/warehouse_worlds//models/shipping_container_conveyor_ariac
[4.516s] -- Up-to-date: /root/workspaces/ros2_ws/install/warehouse_worlds/share/warehouse_worlds//models/shipping_container_conveyor_ariac/model.sdf
[4.516s] -- Up-to-date: /root/workspaces/ros2_ws/install/warehouse_worlds/share/warehouse_worlds//models/shipping_container_conveyor_ariac/materials
[4.516s] -- Up-to-date: /root/workspaces/ros2_ws/install/warehouse_worlds/share/warehouse_worlds//models/shipping_container_conveyor_ariac/materials/textures
[4.516s] -- Up-to-date: /root/workspaces/ros2_ws/install/warehouse_worlds/share/warehouse_worlds//models/shipping_container_conveyor_ariac/materials/textures/ShippingContainer.png
[4.606s] -- Up-to-date: /root/workspaces/ros2_ws/install/warehouse_worlds/share/warehouse_worlds//models/shipping_container_conveyor_ariac/model.config
[4.618s] -- Up-to-date: /root/workspaces/ros2_ws/install/warehouse_worlds/share/warehouse_worlds//models/shipping_container_conveyor_ariac/meshes
[4.623s] -- Up-to-date: /root/workspaces/ros2_ws/install/warehouse_worlds/share/warehouse_worlds//models/shipping_container_conveyor_ariac/meshes/ShippingContainer_Textured.mtl
[4.678s] -- Up-to-date: /root/workspaces/ros2_ws/install/warehouse_worlds/share/warehouse_worlds//models/shipping_container_conveyor_ariac/meshes/ShippingContainer_Textured.obj
[4.700s] -- Up-to-date: /root/workspaces/ros2_ws/install/warehouse_worlds/share/warehouse_worlds//models/warehouse_robot_ariac
[4.719s] -- Up-to-date: /root/workspaces/ros2_ws/install/warehouse_worlds/share/warehouse_worlds//models/warehouse_robot_ariac/model.sdf
[4.719s] -- Up-to-date: /root/workspaces/ros2_ws/install/warehouse_worlds/share/warehouse_worlds//models/warehouse_robot_ariac/materials
[4.719s] -- Up-to-date: /root/workspaces/ros2_ws/install/warehouse_worlds/share/warehouse_worlds//models/warehouse_robot_ariac/materials/textures
[4.724s] -- Up-to-date: /root/workspaces/ros2_ws/install/warehouse_worlds/share/warehouse_worlds//models/warehouse_robot_ariac/materials/textures/robot.png
[4.788s] -- Up-to-date: /root/workspaces/ros2_ws/install/warehouse_worlds/share/warehouse_worlds//models/warehouse_robot_ariac/model.config
[4.788s] -- Up-to-date: /root/workspaces/ros2_ws/install/warehouse_worlds/share/warehouse_worlds//models/warehouse_robot_ariac/meshes
[4.788s] -- Up-to-date: /root/workspaces/ros2_ws/install/warehouse_worlds/share/warehouse_worlds//models/warehouse_robot_ariac/meshes/robot.dae
[4.788s] -- Up-to-date: /root/workspaces/ros2_ws/install/warehouse_worlds/share/warehouse_worlds//models/part1_ariac
[4.788s] -- Up-to-date: /root/workspaces/ros2_ws/install/warehouse_worlds/share/warehouse_worlds//models/part1_ariac/model.sdf
[4.788s] -- Up-to-date: /root/workspaces/ros2_ws/install/warehouse_worlds/share/warehouse_worlds//models/part1_ariac/model.config
[4.788s] -- Up-to-date: /root/workspaces/ros2_ws/install/warehouse_worlds/share/ament_index/resource_index/package_run_dependencies/warehouse_worlds
[4.788s] -- Up-to-date: /root/workspaces/ros2_ws/install/warehouse_worlds/share/ament_index/resource_index/parent_prefix_path/warehouse_worlds
[4.788s] -- Up-to-date: /root/workspaces/ros2_ws/install/warehouse_worlds/share/warehouse_worlds/environment/ament_prefix_path.sh
[4.789s] -- Up-to-date: /root/workspaces/ros2_ws/install/warehouse_worlds/share/warehouse_worlds/environment/ament_prefix_path.dsv
[4.789s] -- Up-to-date: /root/workspaces/ros2_ws/install/warehouse_worlds/share/warehouse_worlds/environment/path.sh
[4.789s] -- Up-to-date: /root/workspaces/ros2_ws/install/warehouse_worlds/share/warehouse_worlds/environment/path.dsv
[4.789s] -- Up-to-date: /root/workspaces/ros2_ws/install/warehouse_worlds/share/warehouse_worlds/local_setup.bash
[4.789s] -- Up-to-date: /root/workspaces/ros2_ws/install/warehouse_worlds/share/warehouse_worlds/local_setup.sh
[4.789s] -- Up-to-date: /root/workspaces/ros2_ws/install/warehouse_worlds/share/warehouse_worlds/local_setup.zsh
[4.789s] -- Up-to-date: /root/workspaces/ros2_ws/install/warehouse_worlds/share/warehouse_worlds/local_setup.dsv
[4.789s] -- Installing: /root/workspaces/ros2_ws/install/warehouse_worlds/share/warehouse_worlds/package.dsv
[4.789s] -- Up-to-date: /root/workspaces/ros2_ws/install/warehouse_worlds/share/ament_index/resource_index/packages/warehouse_worlds
[4.789s] -- Up-to-date: /root/workspaces/ros2_ws/install/warehouse_worlds/share/warehouse_worlds/cmake/warehouse_worldsConfig.cmake
[4.789s] -- Up-to-date: /root/workspaces/ros2_ws/install/warehouse_worlds/share/warehouse_worlds/cmake/warehouse_worldsConfig-version.cmake
[4.789s] -- Up-to-date: /root/workspaces/ros2_ws/install/warehouse_worlds/share/warehouse_worlds/package.xml
[4.789s] Invoked command in '/root/workspaces/ros2_ws/build/warehouse_worlds' returned '0': CMAKE_PREFIX_PATH=${CMAKE_PREFIX_PATH}:/root/workspaces/ros2_ws/install/human_detector:/root/workspaces/ros2_ws/install/ffw_teleop:/root/workspaces/ros2_ws/install/ffw_bringup:/opt/ros/jazzy /usr/bin/cmake --install /root/workspaces/ros2_ws/build/warehouse_worlds
