[0.313s] Invoking command in '/root/workspaces/ros2_ws/build/warehouse_world': CMAKE_PREFIX_PATH=${CMAKE_PREFIX_PATH}:/root/workspaces/ros2_ws/install/human_detector:/root/workspaces/ros2_ws/install/ffw_teleop:/root/workspaces/ros2_ws/install/ffw_bringup:/opt/ros/jazzy /usr/bin/cmake /root/workspaces/ros2_ws/src/ai-worker-sim/warehouse_world -DCMAKE_INSTALL_PREFIX=/root/workspaces/ros2_ws/install/warehouse_world
[0.892s] -- The C compiler identification is GNU 13.3.0
[1.304s] -- The CXX compiler identification is GNU 13.3.0
[1.414s] -- Detecting C compiler ABI info
[2.716s] -- Detecting C compiler ABI info - done
[2.772s] -- Check for working C compiler: /usr/bin/cc - skipped
[2.786s] -- Detecting C compile features
[2.804s] -- Detecting C compile features - done
[2.882s] -- Detecting CXX compiler ABI info
[4.293s] -- Detecting CXX compiler ABI info - done
[4.309s] -- Check for working CXX compiler: /usr/bin/c++ - skipped
[4.328s] -- Detecting CXX compile features
[4.388s] -- Detecting CXX compile features - done
[4.589s] -- Found ament_cmake: 2.5.6 (/opt/ros/jazzy/share/ament_cmake/cmake)
[5.424s] -- Found Python3: /usr/bin/python3 (found version "3.12.3") found components: Interpreter 
[7.707s] -- Found ament_lint_auto: 0.17.5 (/opt/ros/jazzy/share/ament_lint_auto/cmake)
[9.317s] -- Added test 'flake8' to check Python code syntax and style conventions
[9.333s] -- Configured 'flake8' exclude dirs and/or files: 
[9.403s] -- Added test 'lint_cmake' to check CMake code style
[9.431s] -- Added test 'pep257' to check Python code against some of the docstring style conventions in PEP 257
[9.700s] -- Added test 'xmllint' to check XML markup files
[9.898s] -- Configuring done (9.5s)
[10.611s] -- Generating done (0.6s)
[11.011s] -- Build files have been written to: /root/workspaces/ros2_ws/build/warehouse_world
[11.022s] Invoked command in '/root/workspaces/ros2_ws/build/warehouse_world' returned '0': CMAKE_PREFIX_PATH=${CMAKE_PREFIX_PATH}:/root/workspaces/ros2_ws/install/human_detector:/root/workspaces/ros2_ws/install/ffw_teleop:/root/workspaces/ros2_ws/install/ffw_bringup:/opt/ros/jazzy /usr/bin/cmake /root/workspaces/ros2_ws/src/ai-worker-sim/warehouse_world -DCMAKE_INSTALL_PREFIX=/root/workspaces/ros2_ws/install/warehouse_world
[11.023s] Invoking command in '/root/workspaces/ros2_ws/build/warehouse_world': CMAKE_PREFIX_PATH=${CMAKE_PREFIX_PATH}:/root/workspaces/ros2_ws/install/human_detector:/root/workspaces/ros2_ws/install/ffw_teleop:/root/workspaces/ros2_ws/install/ffw_bringup:/opt/ros/jazzy /usr/bin/cmake --build /root/workspaces/ros2_ws/build/warehouse_world -- -j4 -l4
[11.201s] Invoked command in '/root/workspaces/ros2_ws/build/warehouse_world' returned '0': CMAKE_PREFIX_PATH=${CMAKE_PREFIX_PATH}:/root/workspaces/ros2_ws/install/human_detector:/root/workspaces/ros2_ws/install/ffw_teleop:/root/workspaces/ros2_ws/install/ffw_bringup:/opt/ros/jazzy /usr/bin/cmake --build /root/workspaces/ros2_ws/build/warehouse_world -- -j4 -l4
[11.216s] Invoking command in '/root/workspaces/ros2_ws/build/warehouse_world': CMAKE_PREFIX_PATH=${CMAKE_PREFIX_PATH}:/root/workspaces/ros2_ws/install/human_detector:/root/workspaces/ros2_ws/install/ffw_teleop:/root/workspaces/ros2_ws/install/ffw_bringup:/opt/ros/jazzy /usr/bin/cmake --install /root/workspaces/ros2_ws/build/warehouse_world
[11.309s] -- Install configuration: ""
[11.309s] -- Installing: /root/workspaces/ros2_ws/install/warehouse_world/share/warehouse_world//launch
[11.375s] -- Installing: /root/workspaces/ros2_ws/install/warehouse_world/share/warehouse_world//launch/warehouse_storage_launch.launch.py
[11.422s] -- Installing: /root/workspaces/ros2_ws/install/warehouse_world/share/warehouse_world//config
[11.475s] -- Installing: /root/workspaces/ros2_ws/install/warehouse_world/share/warehouse_world//config/gz_bridge_ros.yaml
[11.532s] -- Installing: /root/workspaces/ros2_ws/install/warehouse_world/share/warehouse_world//worlds
[11.579s] -- Installing: /root/workspaces/ros2_ws/install/warehouse_world/share/warehouse_world//worlds/warehouse_storage.sdf
[11.677s] -- Installing: /root/workspaces/ros2_ws/install/warehouse_world/share/warehouse_world//models
[11.697s] -- Installing: /root/workspaces/ros2_ws/install/warehouse_world/share/warehouse_world//models/Depot
[11.728s] -- Installing: /root/workspaces/ros2_ws/install/warehouse_world/share/warehouse_world//models/Depot/model.sdf
[11.812s] -- Installing: /root/workspaces/ros2_ws/install/warehouse_world/share/warehouse_world//models/Depot/materials
[11.832s] -- Installing: /root/workspaces/ros2_ws/install/warehouse_world/share/warehouse_world//models/Depot/materials/scripts
[11.881s] -- Installing: /root/workspaces/ros2_ws/install/warehouse_world/share/warehouse_world//models/Depot/materials/scripts/model.material
[11.918s] -- Installing: /root/workspaces/ros2_ws/install/warehouse_world/share/warehouse_world//models/Depot/materials/textures
[11.972s] -- Installing: /root/workspaces/ros2_ws/install/warehouse_world/share/warehouse_world//models/Depot/materials/textures/BOXSET_Normal.png
[12.118s] -- Installing: /root/workspaces/ros2_ws/install/warehouse_world/share/warehouse_world//models/Depot/materials/textures/FLOOR_Metalness.png
[12.274s] -- Installing: /root/workspaces/ros2_ws/install/warehouse_world/share/warehouse_world//models/Depot/materials/textures/FANS_Roughness.png
[12.411s] -- Installing: /root/workspaces/ros2_ws/install/warehouse_world/share/warehouse_world//models/Depot/materials/textures/INTERCOM_Emissive.png
[12.479s] -- Installing: /root/workspaces/ros2_ws/install/warehouse_world/share/warehouse_world//models/Depot/materials/textures/ROOF_Metalness.png
[12.592s] -- Installing: /root/workspaces/ros2_ws/install/warehouse_world/share/warehouse_world//models/Depot/materials/textures/PILLERS_Albedo.png
[12.806s] -- Installing: /root/workspaces/ros2_ws/install/warehouse_world/share/warehouse_world//models/Depot/materials/textures/STAIRS_Metalness.png
[12.911s] -- Installing: /root/workspaces/ros2_ws/install/warehouse_world/share/warehouse_world//models/Depot/materials/textures/WALLS_Albedo.png
[13.236s] -- Installing: /root/workspaces/ros2_ws/install/warehouse_world/share/warehouse_world//models/Depot/materials/textures/FireAlarm_Albedo.png
[13.424s] -- Installing: /root/workspaces/ros2_ws/install/warehouse_world/share/warehouse_world//models/Depot/materials/textures/Forklift_Forklift_Normal.png
[13.607s] -- Installing: /root/workspaces/ros2_ws/install/warehouse_world/share/warehouse_world//models/Depot/materials/textures/Window_WINDOW_Metallic.png
[13.688s] -- Installing: /root/workspaces/ros2_ws/install/warehouse_world/share/warehouse_world//models/Depot/materials/textures/BOXSET_Emissive.png
[13.732s] -- Installing: /root/workspaces/ros2_ws/install/warehouse_world/share/warehouse_world//models/Depot/materials/textures/Pipes_Normal.png
[13.808s] -- Installing: /root/workspaces/ros2_ws/install/warehouse_world/share/warehouse_world//models/Depot/materials/textures/FireAlarmPole_Albedo.png
[13.893s] -- Installing: /root/workspaces/ros2_ws/install/warehouse_world/share/warehouse_world//models/Depot/materials/textures/INTERCOM_Normal.png
[14.005s] -- Installing: /root/workspaces/ros2_ws/install/warehouse_world/share/warehouse_world//models/Depot/materials/textures/FLOOR_Roughness.png
[14.212s] -- Installing: /root/workspaces/ros2_ws/install/warehouse_world/share/warehouse_world//models/Depot/materials/textures/INTERCOM_Albedo.png
[14.285s] -- Installing: /root/workspaces/ros2_ws/install/warehouse_world/share/warehouse_world//models/Depot/materials/textures/Pipes_Albedo.png
[14.387s] -- Installing: /root/workspaces/ros2_ws/install/warehouse_world/share/warehouse_world//models/Depot/materials/textures/PILLERS_Normal.png
[14.601s] -- Installing: /root/workspaces/ros2_ws/install/warehouse_world/share/warehouse_world//models/Depot/materials/textures/STAIRS_Roughness.png
[14.788s] -- Installing: /root/workspaces/ros2_ws/install/warehouse_world/share/warehouse_world//models/Depot/materials/textures/FANS_Metalness.png
[14.830s] -- Installing: /root/workspaces/ros2_ws/install/warehouse_world/share/warehouse_world//models/Depot/materials/textures/ROOF_Roughness.png
[14.941s] -- Installing: /root/workspaces/ros2_ws/install/warehouse_world/share/warehouse_world//models/Depot/materials/textures/FireAlarm_Normal.png
[15.021s] -- Installing: /root/workspaces/ros2_ws/install/warehouse_world/share/warehouse_world//models/Depot/materials/textures/WALLS_Normal.png
[15.315s] -- Installing: /root/workspaces/ros2_ws/install/warehouse_world/share/warehouse_world//models/Depot/materials/textures/BOXSET_Albedo.png
[15.581s] -- Installing: /root/workspaces/ros2_ws/install/warehouse_world/share/warehouse_world//models/Depot/materials/textures/Crates_Crates_Normal.png
[15.713s] -- Installing: /root/workspaces/ros2_ws/install/warehouse_world/share/warehouse_world//models/Depot/materials/textures/Forklift_Forklift_Metallic.png
[15.790s] -- Installing: /root/workspaces/ros2_ws/install/warehouse_world/share/warehouse_world//models/Depot/materials/textures/FireAlarmPole_Normal.png
[15.881s] -- Installing: /root/workspaces/ros2_ws/install/warehouse_world/share/warehouse_world//models/Depot/materials/textures/FireAlarmPole_Metalness.png
[15.910s] -- Installing: /root/workspaces/ros2_ws/install/warehouse_world/share/warehouse_world//models/Depot/materials/textures/Forklift_Forklift_Roughness.png
[15.987s] -- Installing: /root/workspaces/ros2_ws/install/warehouse_world/share/warehouse_world//models/Depot/materials/textures/STAIRS_Normal.png
[16.083s] -- Installing: /root/workspaces/ros2_ws/install/warehouse_world/share/warehouse_world//models/Depot/materials/textures/ROOF_Normal.png
[16.204s] -- Installing: /root/workspaces/ros2_ws/install/warehouse_world/share/warehouse_world//models/Depot/materials/textures/FANS_Albedo.png
[16.297s] -- Installing: /root/workspaces/ros2_ws/install/warehouse_world/share/warehouse_world//models/Depot/materials/textures/FireAlarm_Metalness.png
[16.382s] -- Installing: /root/workspaces/ros2_ws/install/warehouse_world/share/warehouse_world//models/Depot/materials/textures/Pipes_Roughness.png
[16.433s] -- Installing: /root/workspaces/ros2_ws/install/warehouse_world/share/warehouse_world//models/Depot/materials/textures/INTERCOM_Roughness.png
[16.524s] -- Installing: /root/workspaces/ros2_ws/install/warehouse_world/share/warehouse_world//models/Depot/materials/textures/WALLS_Metalness.png
[16.596s] -- Installing: /root/workspaces/ros2_ws/install/warehouse_world/share/warehouse_world//models/Depot/materials/textures/PILLERS_Metalness.png
[16.685s] -- Installing: /root/workspaces/ros2_ws/install/warehouse_world/share/warehouse_world//models/Depot/materials/textures/DepotLightmap.png
[16.940s] -- Installing: /root/workspaces/ros2_ws/install/warehouse_world/share/warehouse_world//models/Depot/materials/textures/BOXSET_Roughness.png
[17.087s] -- Installing: /root/workspaces/ros2_ws/install/warehouse_world/share/warehouse_world//models/Depot/materials/textures/ROOF_Emissive.png
[17.127s] -- Installing: /root/workspaces/ros2_ws/install/warehouse_world/share/warehouse_world//models/Depot/materials/textures/Forklift_Forklift_BaseColor.png
[17.292s] -- Installing: /root/workspaces/ros2_ws/install/warehouse_world/share/warehouse_world//models/Depot/materials/textures/FLOOR_Normal.png
[17.389s] -- Installing: /root/workspaces/ros2_ws/install/warehouse_world/share/warehouse_world//models/Depot/materials/textures/WALLS_Roughness.png
[17.427s] -- Installing: /root/workspaces/ros2_ws/install/warehouse_world/share/warehouse_world//models/Depot/materials/textures/FireAlarm_Roughness.png
[17.524s] -- Installing: /root/workspaces/ros2_ws/install/warehouse_world/share/warehouse_world//models/Depot/materials/textures/BOXSET_Metalness.png
[17.620s] -- Installing: /root/workspaces/ros2_ws/install/warehouse_world/share/warehouse_world//models/Depot/materials/textures/FANS_Normal.png
[17.784s] -- Installing: /root/workspaces/ros2_ws/install/warehouse_world/share/warehouse_world//models/Depot/materials/textures/FireAlarmPole_Roughness.png
[17.839s] -- Installing: /root/workspaces/ros2_ws/install/warehouse_world/share/warehouse_world//models/Depot/materials/textures/Crates_Crates_Roughness.png
[17.923s] -- Installing: /root/workspaces/ros2_ws/install/warehouse_world/share/warehouse_world//models/Depot/materials/textures/Window_WINDOW_BaseColor.png
[18.026s] -- Installing: /root/workspaces/ros2_ws/install/warehouse_world/share/warehouse_world//models/Depot/materials/textures/PILLERS_Roughness.png
[18.103s] -- Installing: /root/workspaces/ros2_ws/install/warehouse_world/share/warehouse_world//models/Depot/materials/textures/FLOOR_Albedo.png
[18.197s] -- Installing: /root/workspaces/ros2_ws/install/warehouse_world/share/warehouse_world//models/Depot/materials/textures/FanBack_FanBack_BaseColor.png
[18.284s] -- Installing: /root/workspaces/ros2_ws/install/warehouse_world/share/warehouse_world//models/Depot/materials/textures/ROOF_Albedo.png
[18.510s] -- Installing: /root/workspaces/ros2_ws/install/warehouse_world/share/warehouse_world//models/Depot/materials/textures/STAIRS_Albedo.png
[18.705s] -- Installing: /root/workspaces/ros2_ws/install/warehouse_world/share/warehouse_world//models/Depot/materials/textures/INTERCOM_Metalness.png
[18.773s] -- Installing: /root/workspaces/ros2_ws/install/warehouse_world/share/warehouse_world//models/Depot/materials/textures/Window_WINDOW_Roughness.png
[18.899s] -- Installing: /root/workspaces/ros2_ws/install/warehouse_world/share/warehouse_world//models/Depot/materials/textures/Crates_Crates_BaseColor.png
[19.099s] -- Installing: /root/workspaces/ros2_ws/install/warehouse_world/share/warehouse_world//models/Depot/materials/textures/Pipes_Metalness.png
[19.172s] -- Installing: /root/workspaces/ros2_ws/install/warehouse_world/share/warehouse_world//models/Depot/model.config
[19.208s] -- Installing: /root/workspaces/ros2_ws/install/warehouse_world/share/warehouse_world//models/Depot/meshes
[19.224s] -- Installing: /root/workspaces/ros2_ws/install/warehouse_world/share/warehouse_world//models/Depot/meshes/Depot.dae
[20.118s] -- Installing: /root/workspaces/ros2_ws/install/warehouse_world/share/warehouse_world//models/Depot/meshes/Crates.dae
[20.212s] -- Installing: /root/workspaces/ros2_ws/install/warehouse_world/share/warehouse_world//models/Depot/thumbnails
[20.272s] -- Installing: /root/workspaces/ros2_ws/install/warehouse_world/share/warehouse_world//models/Depot/thumbnails/5.png
[20.371s] -- Installing: /root/workspaces/ros2_ws/install/warehouse_world/share/warehouse_world//models/Depot/thumbnails/1.png
[20.473s] -- Installing: /root/workspaces/ros2_ws/install/warehouse_world/share/warehouse_world//models/Depot/thumbnails/3.png
[20.543s] -- Installing: /root/workspaces/ros2_ws/install/warehouse_world/share/warehouse_world//models/Depot/thumbnails/2.png
[20.673s] -- Installing: /root/workspaces/ros2_ws/install/warehouse_world/share/warehouse_world//models/Depot/thumbnails/0.png
[20.777s] -- Installing: /root/workspaces/ros2_ws/install/warehouse_world/share/warehouse_world//models/Depot/thumbnails/4.png
[20.849s] -- Installing: /root/workspaces/ros2_ws/install/warehouse_world/share/warehouse_world//models/etgah_logo
[20.878s] -- Installing: /root/workspaces/ros2_ws/install/warehouse_world/share/warehouse_world//models/etgah_logo/model.sdf
[20.915s] -- Installing: /root/workspaces/ros2_ws/install/warehouse_world/share/warehouse_world//models/etgah_logo/materials
[20.931s] -- Installing: /root/workspaces/ros2_ws/install/warehouse_world/share/warehouse_world//models/etgah_logo/materials/textures
[20.975s] -- Installing: /root/workspaces/ros2_ws/install/warehouse_world/share/warehouse_world//models/etgah_logo/materials/textures/logo.png
[21.027s] -- Installing: /root/workspaces/ros2_ws/install/warehouse_world/share/warehouse_world//models/etgah_logo/model.config
[21.108s] -- Installing: /root/workspaces/ros2_ws/install/warehouse_world/share/ament_index/resource_index/package_run_dependencies/warehouse_world
[21.175s] -- Installing: /root/workspaces/ros2_ws/install/warehouse_world/share/ament_index/resource_index/parent_prefix_path/warehouse_world
[21.221s] -- Installing: /root/workspaces/ros2_ws/install/warehouse_world/share/warehouse_world/environment/ament_prefix_path.sh
[21.301s] -- Installing: /root/workspaces/ros2_ws/install/warehouse_world/share/warehouse_world/environment/ament_prefix_path.dsv
[21.372s] -- Installing: /root/workspaces/ros2_ws/install/warehouse_world/share/warehouse_world/environment/path.sh
[21.400s] -- Installing: /root/workspaces/ros2_ws/install/warehouse_world/share/warehouse_world/environment/path.dsv
[21.429s] -- Installing: /root/workspaces/ros2_ws/install/warehouse_world/share/warehouse_world/local_setup.bash
[21.500s] -- Installing: /root/workspaces/ros2_ws/install/warehouse_world/share/warehouse_world/local_setup.sh
[21.540s] -- Installing: /root/workspaces/ros2_ws/install/warehouse_world/share/warehouse_world/local_setup.zsh
[21.604s] -- Installing: /root/workspaces/ros2_ws/install/warehouse_world/share/warehouse_world/local_setup.dsv
[21.640s] -- Installing: /root/workspaces/ros2_ws/install/warehouse_world/share/warehouse_world/package.dsv
[21.718s] -- Installing: /root/workspaces/ros2_ws/install/warehouse_world/share/ament_index/resource_index/packages/warehouse_world
[21.786s] -- Installing: /root/workspaces/ros2_ws/install/warehouse_world/share/warehouse_world/cmake/warehouse_worldConfig.cmake
[21.832s] -- Installing: /root/workspaces/ros2_ws/install/warehouse_world/share/warehouse_world/cmake/warehouse_worldConfig-version.cmake
[21.905s] -- Installing: /root/workspaces/ros2_ws/install/warehouse_world/share/warehouse_world/package.xml
[21.974s] Invoked command in '/root/workspaces/ros2_ws/build/warehouse_world' returned '0': CMAKE_PREFIX_PATH=${CMAKE_PREFIX_PATH}:/root/workspaces/ros2_ws/install/human_detector:/root/workspaces/ros2_ws/install/ffw_teleop:/root/workspaces/ros2_ws/install/ffw_bringup:/opt/ros/jazzy /usr/bin/cmake --install /root/workspaces/ros2_ws/build/warehouse_world
