[2.495s] Invoking command in '/root/workspaces/ros2_ws/src/ai-worker-sim/human_detector': PYTHONPATH=/root/workspaces/ros2_ws/build/human_detector/prefix_override:/usr/lib/python3/dist-packages/colcon_core/task/python/colcon_distutils_commands:/root/workspaces/ros2_ws/install/human_detector/lib/python3.12/site-packages:${PYTHONPATH} /usr/bin/python3 -W ignore:setup.py install is deprecated -W ignore:easy_install command is deprecated setup.py egg_info --egg-base ../../../build/human_detector build --build-base /root/workspaces/ros2_ws/build/human_detector/build install --record /root/workspaces/ros2_ws/build/human_detector/install.log --install-scripts $base/lib/human_detector --single-version-externally-managed install_data
[3.190s] running egg_info
[3.252s] writing ../../../build/human_detector/human_detector.egg-info/PKG-INFO
[3.273s] writing dependency_links to ../../../build/human_detector/human_detector.egg-info/dependency_links.txt
[3.290s] writing entry points to ../../../build/human_detector/human_detector.egg-info/entry_points.txt
[3.313s] writing requirements to ../../../build/human_detector/human_detector.egg-info/requires.txt
[3.326s] writing top-level names to ../../../build/human_detector/human_detector.egg-info/top_level.txt
[3.440s] reading manifest file '../../../build/human_detector/human_detector.egg-info/SOURCES.txt'
[3.454s] writing manifest file '../../../build/human_detector/human_detector.egg-info/SOURCES.txt'
[3.473s] running build
[3.490s] running build_py
[3.507s] copying human_detector/person_detector_node.py -> /root/workspaces/ros2_ws/build/human_detector/build/lib/human_detector
[3.524s] copying human_detector/wave_interact.py -> /root/workspaces/ros2_ws/build/human_detector/build/lib/human_detector
[3.541s] running install
[3.558s] running install_lib
[3.637s] copying /root/workspaces/ros2_ws/build/human_detector/build/lib/human_detector/person_detector_node.py -> /root/workspaces/ros2_ws/install/human_detector/lib/python3.12/site-packages/human_detector
[3.672s] copying /root/workspaces/ros2_ws/build/human_detector/build/lib/human_detector/wave_interact.py -> /root/workspaces/ros2_ws/install/human_detector/lib/python3.12/site-packages/human_detector
[3.710s] byte-compiling /root/workspaces/ros2_ws/install/human_detector/lib/python3.12/site-packages/human_detector/person_detector_node.py to person_detector_node.cpython-312.pyc
[3.749s] byte-compiling /root/workspaces/ros2_ws/install/human_detector/lib/python3.12/site-packages/human_detector/wave_interact.py to wave_interact.cpython-312.pyc
[3.816s] running install_data
[3.816s] copying launch/human_detector.launch.py -> /root/workspaces/ros2_ws/install/human_detector/share/human_detector/launch
[3.845s] running install_egg_info
[3.894s] removing '/root/workspaces/ros2_ws/install/human_detector/lib/python3.12/site-packages/human_detector-0.0.0-py3.12.egg-info' (and everything under it)
[3.954s] Copying ../../../build/human_detector/human_detector.egg-info to /root/workspaces/ros2_ws/install/human_detector/lib/python3.12/site-packages/human_detector-0.0.0-py3.12.egg-info
[4.168s] running install_scripts
[4.507s] Installing person_detector_node script to /root/workspaces/ros2_ws/install/human_detector/lib/human_detector
[4.528s] Installing wave_interact script to /root/workspaces/ros2_ws/install/human_detector/lib/human_detector
[4.546s] writing list of installed files to '/root/workspaces/ros2_ws/build/human_detector/install.log'
[4.623s] Invoked command in '/root/workspaces/ros2_ws/src/ai-worker-sim/human_detector' returned '0': PYTHONPATH=/root/workspaces/ros2_ws/build/human_detector/prefix_override:/usr/lib/python3/dist-packages/colcon_core/task/python/colcon_distutils_commands:/root/workspaces/ros2_ws/install/human_detector/lib/python3.12/site-packages:${PYTHONPATH} /usr/bin/python3 -W ignore:setup.py install is deprecated -W ignore:easy_install command is deprecated setup.py egg_info --egg-base ../../../build/human_detector build --build-base /root/workspaces/ros2_ws/build/human_detector/build install --record /root/workspaces/ros2_ws/build/human_detector/install.log --install-scripts $base/lib/human_detector --single-version-externally-managed install_data
