[3.711s] Invoking command in '/root/workspaces/ros2_ws/src/ai-worker-sim/ffw_teleop': PYTHONPATH=/root/workspaces/ros2_ws/build/ffw_teleop/prefix_override:/usr/lib/python3/dist-packages/colcon_core/task/python/colcon_distutils_commands:/root/workspaces/ros2_ws/install/ffw_teleop/lib/python3.12/site-packages:${PYTHONPATH} /usr/bin/python3 -W ignore:setup.py install is deprecated -W ignore:easy_install command is deprecated setup.py egg_info --egg-base ../../../build/ffw_teleop build --build-base /root/workspaces/ros2_ws/build/ffw_teleop/build install --record /root/workspaces/ros2_ws/build/ffw_teleop/install.log --install-scripts $base/lib/ffw_teleop --single-version-externally-managed install_data
[4.404s] running egg_info
[4.404s] creating ../../../build/ffw_teleop/ffw_teleop.egg-info
[4.440s] writing ../../../build/ffw_teleop/ffw_teleop.egg-info/PKG-INFO
[4.510s] writing dependency_links to ../../../build/ffw_teleop/ffw_teleop.egg-info/dependency_links.txt
[4.525s] writing entry points to ../../../build/ffw_teleop/ffw_teleop.egg-info/entry_points.txt
[4.529s] writing requirements to ../../../build/ffw_teleop/ffw_teleop.egg-info/requires.txt
[4.538s] writing top-level names to ../../../build/ffw_teleop/ffw_teleop.egg-info/top_level.txt
[4.543s] writing manifest file '../../../build/ffw_teleop/ffw_teleop.egg-info/SOURCES.txt'
[4.649s] reading manifest file '../../../build/ffw_teleop/ffw_teleop.egg-info/SOURCES.txt'
[4.704s] writing manifest file '../../../build/ffw_teleop/ffw_teleop.egg-info/SOURCES.txt'
[4.723s] running build
[4.734s] running build_py
[4.735s] creating /root/workspaces/ros2_ws/build/ffw_teleop/build
[4.735s] creating /root/workspaces/ros2_ws/build/ffw_teleop/build/lib
[4.735s] creating /root/workspaces/ros2_ws/build/ffw_teleop/build/lib/ffw_teleop
[4.735s] copying ffw_teleop/keyboard_control.py -> /root/workspaces/ros2_ws/build/ffw_teleop/build/lib/ffw_teleop
[4.798s] copying ffw_teleop/__init__.py -> /root/workspaces/ros2_ws/build/ffw_teleop/build/lib/ffw_teleop
[4.813s] copying ffw_teleop/mobile_teleop.py -> /root/workspaces/ros2_ws/build/ffw_teleop/build/lib/ffw_teleop
[4.840s] running install
[4.857s] running install_lib
[4.906s] creating /root/workspaces/ros2_ws/install/ffw_teleop/lib/python3.12/site-packages/ffw_teleop
[4.929s] copying /root/workspaces/ros2_ws/build/ffw_teleop/build/lib/ffw_teleop/keyboard_control.py -> /root/workspaces/ros2_ws/install/ffw_teleop/lib/python3.12/site-packages/ffw_teleop
[4.942s] copying /root/workspaces/ros2_ws/build/ffw_teleop/build/lib/ffw_teleop/__init__.py -> /root/workspaces/ros2_ws/install/ffw_teleop/lib/python3.12/site-packages/ffw_teleop
[4.949s] copying /root/workspaces/ros2_ws/build/ffw_teleop/build/lib/ffw_teleop/mobile_teleop.py -> /root/workspaces/ros2_ws/install/ffw_teleop/lib/python3.12/site-packages/ffw_teleop
[5.017s] byte-compiling /root/workspaces/ros2_ws/install/ffw_teleop/lib/python3.12/site-packages/ffw_teleop/keyboard_control.py to keyboard_control.cpython-312.pyc
[5.050s] byte-compiling /root/workspaces/ros2_ws/install/ffw_teleop/lib/python3.12/site-packages/ffw_teleop/__init__.py to __init__.cpython-312.pyc
[5.103s] byte-compiling /root/workspaces/ros2_ws/install/ffw_teleop/lib/python3.12/site-packages/ffw_teleop/mobile_teleop.py to mobile_teleop.cpython-312.pyc
[5.123s] running install_data
[5.138s] creating /root/workspaces/ros2_ws/install/ffw_teleop/share/ament_index
[5.138s] creating /root/workspaces/ros2_ws/install/ffw_teleop/share/ament_index/resource_index
[5.139s] creating /root/workspaces/ros2_ws/install/ffw_teleop/share/ament_index/resource_index/packages
[5.146s] copying resource/ffw_teleop -> /root/workspaces/ros2_ws/install/ffw_teleop/share/ament_index/resource_index/packages
[5.196s] copying package.xml -> /root/workspaces/ros2_ws/install/ffw_teleop/share/ffw_teleop
[5.217s] running install_egg_info
[5.247s] Copying ../../../build/ffw_teleop/ffw_teleop.egg-info to /root/workspaces/ros2_ws/install/ffw_teleop/lib/python3.12/site-packages/ffw_teleop-1.2.0-py3.12.egg-info
[5.501s] running install_scripts
[5.916s] Installing keyboard_control script to /root/workspaces/ros2_ws/install/ffw_teleop/lib/ffw_teleop
[5.937s] Installing mobile_teleop script to /root/workspaces/ros2_ws/install/ffw_teleop/lib/ffw_teleop
[5.951s] writing list of installed files to '/root/workspaces/ros2_ws/build/ffw_teleop/install.log'
[6.101s] Invoked command in '/root/workspaces/ros2_ws/src/ai-worker-sim/ffw_teleop' returned '0': PYTHONPATH=/root/workspaces/ros2_ws/build/ffw_teleop/prefix_override:/usr/lib/python3/dist-packages/colcon_core/task/python/colcon_distutils_commands:/root/workspaces/ros2_ws/install/ffw_teleop/lib/python3.12/site-packages:${PYTHONPATH} /usr/bin/python3 -W ignore:setup.py install is deprecated -W ignore:easy_install command is deprecated setup.py egg_info --egg-base ../../../build/ffw_teleop build --build-base /root/workspaces/ros2_ws/build/ffw_teleop/build install --record /root/workspaces/ros2_ws/build/ffw_teleop/install.log --install-scripts $base/lib/ffw_teleop --single-version-externally-managed install_data
