[0.325s] Invoking command in '/root/workspaces/ros2_ws/build/ffw_navigation': CMAKE_PREFIX_PATH=${CMAKE_PREFIX_PATH}:/opt/ros/jazzy /usr/bin/cmake --build /root/workspaces/ros2_ws/build/ffw_navigation -- -j4 -l4
[0.493s] [100%] Built target is_path_length_under_plugin
[0.531s] Invoked command in '/root/workspaces/ros2_ws/build/ffw_navigation' returned '0': CMAKE_PREFIX_PATH=${CMAKE_PREFIX_PATH}:/opt/ros/jazzy /usr/bin/cmake --build /root/workspaces/ros2_ws/build/ffw_navigation -- -j4 -l4
[0.555s] Invoking command in '/root/workspaces/ros2_ws/build/ffw_navigation': CMAKE_PREFIX_PATH=${CMAKE_PREFIX_PATH}:/opt/ros/jazzy /usr/bin/cmake --install /root/workspaces/ros2_ws/build/ffw_navigation
[0.640s] -- Install configuration: ""
[0.640s] -- Up-to-date: /root/workspaces/ros2_ws/install/ffw_navigation/lib/libis_path_length_under_plugin.so
[0.640s] -- Up-to-date: /root/workspaces/ros2_ws/install/ffw_navigation/share/ffw_navigation/launch
[0.647s] -- Up-to-date: /root/workspaces/ros2_ws/install/ffw_navigation/share/ffw_navigation/launch/navigation.launch.py
[0.658s] -- Up-to-date: /root/workspaces/ros2_ws/install/ffw_navigation/share/ffw_navigation/launch/online_sync_launch.py
[0.688s] -- Up-to-date: /root/workspaces/ros2_ws/install/ffw_navigation/share/ffw_navigation/rviz
[0.715s] -- Up-to-date: /root/workspaces/ros2_ws/install/ffw_navigation/share/ffw_navigation/rviz/navigation.rviz
[0.734s] -- Up-to-date: /root/workspaces/ros2_ws/install/ffw_navigation/share/ffw_navigation/rviz/mapping.rviz
[0.765s] -- Up-to-date: /root/workspaces/ros2_ws/install/ffw_navigation/share/ffw_navigation/config
[0.788s] -- Up-to-date: /root/workspaces/ros2_ws/install/ffw_navigation/share/ffw_navigation/config/navigation_mppi.yaml
[0.798s] -- Up-to-date: /root/workspaces/ros2_ws/install/ffw_navigation/share/ffw_navigation/config/bt
[0.828s] -- Up-to-date: /root/workspaces/ros2_ws/install/ffw_navigation/share/ffw_navigation/config/bt/nav_modes.xml
[0.849s] -- Up-to-date: /root/workspaces/ros2_ws/install/ffw_navigation/share/ffw_navigation/config/navigation.yaml
[0.871s] -- Up-to-date: /root/workspaces/ros2_ws/install/ffw_navigation/share/ffw_navigation/config/mapper_params_online_sync.yaml
[0.875s] -- Up-to-date: /root/workspaces/ros2_ws/install/ffw_navigation/share/ffw_navigation/maps
[0.901s] -- Up-to-date: /root/workspaces/ros2_ws/install/ffw_navigation/share/ffw_navigation/maps/map.pgm
[0.911s] -- Up-to-date: /root/workspaces/ros2_ws/install/ffw_navigation/share/ffw_navigation/maps/turtlebot3_world_map.pgm
[0.935s] -- Up-to-date: /root/workspaces/ros2_ws/install/ffw_navigation/share/ffw_navigation/maps/turtlebot3_world_map.yaml
[0.935s] -- Up-to-date: /root/workspaces/ros2_ws/install/ffw_navigation/share/ffw_navigation/maps/map.yaml
[0.959s] -- Up-to-date: /root/workspaces/ros2_ws/install/ffw_navigation/share/ffw_navigation/environment/library_path.sh
[0.969s] -- Up-to-date: /root/workspaces/ros2_ws/install/ffw_navigation/share/ffw_navigation/environment/library_path.dsv
[0.989s] -- Up-to-date: /root/workspaces/ros2_ws/install/ffw_navigation/share/ament_index/resource_index/package_run_dependencies/ffw_navigation
[1.002s] -- Up-to-date: /root/workspaces/ros2_ws/install/ffw_navigation/share/ament_index/resource_index/parent_prefix_path/ffw_navigation
[1.062s] -- Up-to-date: /root/workspaces/ros2_ws/install/ffw_navigation/share/ffw_navigation/environment/ament_prefix_path.sh
[1.072s] -- Up-to-date: /root/workspaces/ros2_ws/install/ffw_navigation/share/ffw_navigation/environment/ament_prefix_path.dsv
[1.085s] -- Up-to-date: /root/workspaces/ros2_ws/install/ffw_navigation/share/ffw_navigation/environment/path.sh
[1.118s] -- Up-to-date: /root/workspaces/ros2_ws/install/ffw_navigation/share/ffw_navigation/environment/path.dsv
[1.140s] -- Up-to-date: /root/workspaces/ros2_ws/install/ffw_navigation/share/ffw_navigation/local_setup.bash
[1.150s] -- Up-to-date: /root/workspaces/ros2_ws/install/ffw_navigation/share/ffw_navigation/local_setup.sh
[1.174s] -- Up-to-date: /root/workspaces/ros2_ws/install/ffw_navigation/share/ffw_navigation/local_setup.zsh
[1.182s] -- Up-to-date: /root/workspaces/ros2_ws/install/ffw_navigation/share/ffw_navigation/local_setup.dsv
[1.182s] -- Installing: /root/workspaces/ros2_ws/install/ffw_navigation/share/ffw_navigation/package.dsv
[1.197s] -- Up-to-date: /root/workspaces/ros2_ws/install/ffw_navigation/share/ament_index/resource_index/packages/ffw_navigation
[1.204s] -- Up-to-date: /root/workspaces/ros2_ws/install/ffw_navigation/share/ffw_navigation/cmake/ament_cmake_export_libraries-extras.cmake
[1.204s] -- Up-to-date: /root/workspaces/ros2_ws/install/ffw_navigation/share/ffw_navigation/cmake/ament_cmake_export_dependencies-extras.cmake
[1.204s] -- Up-to-date: /root/workspaces/ros2_ws/install/ffw_navigation/share/ffw_navigation/cmake/ffw_navigationConfig.cmake
[1.205s] -- Up-to-date: /root/workspaces/ros2_ws/install/ffw_navigation/share/ffw_navigation/cmake/ffw_navigationConfig-version.cmake
[1.205s] -- Up-to-date: /root/workspaces/ros2_ws/install/ffw_navigation/share/ffw_navigation/package.xml
[1.252s] Invoked command in '/root/workspaces/ros2_ws/build/ffw_navigation' returned '0': CMAKE_PREFIX_PATH=${CMAKE_PREFIX_PATH}:/opt/ros/jazzy /usr/bin/cmake --install /root/workspaces/ros2_ws/build/ffw_navigation
