[6.926s] Invoking command in '/root/workspaces/ros2_ws/src/ai-worker-sim/human_detector': PYTHONPATH=/root/workspaces/ros2_ws/build/human_detector/prefix_override:/usr/lib/python3/dist-packages/colcon_core/task/python/colcon_distutils_commands:/root/workspaces/ros2_ws/install/human_detector/lib/python3.12/site-packages:${PYTHONPATH} /usr/bin/python3 -W ignore:setup.py install is deprecated -W ignore:easy_install command is deprecated setup.py egg_info --egg-base ../../../build/human_detector build --build-base /root/workspaces/ros2_ws/build/human_detector/build install --record /root/workspaces/ros2_ws/build/human_detector/install.log --install-scripts $base/lib/human_detector --single-version-externally-managed install_data
[7.134s] running egg_info
[7.134s] writing ../../../build/human_detector/human_detector.egg-info/PKG-INFO
[7.148s] writing dependency_links to ../../../build/human_detector/human_detector.egg-info/dependency_links.txt
[7.205s] writing entry points to ../../../build/human_detector/human_detector.egg-info/entry_points.txt
[7.212s] writing requirements to ../../../build/human_detector/human_detector.egg-info/requires.txt
[7.238s] writing top-level names to ../../../build/human_detector/human_detector.egg-info/top_level.txt
[7.331s] reading manifest file '../../../build/human_detector/human_detector.egg-info/SOURCES.txt'
[7.352s] writing manifest file '../../../build/human_detector/human_detector.egg-info/SOURCES.txt'
[7.355s] running build
[7.355s] running build_py
[7.355s] running install
[7.417s] running install_lib
[7.450s] running install_data
[7.450s] running install_egg_info
[7.516s] removing '/root/workspaces/ros2_ws/install/human_detector/lib/python3.12/site-packages/human_detector-0.0.0-py3.12.egg-info' (and everything under it)
[7.618s] Copying ../../../build/human_detector/human_detector.egg-info to /root/workspaces/ros2_ws/install/human_detector/lib/python3.12/site-packages/human_detector-0.0.0-py3.12.egg-info
[7.911s] running install_scripts
[8.241s] Installing person_detector_node script to /root/workspaces/ros2_ws/install/human_detector/lib/human_detector
[8.299s] Installing wave_interact script to /root/workspaces/ros2_ws/install/human_detector/lib/human_detector
[8.317s] writing list of installed files to '/root/workspaces/ros2_ws/build/human_detector/install.log'
[8.357s] Invoked command in '/root/workspaces/ros2_ws/src/ai-worker-sim/human_detector' returned '0': PYTHONPATH=/root/workspaces/ros2_ws/build/human_detector/prefix_override:/usr/lib/python3/dist-packages/colcon_core/task/python/colcon_distutils_commands:/root/workspaces/ros2_ws/install/human_detector/lib/python3.12/site-packages:${PYTHONPATH} /usr/bin/python3 -W ignore:setup.py install is deprecated -W ignore:easy_install command is deprecated setup.py egg_info --egg-base ../../../build/human_detector build --build-base /root/workspaces/ros2_ws/build/human_detector/build install --record /root/workspaces/ros2_ws/build/human_detector/install.log --install-scripts $base/lib/human_detector --single-version-externally-managed install_data
