[0.278s] Invoking command in '/root/workspaces/ros2_ws/build/ffw_description': CMAKE_PREFIX_PATH=${CMAKE_PREFIX_PATH}:/root/workspaces/ros2_ws/install/human_detector:/root/workspaces/ros2_ws/install/ffw_teleop:/root/workspaces/ros2_ws/install/ffw_bringup:/opt/ros/jazzy /usr/bin/cmake --build /root/workspaces/ros2_ws/build/ffw_description -- -j4 -l4
[0.418s] Invoked command in '/root/workspaces/ros2_ws/build/ffw_description' returned '0': CMAKE_PREFIX_PATH=${CMAKE_PREFIX_PATH}:/root/workspaces/ros2_ws/install/human_detector:/root/workspaces/ros2_ws/install/ffw_teleop:/root/workspaces/ros2_ws/install/ffw_bringup:/opt/ros/jazzy /usr/bin/cmake --build /root/workspaces/ros2_ws/build/ffw_description -- -j4 -l4
[0.419s] Invoking command in '/root/workspaces/ros2_ws/build/ffw_description': CMAKE_PREFIX_PATH=${CMAKE_PREFIX_PATH}:/root/workspaces/ros2_ws/install/human_detector:/root/workspaces/ros2_ws/install/ffw_teleop:/root/workspaces/ros2_ws/install/ffw_bringup:/opt/ros/jazzy /usr/bin/cmake --install /root/workspaces/ros2_ws/build/ffw_description
[0.424s] -- Install configuration: ""
[0.425s] -- Up-to-date: /root/workspaces/ros2_ws/install/ffw_description/share/ffw_description/launch
[0.432s] -- Up-to-date: /root/workspaces/ros2_ws/install/ffw_description/share/ffw_description/launch/ffw_sg2_rev1.launch.py
[0.439s] -- Up-to-date: /root/workspaces/ros2_ws/install/ffw_description/share/ffw_description/meshes
[0.444s] -- Up-to-date: /root/workspaces/ros2_ws/install/ffw_description/share/ffw_description/meshes/common
[0.459s] -- Up-to-date: /root/workspaces/ros2_ws/install/ffw_description/share/ffw_description/meshes/common/hx5_d20
[0.461s] -- Up-to-date: /root/workspaces/ros2_ws/install/ffw_description/share/ffw_description/meshes/common/hx5_d20/hx5_d20_left
[0.476s] -- Up-to-date: /root/workspaces/ros2_ws/install/ffw_description/share/ffw_description/meshes/common/hx5_d20/hx5_d20_left/hx5_d20_base_unit.stl
[0.476s] -- Up-to-date: /root/workspaces/ros2_ws/install/ffw_description/share/ffw_description/meshes/common/hx5_d20/hx5_d20_left/hx5_d20_finger_mcp.stl
[0.488s] -- Up-to-date: /root/workspaces/ros2_ws/install/ffw_description/share/ffw_description/meshes/common/hx5_d20/hx5_d20_left/hx5_d20_thumb_ip.stl
[0.501s] -- Up-to-date: /root/workspaces/ros2_ws/install/ffw_description/share/ffw_description/meshes/common/hx5_d20/hx5_d20_left/hx5_d20_thumb_tip.stl
[0.517s] -- Up-to-date: /root/workspaces/ros2_ws/install/ffw_description/share/ffw_description/meshes/common/hx5_d20/hx5_d20_left/hx5_d20_finger_tip.stl
[0.539s] -- Up-to-date: /root/workspaces/ros2_ws/install/ffw_description/share/ffw_description/meshes/common/hx5_d20/hx5_d20_left/hx5_d20_finger_dip.stl
[0.539s] -- Up-to-date: /root/workspaces/ros2_ws/install/ffw_description/share/ffw_description/meshes/common/hx5_d20/hx5_d20_left/hx5_d20_thumb_mcp.stl
[0.540s] -- Up-to-date: /root/workspaces/ros2_ws/install/ffw_description/share/ffw_description/meshes/common/hx5_d20/hx5_d20_left/hx5_d20_finger_pip.stl
[0.540s] -- Up-to-date: /root/workspaces/ros2_ws/install/ffw_description/share/ffw_description/meshes/common/hx5_d20/hx5_d20_left/hx5_d20_thumb_mcp2.stl
[0.540s] -- Up-to-date: /root/workspaces/ros2_ws/install/ffw_description/share/ffw_description/meshes/common/hx5_d20/hx5_d20_right
[0.540s] -- Up-to-date: /root/workspaces/ros2_ws/install/ffw_description/share/ffw_description/meshes/common/hx5_d20/hx5_d20_right/hx5_d20_base_unit.stl
[0.541s] -- Up-to-date: /root/workspaces/ros2_ws/install/ffw_description/share/ffw_description/meshes/common/hx5_d20/hx5_d20_right/hx5_d20_finger_mcp.stl
[0.555s] -- Up-to-date: /root/workspaces/ros2_ws/install/ffw_description/share/ffw_description/meshes/common/hx5_d20/hx5_d20_right/hx5_d20_thumb_ip.stl
[0.559s] -- Up-to-date: /root/workspaces/ros2_ws/install/ffw_description/share/ffw_description/meshes/common/hx5_d20/hx5_d20_right/hx5_d20_thumb_tip.stl
[0.559s] -- Up-to-date: /root/workspaces/ros2_ws/install/ffw_description/share/ffw_description/meshes/common/hx5_d20/hx5_d20_right/hx5_d20_finger_tip.stl
[0.593s] -- Up-to-date: /root/workspaces/ros2_ws/install/ffw_description/share/ffw_description/meshes/common/hx5_d20/hx5_d20_right/hx5_d20_finger_dip.stl
[0.601s] -- Up-to-date: /root/workspaces/ros2_ws/install/ffw_description/share/ffw_description/meshes/common/hx5_d20/hx5_d20_right/hx5_d20_thumb_mcp.stl
[0.628s] -- Up-to-date: /root/workspaces/ros2_ws/install/ffw_description/share/ffw_description/meshes/common/hx5_d20/hx5_d20_right/hx5_d20_finger_pip.stl
[0.636s] -- Up-to-date: /root/workspaces/ros2_ws/install/ffw_description/share/ffw_description/meshes/common/hx5_d20/hx5_d20_right/hx5_d20_thumb_mcp2.stl
[0.657s] -- Up-to-date: /root/workspaces/ros2_ws/install/ffw_description/share/ffw_description/meshes/common/follower
[0.661s] -- Up-to-date: /root/workspaces/ros2_ws/install/ffw_description/share/ffw_description/meshes/common/follower/arm_r_link1.stl
[0.662s] -- Up-to-date: /root/workspaces/ros2_ws/install/ffw_description/share/ffw_description/meshes/common/follower/arm_l_link7.stl
[0.662s] -- Up-to-date: /root/workspaces/ros2_ws/install/ffw_description/share/ffw_description/meshes/common/follower/arm_r_link5.stl
[0.662s] -- Up-to-date: /root/workspaces/ros2_ws/install/ffw_description/share/ffw_description/meshes/common/follower/arm_l_link3.stl
[0.662s] -- Up-to-date: /root/workspaces/ros2_ws/install/ffw_description/share/ffw_description/meshes/common/follower/swerve
[0.687s] -- Up-to-date: /root/workspaces/ros2_ws/install/ffw_description/share/ffw_description/meshes/common/follower/swerve/base_mobile_assy.stl
[0.710s] -- Up-to-date: /root/workspaces/ros2_ws/install/ffw_description/share/ffw_description/meshes/common/follower/swerve/right_wheel_steer_link.stl
[0.724s] -- Up-to-date: /root/workspaces/ros2_ws/install/ffw_description/share/ffw_description/meshes/common/follower/swerve/left_wheel_drive_link.stl
[0.732s] -- Up-to-date: /root/workspaces/ros2_ws/install/ffw_description/share/ffw_description/meshes/common/follower/swerve/rear_wheel_steer_link.stl
[0.732s] -- Up-to-date: /root/workspaces/ros2_ws/install/ffw_description/share/ffw_description/meshes/common/follower/swerve/right_wheel_drive_link.stl
[0.732s] -- Up-to-date: /root/workspaces/ros2_ws/install/ffw_description/share/ffw_description/meshes/common/follower/swerve/rear_wheel_drive_link.stl
[0.732s] -- Up-to-date: /root/workspaces/ros2_ws/install/ffw_description/share/ffw_description/meshes/common/follower/swerve/lift_link.stl
[0.732s] -- Up-to-date: /root/workspaces/ros2_ws/install/ffw_description/share/ffw_description/meshes/common/follower/swerve/left_wheel_steer_link.stl
[0.732s] -- Up-to-date: /root/workspaces/ros2_ws/install/ffw_description/share/ffw_description/meshes/common/follower/head_link2.stl
[0.732s] -- Up-to-date: /root/workspaces/ros2_ws/install/ffw_description/share/ffw_description/meshes/common/follower/arm_r_link3.stl
[0.732s] -- Up-to-date: /root/workspaces/ros2_ws/install/ffw_description/share/ffw_description/meshes/common/follower/arm_l_link1.stl
[0.733s] -- Up-to-date: /root/workspaces/ros2_ws/install/ffw_description/share/ffw_description/meshes/common/follower/arm_r_link7.stl
[0.733s] -- Up-to-date: /root/workspaces/ros2_ws/install/ffw_description/share/ffw_description/meshes/common/follower/arm_l_link5.stl
[0.733s] -- Up-to-date: /root/workspaces/ros2_ws/install/ffw_description/share/ffw_description/meshes/common/follower/head_link1.stl
[0.733s] -- Up-to-date: /root/workspaces/ros2_ws/install/ffw_description/share/ffw_description/meshes/common/follower/zedm.stl
[0.733s] -- Up-to-date: /root/workspaces/ros2_ws/install/ffw_description/share/ffw_description/meshes/common/follower/arm_r_link2.stl
[0.733s] -- Up-to-date: /root/workspaces/ros2_ws/install/ffw_description/share/ffw_description/meshes/common/follower/arm_r_link6.stl
[0.733s] -- Up-to-date: /root/workspaces/ros2_ws/install/ffw_description/share/ffw_description/meshes/common/follower/body_arm_assy.stl
[0.736s] -- Up-to-date: /root/workspaces/ros2_ws/install/ffw_description/share/ffw_description/meshes/common/follower/arm_l_link4.stl
[0.743s] -- Up-to-date: /root/workspaces/ros2_ws/install/ffw_description/share/ffw_description/meshes/common/follower/arm_r_link4.stl
[0.761s] -- Up-to-date: /root/workspaces/ros2_ws/install/ffw_description/share/ffw_description/meshes/common/follower/base
[0.784s] -- Up-to-date: /root/workspaces/ros2_ws/install/ffw_description/share/ffw_description/meshes/common/follower/base/base_mobile_assy.stl
[0.796s] -- Up-to-date: /root/workspaces/ros2_ws/install/ffw_description/share/ffw_description/meshes/common/follower/arm_l_link2.stl
[0.813s] -- Up-to-date: /root/workspaces/ros2_ws/install/ffw_description/share/ffw_description/meshes/common/follower/arm_l_link6.stl
[0.844s] -- Up-to-date: /root/workspaces/ros2_ws/install/ffw_description/share/ffw_description/meshes/common/rh_p12_rn_a
[0.849s] -- Up-to-date: /root/workspaces/ros2_ws/install/ffw_description/share/ffw_description/meshes/common/rh_p12_rn_a/r1.stl
[0.850s] -- Up-to-date: /root/workspaces/ros2_ws/install/ffw_description/share/ffw_description/meshes/common/rh_p12_rn_a/base.stl
[0.850s] -- Up-to-date: /root/workspaces/ros2_ws/install/ffw_description/share/ffw_description/meshes/common/rh_p12_rn_a/l1.stl
[0.883s] -- Up-to-date: /root/workspaces/ros2_ws/install/ffw_description/share/ffw_description/meshes/common/rh_p12_rn_a/r2.stl
[0.886s] -- Up-to-date: /root/workspaces/ros2_ws/install/ffw_description/share/ffw_description/meshes/common/rh_p12_rn_a/l2.stl
[0.898s] -- Up-to-date: /root/workspaces/ros2_ws/install/ffw_description/share/ffw_description/rviz
[0.914s] -- Up-to-date: /root/workspaces/ros2_ws/install/ffw_description/share/ffw_description/rviz/ffw_sh5.rviz
[0.944s] -- Up-to-date: /root/workspaces/ros2_ws/install/ffw_description/share/ffw_description/rviz/ffw_sg2.rviz
[0.957s] -- Up-to-date: /root/workspaces/ros2_ws/install/ffw_description/share/ffw_description/urdf
[0.979s] -- Up-to-date: /root/workspaces/ros2_ws/install/ffw_description/share/ffw_description/urdf/ffw_sh5_rev1_follower
[1.011s] -- Up-to-date: /root/workspaces/ros2_ws/install/ffw_description/share/ffw_description/urdf/ffw_sh5_rev1_follower/ffw_sh5_follower.urdf.xacro
[1.039s] -- Up-to-date: /root/workspaces/ros2_ws/install/ffw_description/share/ffw_description/urdf/common
[1.068s] -- Up-to-date: /root/workspaces/ros2_ws/install/ffw_description/share/ffw_description/urdf/common/hx5_d20
[1.104s] -- Up-to-date: /root/workspaces/ros2_ws/install/ffw_description/share/ffw_description/urdf/common/hx5_d20/hx5_d20_right.urdf
[1.124s] -- Up-to-date: /root/workspaces/ros2_ws/install/ffw_description/share/ffw_description/urdf/common/hx5_d20/hx5_d20_left.urdf.xacro
[1.148s] -- Up-to-date: /root/workspaces/ros2_ws/install/ffw_description/share/ffw_description/urdf/common/hx5_d20/hx5_d20_right.urdf.xacro
[1.165s] -- Up-to-date: /root/workspaces/ros2_ws/install/ffw_description/share/ffw_description/urdf/common/hx5_d20/hx5_d20_left.urdf
[1.185s] -- Up-to-date: /root/workspaces/ros2_ws/install/ffw_description/share/ffw_description/urdf/common/follower
[1.194s] -- Up-to-date: /root/workspaces/ros2_ws/install/ffw_description/share/ffw_description/urdf/common/follower/ffw_follower_body.xacro
[1.194s] -- Up-to-date: /root/workspaces/ros2_ws/install/ffw_description/share/ffw_description/urdf/common/follower/zedm.urdf.xacro
[1.219s] -- Up-to-date: /root/workspaces/ros2_ws/install/ffw_description/share/ffw_description/urdf/common/leader
[1.235s] -- Up-to-date: /root/workspaces/ros2_ws/install/ffw_description/share/ffw_description/urdf/common/leader/ffw_leader_body.urdf.xacro
[1.251s] -- Up-to-date: /root/workspaces/ros2_ws/install/ffw_description/share/ffw_description/urdf/common/rh_p12_rn_a
[1.252s] -- Up-to-date: /root/workspaces/ros2_ws/install/ffw_description/share/ffw_description/urdf/common/rh_p12_rn_a/rh_p12_rn_a.urdf.xacro
[1.252s] -- Up-to-date: /root/workspaces/ros2_ws/install/ffw_description/share/ffw_description/gazebo
[1.252s] -- Up-to-date: /root/workspaces/ros2_ws/install/ffw_description/share/ffw_description/gazebo/ffw_sh5_rev1_follower
[1.252s] -- Up-to-date: /root/workspaces/ros2_ws/install/ffw_description/share/ffw_description/gazebo/ffw_sh5_rev1_follower/ffw_sh5_follower.gazebo.xacro
[1.253s] -- Up-to-date: /root/workspaces/ros2_ws/install/ffw_description/share/ffw_description/ros2_control
[1.253s] -- Up-to-date: /root/workspaces/ros2_ws/install/ffw_description/share/ffw_description/ros2_control/ffw_sh5_rev1_follower
[1.253s] -- Up-to-date: /root/workspaces/ros2_ws/install/ffw_description/share/ffw_description/ros2_control/ffw_sh5_rev1_follower/ffw_sh5_follower.ros2_control.xacro
[1.253s] -- Up-to-date: /root/workspaces/ros2_ws/install/ffw_description/share/ffw_description/ros2_control/ffw_sh5_rev1_follower/ffw_sh5_sensor.ros2_control.xacro
[1.253s] -- Up-to-date: /root/workspaces/ros2_ws/install/ffw_description/share/ffw_description/ros2_control/ffw_sh5_rev1_follower/ffw_sh5_base.ros2_control.xacro
[1.269s] -- Up-to-date: /root/workspaces/ros2_ws/install/ffw_description/share/ament_index/resource_index/package_run_dependencies/ffw_description
[1.269s] -- Up-to-date: /root/workspaces/ros2_ws/install/ffw_description/share/ament_index/resource_index/parent_prefix_path/ffw_description
[1.269s] -- Up-to-date: /root/workspaces/ros2_ws/install/ffw_description/share/ffw_description/environment/ament_prefix_path.sh
[1.270s] -- Up-to-date: /root/workspaces/ros2_ws/install/ffw_description/share/ffw_description/environment/ament_prefix_path.dsv
[1.270s] -- Up-to-date: /root/workspaces/ros2_ws/install/ffw_description/share/ffw_description/environment/path.sh
[1.270s] -- Up-to-date: /root/workspaces/ros2_ws/install/ffw_description/share/ffw_description/environment/path.dsv
[1.270s] -- Up-to-date: /root/workspaces/ros2_ws/install/ffw_description/share/ffw_description/local_setup.bash
[1.270s] -- Up-to-date: /root/workspaces/ros2_ws/install/ffw_description/share/ffw_description/local_setup.sh
[1.270s] -- Up-to-date: /root/workspaces/ros2_ws/install/ffw_description/share/ffw_description/local_setup.zsh
[1.270s] -- Up-to-date: /root/workspaces/ros2_ws/install/ffw_description/share/ffw_description/local_setup.dsv
[1.270s] -- Installing: /root/workspaces/ros2_ws/install/ffw_description/share/ffw_description/package.dsv
[1.270s] -- Up-to-date: /root/workspaces/ros2_ws/install/ffw_description/share/ament_index/resource_index/packages/ffw_description
[1.270s] -- Up-to-date: /root/workspaces/ros2_ws/install/ffw_description/share/ffw_description/cmake/ffw_descriptionConfig.cmake
[1.270s] -- Up-to-date: /root/workspaces/ros2_ws/install/ffw_description/share/ffw_description/cmake/ffw_descriptionConfig-version.cmake
[1.270s] -- Up-to-date: /root/workspaces/ros2_ws/install/ffw_description/share/ffw_description/package.xml
[1.716s] Invoked command in '/root/workspaces/ros2_ws/build/ffw_description' returned '0': CMAKE_PREFIX_PATH=${CMAKE_PREFIX_PATH}:/root/workspaces/ros2_ws/install/human_detector:/root/workspaces/ros2_ws/install/ffw_teleop:/root/workspaces/ros2_ws/install/ffw_bringup:/opt/ros/jazzy /usr/bin/cmake --install /root/workspaces/ros2_ws/build/ffw_description
