[9.013s] Invoking command in '/root/workspaces/ros2_ws/src/ai-worker-sim/human_detector': PYTHONPATH=/root/workspaces/ros2_ws/build/human_detector/prefix_override:/usr/lib/python3/dist-packages/colcon_core/task/python/colcon_distutils_commands:/root/workspaces/ros2_ws/install/human_detector/lib/python3.12/site-packages:${PYTHONPATH} /usr/bin/python3 -W ignore:setup.py install is deprecated -W ignore:easy_install command is deprecated setup.py egg_info --egg-base ../../../build/human_detector build --build-base /root/workspaces/ros2_ws/build/human_detector/build install --record /root/workspaces/ros2_ws/build/human_detector/install.log --install-scripts $base/lib/human_detector --single-version-externally-managed install_data
[10.340s] running egg_info
[10.789s] writing ../../../build/human_detector/human_detector.egg-info/PKG-INFO
[10.821s] writing dependency_links to ../../../build/human_detector/human_detector.egg-info/dependency_links.txt
[10.840s] writing entry points to ../../../build/human_detector/human_detector.egg-info/entry_points.txt
[10.863s] writing requirements to ../../../build/human_detector/human_detector.egg-info/requires.txt
[10.884s] writing top-level names to ../../../build/human_detector/human_detector.egg-info/top_level.txt
[11.166s] reading manifest file '../../../build/human_detector/human_detector.egg-info/SOURCES.txt'
[11.197s] writing manifest file '../../../build/human_detector/human_detector.egg-info/SOURCES.txt'
[11.216s] running build
[11.240s] running build_py
[11.264s] copying human_detector/wave_interact.py -> /root/workspaces/ros2_ws/build/human_detector/build/lib/human_detector
[11.289s] running install
[11.311s] running install_lib
[11.664s] copying /root/workspaces/ros2_ws/build/human_detector/build/lib/human_detector/wave_interact.py -> /root/workspaces/ros2_ws/install/human_detector/lib/python3.12/site-packages/human_detector
[11.709s] byte-compiling /root/workspaces/ros2_ws/install/human_detector/lib/python3.12/site-packages/human_detector/wave_interact.py to wave_interact.cpython-312.pyc
[11.777s] running install_data
[11.777s] copying launch/human_detector.launch.py -> /root/workspaces/ros2_ws/install/human_detector/share/human_detector/launch
[11.802s] running install_egg_info
[11.899s] removing '/root/workspaces/ros2_ws/install/human_detector/lib/python3.12/site-packages/human_detector-0.0.0-py3.12.egg-info' (and everything under it)
[11.943s] Copying ../../../build/human_detector/human_detector.egg-info to /root/workspaces/ros2_ws/install/human_detector/lib/python3.12/site-packages/human_detector-0.0.0-py3.12.egg-info
[12.170s] running install_scripts
[12.866s] Installing person_detector_node script to /root/workspaces/ros2_ws/install/human_detector/lib/human_detector
[12.900s] Installing wave_interact script to /root/workspaces/ros2_ws/install/human_detector/lib/human_detector
[12.919s] writing list of installed files to '/root/workspaces/ros2_ws/build/human_detector/install.log'
[13.073s] Invoked command in '/root/workspaces/ros2_ws/src/ai-worker-sim/human_detector' returned '0': PYTHONPATH=/root/workspaces/ros2_ws/build/human_detector/prefix_override:/usr/lib/python3/dist-packages/colcon_core/task/python/colcon_distutils_commands:/root/workspaces/ros2_ws/install/human_detector/lib/python3.12/site-packages:${PYTHONPATH} /usr/bin/python3 -W ignore:setup.py install is deprecated -W ignore:easy_install command is deprecated setup.py egg_info --egg-base ../../../build/human_detector build --build-base /root/workspaces/ros2_ws/build/human_detector/build install --record /root/workspaces/ros2_ws/build/human_detector/install.log --install-scripts $base/lib/human_detector --single-version-externally-managed install_data
