running develop
running egg_info
writing human_detector.egg-info/PKG-INFO
writing dependency_links to human_detector.egg-info/dependency_links.txt
writing entry points to human_detector.egg-info/entry_points.txt
writing requirements to human_detector.egg-info/requires.txt
writing top-level names to human_detector.egg-info/top_level.txt
reading manifest file 'human_detector.egg-info/SOURCES.txt'
writing manifest file 'human_detector.egg-info/SOURCES.txt'
running build_ext
Creating /root/workspaces/ros2_ws/install/human_detector/lib/python3.12/site-packages/human-detector.egg-link (link to .)
Installing person_detector_node script to /root/workspaces/ros2_ws/install/human_detector/lib/human_detector
Installing wave_interact script to /root/workspaces/ros2_ws/install/human_detector/lib/human_detector

Installed /root/workspaces/ros2_ws/build/human_detector
running symlink_data
symbolically linking /root/workspaces/ros2_ws/build/human_detector/resource/human_detector -> /root/workspaces/ros2_ws/install/human_detector/share/ament_index/resource_index/packages
symbolically linking /root/workspaces/ros2_ws/build/human_detector/package.xml -> /root/workspaces/ros2_ws/install/human_detector/share/human_detector
symbolically linking /root/workspaces/ros2_ws/build/human_detector/models/yolov4-tiny.cfg -> /root/workspaces/ros2_ws/install/human_detector/share/human_detector/models
symbolically linking /root/workspaces/ros2_ws/build/human_detector/models/coco.names -> /root/workspaces/ros2_ws/install/human_detector/share/human_detector/models
symbolically linking /root/workspaces/ros2_ws/build/human_detector/models/yolov4-tiny.weights -> /root/workspaces/ros2_ws/install/human_detector/share/human_detector/models
symbolically linking /root/workspaces/ros2_ws/build/human_detector/launch/human_detector.launch.py -> /root/workspaces/ros2_ws/install/human_detector/share/human_detector/launch
