[3.571s] Invoking command in '/root/workspaces/ros2_ws/build/human_detector': PYTHONPATH=/root/workspaces/ros2_ws/build/human_detector/prefix_override:/usr/lib/python3/dist-packages/colcon_core/task/python/colcon_distutils_commands:/root/workspaces/ros2_ws/install/human_detector/lib/python3.12/site-packages:${PYTHONPATH} /usr/bin/python3 -W ignore:setup.py install is deprecated -W ignore:easy_install command is deprecated setup.py develop --editable --build-directory /root/workspaces/ros2_ws/build/human_detector/build --no-deps symlink_data --force
[4.258s] running develop
[4.755s] running egg_info
[4.779s] writing human_detector.egg-info/PKG-INFO
[4.801s] writing dependency_links to human_detector.egg-info/dependency_links.txt
[4.821s] writing entry points to human_detector.egg-info/entry_points.txt
[4.860s] writing requirements to human_detector.egg-info/requires.txt
[4.873s] writing top-level names to human_detector.egg-info/top_level.txt
[4.976s] reading manifest file 'human_detector.egg-info/SOURCES.txt'
[4.995s] writing manifest file 'human_detector.egg-info/SOURCES.txt'
[5.062s] running build_ext
[5.062s] Creating /root/workspaces/ros2_ws/install/human_detector/lib/python3.12/site-packages/human-detector.egg-link (link to .)
[5.085s] Installing person_detector_node script to /root/workspaces/ros2_ws/install/human_detector/lib/human_detector
[5.111s] Installing wave_interact script to /root/workspaces/ros2_ws/install/human_detector/lib/human_detector
[5.164s] 
[5.178s] Installed /root/workspaces/ros2_ws/build/human_detector
[5.182s] running symlink_data
[5.182s] symbolically linking /root/workspaces/ros2_ws/build/human_detector/resource/human_detector -> /root/workspaces/ros2_ws/install/human_detector/share/ament_index/resource_index/packages
[5.184s] symbolically linking /root/workspaces/ros2_ws/build/human_detector/package.xml -> /root/workspaces/ros2_ws/install/human_detector/share/human_detector
[5.207s] symbolically linking /root/workspaces/ros2_ws/build/human_detector/models/yolov4-tiny.cfg -> /root/workspaces/ros2_ws/install/human_detector/share/human_detector/models
[5.265s] symbolically linking /root/workspaces/ros2_ws/build/human_detector/models/coco.names -> /root/workspaces/ros2_ws/install/human_detector/share/human_detector/models
[5.275s] symbolically linking /root/workspaces/ros2_ws/build/human_detector/models/yolov4-tiny.weights -> /root/workspaces/ros2_ws/install/human_detector/share/human_detector/models
[5.290s] symbolically linking /root/workspaces/ros2_ws/build/human_detector/launch/human_detector.launch.py -> /root/workspaces/ros2_ws/install/human_detector/share/human_detector/launch
[5.468s] Invoked command in '/root/workspaces/ros2_ws/build/human_detector' returned '0': PYTHONPATH=/root/workspaces/ros2_ws/build/human_detector/prefix_override:/usr/lib/python3/dist-packages/colcon_core/task/python/colcon_distutils_commands:/root/workspaces/ros2_ws/install/human_detector/lib/python3.12/site-packages:${PYTHONPATH} /usr/bin/python3 -W ignore:setup.py install is deprecated -W ignore:easy_install command is deprecated setup.py develop --editable --build-directory /root/workspaces/ros2_ws/build/human_detector/build --no-deps symlink_data --force
