/root/workspaces/ros2_ws/install/human_detector/lib/python3.12/site-packages/human_detector/person_detector_node.py
/root/workspaces/ros2_ws/install/human_detector/lib/python3.12/site-packages/human_detector/wave_interact.py
/root/workspaces/ros2_ws/install/human_detector/lib/python3.12/site-packages/human_detector/__init__.py
/root/workspaces/ros2_ws/install/human_detector/lib/python3.12/site-packages/human_detector/__pycache__/person_detector_node.cpython-312.pyc
/root/workspaces/ros2_ws/install/human_detector/lib/python3.12/site-packages/human_detector/__pycache__/wave_interact.cpython-312.pyc
/root/workspaces/ros2_ws/install/human_detector/lib/python3.12/site-packages/human_detector/__pycache__/__init__.cpython-312.pyc
/root/workspaces/ros2_ws/install/human_detector/share/ament_index/resource_index/packages/human_detector
/root/workspaces/ros2_ws/install/human_detector/share/human_detector/package.xml
/root/workspaces/ros2_ws/install/human_detector/share/human_detector/models/yolov4-tiny.cfg
/root/workspaces/ros2_ws/install/human_detector/share/human_detector/models/coco.names
/root/workspaces/ros2_ws/install/human_detector/share/human_detector/models/yolov4-tiny.weights
/root/workspaces/ros2_ws/install/human_detector/share/human_detector/launch/human_detector.launch.py
/root/workspaces/ros2_ws/install/human_detector/share/human_detector/config
/root/workspaces/ros2_ws/install/human_detector/lib/python3.12/site-packages/human_detector-0.0.0-py3.12.egg-info/top_level.txt
/root/workspaces/ros2_ws/install/human_detector/lib/python3.12/site-packages/human_detector-0.0.0-py3.12.egg-info/entry_points.txt
/root/workspaces/ros2_ws/install/human_detector/lib/python3.12/site-packages/human_detector-0.0.0-py3.12.egg-info/SOURCES.txt
/root/workspaces/ros2_ws/install/human_detector/lib/python3.12/site-packages/human_detector-0.0.0-py3.12.egg-info/requires.txt
/root/workspaces/ros2_ws/install/human_detector/lib/python3.12/site-packages/human_detector-0.0.0-py3.12.egg-info/dependency_links.txt
/root/workspaces/ros2_ws/install/human_detector/lib/python3.12/site-packages/human_detector-0.0.0-py3.12.egg-info/PKG-INFO
/root/workspaces/ros2_ws/install/human_detector/lib/python3.12/site-packages/human_detector-0.0.0-py3.12.egg-info/zip-safe
/root/workspaces/ros2_ws/install/human_detector/lib/human_detector/person_detector_node
/root/workspaces/ros2_ws/install/human_detector/lib/human_detector/wave_interact
