[0.360s] Invoking command in '/root/workspaces/ros2_ws/build/ffw_swerve_drive_controller': CMAKE_PREFIX_PATH=${CMAKE_PREFIX_PATH}:/opt/ros/jazzy /usr/bin/cmake --build /root/workspaces/ros2_ws/build/ffw_swerve_drive_controller -- -j4 -l4
[0.659s] [ 28%] Built target swerve_drive_controller_parameter
[0.787s] [100%] Built target ffw_swerve_drive_controller
[1.362s] Invoked command in '/root/workspaces/ros2_ws/build/ffw_swerve_drive_controller' returned '0': CMAKE_PREFIX_PATH=${CMAKE_PREFIX_PATH}:/opt/ros/jazzy /usr/bin/cmake --build /root/workspaces/ros2_ws/build/ffw_swerve_drive_controller -- -j4 -l4
[1.380s] Invoking command in '/root/workspaces/ros2_ws/build/ffw_swerve_drive_controller': CMAKE_PREFIX_PATH=${CMAKE_PREFIX_PATH}:/opt/ros/jazzy /usr/bin/cmake --install /root/workspaces/ros2_ws/build/ffw_swerve_drive_controller
[1.621s] -- Install configuration: ""
[1.621s] -- Up-to-date: /root/workspaces/ros2_ws/install/ffw_swerve_drive_controller/include/ffw_swerve_drive_controller
[1.621s] -- Up-to-date: /root/workspaces/ros2_ws/install/ffw_swerve_drive_controller/include/ffw_swerve_drive_controller/swerve_drive_controller_parameter.hpp
[1.621s] -- Up-to-date: /root/workspaces/ros2_ws/install/ffw_swerve_drive_controller/share/ffw_swerve_drive_controller/ffw_swerve_drive_controller.xml
[1.621s] -- Up-to-date: /root/workspaces/ros2_ws/install/ffw_swerve_drive_controller/include
[1.642s] -- Up-to-date: /root/workspaces/ros2_ws/install/ffw_swerve_drive_controller/include/ffw_swerve_drive_controller
[1.663s] -- Up-to-date: /root/workspaces/ros2_ws/install/ffw_swerve_drive_controller/include/ffw_swerve_drive_controller/speed_limiter.hpp
[1.685s] -- Up-to-date: /root/workspaces/ros2_ws/install/ffw_swerve_drive_controller/include/ffw_swerve_drive_controller/swerve_drive_controller.hpp
[1.706s] -- Up-to-date: /root/workspaces/ros2_ws/install/ffw_swerve_drive_controller/include/ffw_swerve_drive_controller/odometry.hpp
[1.728s] -- Up-to-date: /root/workspaces/ros2_ws/install/ffw_swerve_drive_controller/include/ffw_swerve_drive_controller/marker_visualize.hpp
[1.732s] -- Up-to-date: /root/workspaces/ros2_ws/install/ffw_swerve_drive_controller/lib/libffw_swerve_drive_controller.so
[1.732s] -- Up-to-date: /root/workspaces/ros2_ws/install/ffw_swerve_drive_controller/share/ffw_swerve_drive_controller/ffw_swerve_drive_controller.xml
[1.732s] -- Up-to-date: /root/workspaces/ros2_ws/install/ffw_swerve_drive_controller/share/ffw_swerve_drive_controller/environment/library_path.sh
[1.732s] -- Up-to-date: /root/workspaces/ros2_ws/install/ffw_swerve_drive_controller/share/ffw_swerve_drive_controller/environment/library_path.dsv
[1.732s] -- Up-to-date: /root/workspaces/ros2_ws/install/ffw_swerve_drive_controller/share/ament_index/resource_index/package_run_dependencies/ffw_swerve_drive_controller
[1.733s] -- Up-to-date: /root/workspaces/ros2_ws/install/ffw_swerve_drive_controller/share/ament_index/resource_index/parent_prefix_path/ffw_swerve_drive_controller
[1.733s] -- Up-to-date: /root/workspaces/ros2_ws/install/ffw_swerve_drive_controller/share/ffw_swerve_drive_controller/environment/ament_prefix_path.sh
[1.733s] -- Up-to-date: /root/workspaces/ros2_ws/install/ffw_swerve_drive_controller/share/ffw_swerve_drive_controller/environment/ament_prefix_path.dsv
[1.733s] -- Up-to-date: /root/workspaces/ros2_ws/install/ffw_swerve_drive_controller/share/ffw_swerve_drive_controller/environment/path.sh
[1.733s] -- Up-to-date: /root/workspaces/ros2_ws/install/ffw_swerve_drive_controller/share/ffw_swerve_drive_controller/environment/path.dsv
[1.733s] -- Up-to-date: /root/workspaces/ros2_ws/install/ffw_swerve_drive_controller/share/ffw_swerve_drive_controller/local_setup.bash
[1.733s] -- Up-to-date: /root/workspaces/ros2_ws/install/ffw_swerve_drive_controller/share/ffw_swerve_drive_controller/local_setup.sh
[1.733s] -- Up-to-date: /root/workspaces/ros2_ws/install/ffw_swerve_drive_controller/share/ffw_swerve_drive_controller/local_setup.zsh
[1.733s] -- Up-to-date: /root/workspaces/ros2_ws/install/ffw_swerve_drive_controller/share/ffw_swerve_drive_controller/local_setup.dsv
[1.734s] -- Installing: /root/workspaces/ros2_ws/install/ffw_swerve_drive_controller/share/ffw_swerve_drive_controller/package.dsv
[1.734s] -- Up-to-date: /root/workspaces/ros2_ws/install/ffw_swerve_drive_controller/share/ament_index/resource_index/packages/ffw_swerve_drive_controller
[1.734s] -- Up-to-date: /root/workspaces/ros2_ws/install/ffw_swerve_drive_controller/share/ament_index/resource_index/controller_interface__pluginlib__plugin/ffw_swerve_drive_controller
[1.734s] -- Up-to-date: /root/workspaces/ros2_ws/install/ffw_swerve_drive_controller/share/ffw_swerve_drive_controller/cmake/export_ffw_swerve_drive_controllerExport.cmake
[1.734s] -- Up-to-date: /root/workspaces/ros2_ws/install/ffw_swerve_drive_controller/share/ffw_swerve_drive_controller/cmake/export_ffw_swerve_drive_controllerExport-noconfig.cmake
[1.734s] -- Up-to-date: /root/workspaces/ros2_ws/install/ffw_swerve_drive_controller/share/ffw_swerve_drive_controller/cmake/ament_cmake_export_dependencies-extras.cmake
[1.734s] -- Up-to-date: /root/workspaces/ros2_ws/install/ffw_swerve_drive_controller/share/ffw_swerve_drive_controller/cmake/ament_cmake_export_include_directories-extras.cmake
[1.734s] -- Up-to-date: /root/workspaces/ros2_ws/install/ffw_swerve_drive_controller/share/ffw_swerve_drive_controller/cmake/ament_cmake_export_libraries-extras.cmake
[1.734s] -- Up-to-date: /root/workspaces/ros2_ws/install/ffw_swerve_drive_controller/share/ffw_swerve_drive_controller/cmake/ament_cmake_export_targets-extras.cmake
[1.735s] -- Up-to-date: /root/workspaces/ros2_ws/install/ffw_swerve_drive_controller/share/ffw_swerve_drive_controller/cmake/ffw_swerve_drive_controllerConfig.cmake
[1.735s] -- Up-to-date: /root/workspaces/ros2_ws/install/ffw_swerve_drive_controller/share/ffw_swerve_drive_controller/cmake/ffw_swerve_drive_controllerConfig-version.cmake
[1.735s] -- Up-to-date: /root/workspaces/ros2_ws/install/ffw_swerve_drive_controller/share/ffw_swerve_drive_controller/package.xml
[1.735s] Invoked command in '/root/workspaces/ros2_ws/build/ffw_swerve_drive_controller' returned '0': CMAKE_PREFIX_PATH=${CMAKE_PREFIX_PATH}:/opt/ros/jazzy /usr/bin/cmake --install /root/workspaces/ros2_ws/build/ffw_swerve_drive_controller
