[0.190s] Invoking command in '/root/workspaces/ros2_ws/build/library_world': CMAKE_PREFIX_PATH=${CMAKE_PREFIX_PATH}:/root/workspaces/ros2_ws/install/human_detector:/root/workspaces/ros2_ws/install/ffw_teleop:/root/workspaces/ros2_ws/install/ffw_bringup:/opt/ros/jazzy /usr/bin/cmake /root/workspaces/ros2_ws/src/ai-worker-sim/library_world -DCMAKE_INSTALL_PREFIX=/root/workspaces/ros2_ws/install/library_world
[0.829s] -- The C compiler identification is GNU 13.3.0
[1.278s] -- The CXX compiler identification is GNU 13.3.0
[1.493s] -- Detecting C compiler ABI info
[3.181s] -- Detecting C compiler ABI info - done
[3.195s] -- Check for working C compiler: /usr/bin/cc - skipped
[3.198s] -- Detecting C compile features
[3.198s] -- Detecting C compile features - done
[3.397s] -- Detecting CXX compiler ABI info
[5.011s] -- Detecting CXX compiler ABI info - done
[5.074s] -- Check for working CXX compiler: /usr/bin/c++ - skipped
[5.074s] -- Detecting CXX compile features
[5.074s] -- Detecting CXX compile features - done
[5.272s] -- Found ament_cmake: 2.5.6 (/opt/ros/jazzy/share/ament_cmake/cmake)
[6.373s] -- Found Python3: /usr/bin/python3 (found version "3.12.3") found components: Interpreter 
[9.276s] -- Found ament_lint_auto: 0.17.5 (/opt/ros/jazzy/share/ament_lint_auto/cmake)
[11.694s] -- Added test 'flake8' to check Python code syntax and style conventions
[11.710s] -- Configured 'flake8' exclude dirs and/or files: 
[11.888s] -- Added test 'lint_cmake' to check CMake code style
[12.001s] -- Added test 'pep257' to check Python code against some of the docstring style conventions in PEP 257
[12.615s] -- Added test 'xmllint' to check XML markup files
[12.981s] -- Configuring done (12.8s)
[14.026s] -- Generating done (0.9s)
[14.475s] -- Build files have been written to: /root/workspaces/ros2_ws/build/library_world
[14.494s] Invoked command in '/root/workspaces/ros2_ws/build/library_world' returned '0': CMAKE_PREFIX_PATH=${CMAKE_PREFIX_PATH}:/root/workspaces/ros2_ws/install/human_detector:/root/workspaces/ros2_ws/install/ffw_teleop:/root/workspaces/ros2_ws/install/ffw_bringup:/opt/ros/jazzy /usr/bin/cmake /root/workspaces/ros2_ws/src/ai-worker-sim/library_world -DCMAKE_INSTALL_PREFIX=/root/workspaces/ros2_ws/install/library_world
[14.518s] Invoking command in '/root/workspaces/ros2_ws/build/library_world': CMAKE_PREFIX_PATH=${CMAKE_PREFIX_PATH}:/root/workspaces/ros2_ws/install/human_detector:/root/workspaces/ros2_ws/install/ffw_teleop:/root/workspaces/ros2_ws/install/ffw_bringup:/opt/ros/jazzy /usr/bin/cmake --build /root/workspaces/ros2_ws/build/library_world -- -j4 -l4
[14.914s] Invoked command in '/root/workspaces/ros2_ws/build/library_world' returned '0': CMAKE_PREFIX_PATH=${CMAKE_PREFIX_PATH}:/root/workspaces/ros2_ws/install/human_detector:/root/workspaces/ros2_ws/install/ffw_teleop:/root/workspaces/ros2_ws/install/ffw_bringup:/opt/ros/jazzy /usr/bin/cmake --build /root/workspaces/ros2_ws/build/library_world -- -j4 -l4
[14.972s] Invoking command in '/root/workspaces/ros2_ws/build/library_world': CMAKE_PREFIX_PATH=${CMAKE_PREFIX_PATH}:/root/workspaces/ros2_ws/install/human_detector:/root/workspaces/ros2_ws/install/ffw_teleop:/root/workspaces/ros2_ws/install/ffw_bringup:/opt/ros/jazzy /usr/bin/cmake --install /root/workspaces/ros2_ws/build/library_world
[14.993s] -- Install configuration: ""
[14.993s] -- Installing: /root/workspaces/ros2_ws/install/library_world/share/library_world//launch
[14.997s] -- Installing: /root/workspaces/ros2_ws/install/library_world/share/library_world//launch/library_world_launch.py
[15.085s] -- Installing: /root/workspaces/ros2_ws/install/library_world/share/library_world//world
[15.188s] -- Installing: /root/workspaces/ros2_ws/install/library_world/share/library_world//world/library.sdf
[15.209s] -- Installing: /root/workspaces/ros2_ws/install/library_world/share/library_world//models
[15.303s] -- Installing: /root/workspaces/ros2_ws/install/library_world/share/library_world//models/bookshelf_d
[15.317s] -- Installing: /root/workspaces/ros2_ws/install/library_world/share/library_world//models/bookshelf_d/model.sdf
[15.432s] -- Installing: /root/workspaces/ros2_ws/install/library_world/share/library_world//models/bookshelf_d/materials
[15.490s] -- Installing: /root/workspaces/ros2_ws/install/library_world/share/library_world//models/bookshelf_d/materials/textures
[15.511s] -- Installing: /root/workspaces/ros2_ws/install/library_world/share/library_world//models/bookshelf_d/materials/textures/aws_BookshelfB_01.png
[15.595s] -- Installing: /root/workspaces/ros2_ws/install/library_world/share/library_world//models/bookshelf_d/materials/textures/aws_BookshelfB_02.png
[15.686s] -- Installing: /root/workspaces/ros2_ws/install/library_world/share/library_world//models/bookshelf_d/model.config
[15.777s] -- Installing: /root/workspaces/ros2_ws/install/library_world/share/library_world//models/bookshelf_d/meshes
[15.804s] -- Installing: /root/workspaces/ros2_ws/install/library_world/share/library_world//models/bookshelf_d/meshes/SHELVES.dae
[15.889s] -- Installing: /root/workspaces/ros2_ws/install/library_world/share/library_world//models/floor
[15.909s] -- Installing: /root/workspaces/ros2_ws/install/library_world/share/library_world//models/floor/model.sdf
[15.992s] -- Installing: /root/workspaces/ros2_ws/install/library_world/share/library_world//models/floor/materials
[16.013s] -- Installing: /root/workspaces/ros2_ws/install/library_world/share/library_world//models/floor/materials/textures
[16.079s] -- Installing: /root/workspaces/ros2_ws/install/library_world/share/library_world//models/floor/materials/textures/aws_FloorB_01.png
[16.196s] -- Installing: /root/workspaces/ros2_ws/install/library_world/share/library_world//models/floor/model.config
[16.273s] -- Installing: /root/workspaces/ros2_ws/install/library_world/share/library_world//models/floor/meshes
[16.290s] -- Installing: /root/workspaces/ros2_ws/install/library_world/share/library_world//models/floor/meshes/floor_collision.DAE
[16.372s] -- Installing: /root/workspaces/ros2_ws/install/library_world/share/library_world//models/floor/meshes/floor_visual.DAE
[16.410s] -- Installing: /root/workspaces/ros2_ws/install/library_world/share/library_world//models/bookshelf_b
[16.424s] -- Installing: /root/workspaces/ros2_ws/install/library_world/share/library_world//models/bookshelf_b/model.sdf
[16.517s] -- Installing: /root/workspaces/ros2_ws/install/library_world/share/library_world//models/bookshelf_b/materials
[16.572s] -- Installing: /root/workspaces/ros2_ws/install/library_world/share/library_world//models/bookshelf_b/materials/textures
[16.602s] -- Installing: /root/workspaces/ros2_ws/install/library_world/share/library_world//models/bookshelf_b/materials/textures/aws_BookshelfA_02.png
[16.789s] -- Installing: /root/workspaces/ros2_ws/install/library_world/share/library_world//models/bookshelf_b/materials/textures/aws_BookshelfA_03.png
[16.891s] -- Installing: /root/workspaces/ros2_ws/install/library_world/share/library_world//models/bookshelf_b/materials/textures/aws_BookshelfA_01.png
[17.090s] -- Installing: /root/workspaces/ros2_ws/install/library_world/share/library_world//models/bookshelf_b/model.config
[17.178s] -- Installing: /root/workspaces/ros2_ws/install/library_world/share/library_world//models/bookshelf_b/meshes
[17.199s] -- Installing: /root/workspaces/ros2_ws/install/library_world/share/library_world//models/bookshelf_b/meshes/bookshelfb_collision.DAE
[17.287s] -- Installing: /root/workspaces/ros2_ws/install/library_world/share/library_world//models/bookshelf_b/meshes/bookshelfb_visual.DAE
[17.624s] -- Installing: /root/workspaces/ros2_ws/install/library_world/share/library_world//models/bookshelf_e
[17.681s] -- Installing: /root/workspaces/ros2_ws/install/library_world/share/library_world//models/bookshelf_e/model.sdf
[17.715s] -- Installing: /root/workspaces/ros2_ws/install/library_world/share/library_world//models/bookshelf_e/materials
[17.733s] -- Installing: /root/workspaces/ros2_ws/install/library_world/share/library_world//models/bookshelf_e/materials/textures
[17.790s] -- Installing: /root/workspaces/ros2_ws/install/library_world/share/library_world//models/bookshelf_e/materials/textures/aws_BookshelfC_01.png
[18.002s] -- Installing: /root/workspaces/ros2_ws/install/library_world/share/library_world//models/bookshelf_e/model.config
[18.088s] -- Installing: /root/workspaces/ros2_ws/install/library_world/share/library_world//models/bookshelf_e/meshes
[18.105s] -- Installing: /root/workspaces/ros2_ws/install/library_world/share/library_world//models/bookshelf_e/meshes/bookshelfe_collision.DAE
[18.203s] -- Installing: /root/workspaces/ros2_ws/install/library_world/share/library_world//models/bookshelf_e/meshes/bookshelfe_visual.DAE
[18.225s] -- Installing: /root/workspaces/ros2_ws/install/library_world/share/library_world//models/etgah_logo
[18.277s] -- Installing: /root/workspaces/ros2_ws/install/library_world/share/library_world//models/etgah_logo/model.sdf
[18.312s] -- Installing: /root/workspaces/ros2_ws/install/library_world/share/library_world//models/etgah_logo/materials
[18.329s] -- Installing: /root/workspaces/ros2_ws/install/library_world/share/library_world//models/etgah_logo/materials/textures
[18.384s] -- Installing: /root/workspaces/ros2_ws/install/library_world/share/library_world//models/etgah_logo/materials/textures/logo.png
[18.484s] -- Installing: /root/workspaces/ros2_ws/install/library_world/share/library_world//models/etgah_logo/model.config
[18.531s] -- Installing: /root/workspaces/ros2_ws/install/library_world/share/library_world//models/sofa
[18.572s] -- Installing: /root/workspaces/ros2_ws/install/library_world/share/library_world//models/sofa/model.sdf
[18.614s] -- Installing: /root/workspaces/ros2_ws/install/library_world/share/library_world//models/sofa/materials
[18.675s] -- Installing: /root/workspaces/ros2_ws/install/library_world/share/library_world//models/sofa/materials/textures
[18.694s] -- Installing: /root/workspaces/ros2_ws/install/library_world/share/library_world//models/sofa/materials/textures/Wood1.jpg
[18.795s] -- Installing: /root/workspaces/ros2_ws/install/library_world/share/library_world//models/sofa/materials/textures/Wood_Fine_AI_03-CW.jpg
[18.876s] -- Installing: /root/workspaces/ros2_ws/install/library_world/share/library_world//models/sofa/model.config
[18.910s] -- Installing: /root/workspaces/ros2_ws/install/library_world/share/library_world//models/sofa/meshes
[18.925s] -- Installing: /root/workspaces/ros2_ws/install/library_world/share/library_world//models/sofa/meshes/Sofa3
[18.986s] -- Installing: /root/workspaces/ros2_ws/install/library_world/share/library_world//models/sofa/meshes/Sofa3/Wood1.jpg
[19.099s] -- Installing: /root/workspaces/ros2_ws/install/library_world/share/library_world//models/sofa/meshes/Sofa3/Wood_Fine_AI_03-CW.jpg
[19.188s] -- Installing: /root/workspaces/ros2_ws/install/library_world/share/library_world//models/sofa/meshes/sofa.dae
[19.318s] -- Installing: /root/workspaces/ros2_ws/install/library_world/share/library_world//models/bookshelf
[19.375s] -- Installing: /root/workspaces/ros2_ws/install/library_world/share/library_world//models/bookshelf/model.sdf
[19.413s] -- Installing: /root/workspaces/ros2_ws/install/library_world/share/library_world//models/bookshelf/materials
[19.472s] -- Installing: /root/workspaces/ros2_ws/install/library_world/share/library_world//models/bookshelf/materials/textures
[19.485s] -- Installing: /root/workspaces/ros2_ws/install/library_world/share/library_world//models/bookshelf/materials/textures/aws_BookshelfB_01.png
[19.689s] -- Installing: /root/workspaces/ros2_ws/install/library_world/share/library_world//models/bookshelf/materials/textures/aws_BookshelfB_02.png
[19.794s] -- Installing: /root/workspaces/ros2_ws/install/library_world/share/library_world//models/bookshelf/model.config
[19.825s] -- Installing: /root/workspaces/ros2_ws/install/library_world/share/library_world//models/bookshelf/meshes
[19.876s] -- Installing: /root/workspaces/ros2_ws/install/library_world/share/library_world//models/bookshelf/meshes/bookshelf_collision.DAE
[19.914s] -- Installing: /root/workspaces/ros2_ws/install/library_world/share/library_world//models/bookshelf/meshes/bookshelf_visual.DAE
[20.083s] -- Installing: /root/workspaces/ros2_ws/install/library_world/share/library_world//models/house_wall
[20.104s] -- Installing: /root/workspaces/ros2_ws/install/library_world/share/library_world//models/house_wall/model.sdf
[20.188s] -- Installing: /root/workspaces/ros2_ws/install/library_world/share/library_world//models/house_wall/materials
[20.188s] -- Installing: /root/workspaces/ros2_ws/install/library_world/share/library_world//models/house_wall/materials/textures
[20.214s] -- Installing: /root/workspaces/ros2_ws/install/library_world/share/library_world//models/house_wall/materials/textures/aws_HouseWallB_01.png
[20.304s] -- Installing: /root/workspaces/ros2_ws/install/library_world/share/library_world//models/house_wall/model.config
[20.332s] -- Installing: /root/workspaces/ros2_ws/install/library_world/share/library_world//models/house_wall/meshes
[20.372s] -- Installing: /root/workspaces/ros2_ws/install/library_world/share/library_world//models/house_wall/meshes/house_wall_collision.DAE
[20.417s] -- Installing: /root/workspaces/ros2_ws/install/library_world/share/library_world//models/house_wall/meshes/house_wall_visual.DAE
[20.493s] -- Installing: /root/workspaces/ros2_ws/install/library_world/share/library_world//models/book
[20.512s] -- Installing: /root/workspaces/ros2_ws/install/library_world/share/library_world//models/book/model.sdf
[20.590s] -- Installing: /root/workspaces/ros2_ws/install/library_world/share/library_world//models/book/materials
[20.611s] -- Installing: /root/workspaces/ros2_ws/install/library_world/share/library_world//models/book/materials/textures
[20.630s] -- Installing: /root/workspaces/ros2_ws/install/library_world/share/library_world//models/book/materials/textures/aws_BookD_01.png
[20.731s] -- Installing: /root/workspaces/ros2_ws/install/library_world/share/library_world//models/book/model.config
[20.784s] -- Installing: /root/workspaces/ros2_ws/install/library_world/share/library_world//models/book/meshes
[20.800s] -- Installing: /root/workspaces/ros2_ws/install/library_world/share/library_world//models/book/meshes/book_visual.DAE
[20.917s] -- Installing: /root/workspaces/ros2_ws/install/library_world/share/library_world//models/book/meshes/book_collision.DAE
[21.002s] -- Installing: /root/workspaces/ros2_ws/install/library_world/share/library_world//models/bookcase
[21.079s] -- Installing: /root/workspaces/ros2_ws/install/library_world/share/library_world//models/bookcase/model.sdf
[21.090s] -- Installing: /root/workspaces/ros2_ws/install/library_world/share/library_world//models/bookcase/model.config
[21.172s] -- Installing: /root/workspaces/ros2_ws/install/library_world/share/library_world//models/bookcase/meshes
[21.205s] -- Installing: /root/workspaces/ros2_ws/install/library_world/share/library_world//models/bookcase/meshes/bookcase.dae
[21.302s] -- Installing: /root/workspaces/ros2_ws/install/library_world/share/library_world//models/desk
[21.302s] -- Installing: /root/workspaces/ros2_ws/install/library_world/share/library_world//models/desk/model.sdf
[21.389s] -- Installing: /root/workspaces/ros2_ws/install/library_world/share/library_world//models/desk/materials
[21.416s] -- Installing: /root/workspaces/ros2_ws/install/library_world/share/library_world//models/desk/materials/textures
[21.433s] -- Installing: /root/workspaces/ros2_ws/install/library_world/share/library_world//models/desk/materials/textures/aws_DeskB_01.png
[21.692s] -- Installing: /root/workspaces/ros2_ws/install/library_world/share/library_world//models/desk/model.config
[21.728s] -- Installing: /root/workspaces/ros2_ws/install/library_world/share/library_world//models/desk/meshes
[21.794s] -- Installing: /root/workspaces/ros2_ws/install/library_world/share/library_world//models/desk/meshes/desk_visual.DAE
[21.901s] -- Installing: /root/workspaces/ros2_ws/install/library_world/share/library_world//models/desk/meshes/desk_collision.DAE
[21.980s] -- Installing: /root/workspaces/ros2_ws/install/library_world/share/library_world//models/chair
[21.998s] -- Installing: /root/workspaces/ros2_ws/install/library_world/share/library_world//models/chair/model.sdf
[22.032s] -- Installing: /root/workspaces/ros2_ws/install/library_world/share/library_world//models/chair/materials
[22.087s] -- Installing: /root/workspaces/ros2_ws/install/library_world/share/library_world//models/chair/materials/textures
[22.115s] -- Installing: /root/workspaces/ros2_ws/install/library_world/share/library_world//models/chair/materials/textures/aws_ChairB_01.png
[22.390s] -- Installing: /root/workspaces/ros2_ws/install/library_world/share/library_world//models/chair/model.config
[22.473s] -- Installing: /root/workspaces/ros2_ws/install/library_world/share/library_world//models/chair/meshes
[22.491s] -- Installing: /root/workspaces/ros2_ws/install/library_world/share/library_world//models/chair/meshes/chair_visual.DAE
[22.612s] -- Installing: /root/workspaces/ros2_ws/install/library_world/share/library_world//models/chair/meshes/chair_collision.DAE
[22.705s] -- Installing: /root/workspaces/ros2_ws/install/library_world/share/library_world//models/bookshelf_c
[22.772s] -- Installing: /root/workspaces/ros2_ws/install/library_world/share/library_world//models/bookshelf_c/model.sdf
[22.808s] -- Installing: /root/workspaces/ros2_ws/install/library_world/share/library_world//models/bookshelf_c/materials
[22.872s] -- Installing: /root/workspaces/ros2_ws/install/library_world/share/library_world//models/bookshelf_c/materials/textures
[22.899s] -- Installing: /root/workspaces/ros2_ws/install/library_world/share/library_world//models/bookshelf_c/materials/textures/aws_DeskA_02.png
[23.092s] -- Installing: /root/workspaces/ros2_ws/install/library_world/share/library_world//models/bookshelf_c/materials/textures/aws_DeskA_01.png
[23.307s] -- Installing: /root/workspaces/ros2_ws/install/library_world/share/library_world//models/bookshelf_c/materials/textures/aws_DeskA_03.png
[23.484s] -- Installing: /root/workspaces/ros2_ws/install/library_world/share/library_world//models/bookshelf_c/model.config
[23.593s] -- Installing: /root/workspaces/ros2_ws/install/library_world/share/library_world//models/bookshelf_c/meshes
[23.624s] -- Installing: /root/workspaces/ros2_ws/install/library_world/share/library_world//models/bookshelf_c/meshes/aws_DeskA_01_collision.DAE
[23.725s] -- Installing: /root/workspaces/ros2_ws/install/library_world/share/library_world//models/bookshelf_c/meshes/aws_DeskA_01_visual.DAE
[24.314s] -- Installing: /root/workspaces/ros2_ws/install/library_world/share/ament_index/resource_index/package_run_dependencies/library_world
[24.411s] -- Installing: /root/workspaces/ros2_ws/install/library_world/share/ament_index/resource_index/parent_prefix_path/library_world
[24.522s] -- Installing: /root/workspaces/ros2_ws/install/library_world/share/library_world/environment/ament_prefix_path.sh
[24.606s] -- Installing: /root/workspaces/ros2_ws/install/library_world/share/library_world/environment/ament_prefix_path.dsv
[24.689s] -- Installing: /root/workspaces/ros2_ws/install/library_world/share/library_world/environment/path.sh
[24.736s] -- Installing: /root/workspaces/ros2_ws/install/library_world/share/library_world/environment/path.dsv
[24.808s] -- Installing: /root/workspaces/ros2_ws/install/library_world/share/library_world/local_setup.bash
[24.890s] -- Installing: /root/workspaces/ros2_ws/install/library_world/share/library_world/local_setup.sh
[24.992s] -- Installing: /root/workspaces/ros2_ws/install/library_world/share/library_world/local_setup.zsh
[25.092s] -- Installing: /root/workspaces/ros2_ws/install/library_world/share/library_world/local_setup.dsv
[25.180s] -- Installing: /root/workspaces/ros2_ws/install/library_world/share/library_world/package.dsv
[25.282s] -- Installing: /root/workspaces/ros2_ws/install/library_world/share/ament_index/resource_index/packages/library_world
[25.372s] -- Installing: /root/workspaces/ros2_ws/install/library_world/share/library_world/cmake/library_worldConfig.cmake
[25.416s] -- Installing: /root/workspaces/ros2_ws/install/library_world/share/library_world/cmake/library_worldConfig-version.cmake
[25.498s] -- Installing: /root/workspaces/ros2_ws/install/library_world/share/library_world/package.xml
[25.588s] Invoked command in '/root/workspaces/ros2_ws/build/library_world' returned '0': CMAKE_PREFIX_PATH=${CMAKE_PREFIX_PATH}:/root/workspaces/ros2_ws/install/human_detector:/root/workspaces/ros2_ws/install/ffw_teleop:/root/workspaces/ros2_ws/install/ffw_bringup:/opt/ros/jazzy /usr/bin/cmake --install /root/workspaces/ros2_ws/build/library_world
