[3.227s] Invoking command in '/root/workspaces/ros2_ws/src/ai-worker-sim/human_detector': PYTHONPATH=/root/workspaces/ros2_ws/build/human_detector/prefix_override:/usr/lib/python3/dist-packages/colcon_core/task/python/colcon_distutils_commands:/root/workspaces/ros2_ws/install/human_detector/lib/python3.12/site-packages:${PYTHONPATH} /usr/bin/python3 -W ignore:setup.py install is deprecated -W ignore:easy_install command is deprecated setup.py egg_info --egg-base ../../../build/human_detector build --build-base /root/workspaces/ros2_ws/build/human_detector/build install --record /root/workspaces/ros2_ws/build/human_detector/install.log --install-scripts $base/lib/human_detector --single-version-externally-managed install_data
[4.006s] running egg_info
[4.006s] creating ../../../build/human_detector/human_detector.egg-info
[4.078s] writing ../../../build/human_detector/human_detector.egg-info/PKG-INFO
[4.098s] writing dependency_links to ../../../build/human_detector/human_detector.egg-info/dependency_links.txt
[4.112s] writing entry points to ../../../build/human_detector/human_detector.egg-info/entry_points.txt
[4.132s] writing requirements to ../../../build/human_detector/human_detector.egg-info/requires.txt
[4.186s] writing top-level names to ../../../build/human_detector/human_detector.egg-info/top_level.txt
[4.205s] writing manifest file '../../../build/human_detector/human_detector.egg-info/SOURCES.txt'
[4.298s] reading manifest file '../../../build/human_detector/human_detector.egg-info/SOURCES.txt'
[4.317s] writing manifest file '../../../build/human_detector/human_detector.egg-info/SOURCES.txt'
[4.317s] running build
[4.317s] running build_py
[4.324s] creating /root/workspaces/ros2_ws/build/human_detector/build
[4.336s] creating /root/workspaces/ros2_ws/build/human_detector/build/lib
[4.336s] creating /root/workspaces/ros2_ws/build/human_detector/build/lib/human_detector
[4.394s] copying human_detector/person_detector_node.py -> /root/workspaces/ros2_ws/build/human_detector/build/lib/human_detector
[4.403s] copying human_detector/wave_interact.py -> /root/workspaces/ros2_ws/build/human_detector/build/lib/human_detector
[4.433s] copying human_detector/__init__.py -> /root/workspaces/ros2_ws/build/human_detector/build/lib/human_detector
[4.492s] running install
[4.519s] running install_lib
[4.618s] creating /root/workspaces/ros2_ws/install/human_detector/lib/python3.12/site-packages/human_detector
[4.635s] copying /root/workspaces/ros2_ws/build/human_detector/build/lib/human_detector/person_detector_node.py -> /root/workspaces/ros2_ws/install/human_detector/lib/python3.12/site-packages/human_detector
[4.695s] copying /root/workspaces/ros2_ws/build/human_detector/build/lib/human_detector/wave_interact.py -> /root/workspaces/ros2_ws/install/human_detector/lib/python3.12/site-packages/human_detector
[4.713s] copying /root/workspaces/ros2_ws/build/human_detector/build/lib/human_detector/__init__.py -> /root/workspaces/ros2_ws/install/human_detector/lib/python3.12/site-packages/human_detector
[4.732s] byte-compiling /root/workspaces/ros2_ws/install/human_detector/lib/python3.12/site-packages/human_detector/person_detector_node.py to person_detector_node.cpython-312.pyc
[4.809s] byte-compiling /root/workspaces/ros2_ws/install/human_detector/lib/python3.12/site-packages/human_detector/wave_interact.py to wave_interact.cpython-312.pyc
[4.880s] byte-compiling /root/workspaces/ros2_ws/install/human_detector/lib/python3.12/site-packages/human_detector/__init__.py to __init__.cpython-312.pyc
[4.898s] running install_data
[4.916s] creating /root/workspaces/ros2_ws/install/human_detector/share/ament_index
[4.917s] creating /root/workspaces/ros2_ws/install/human_detector/share/ament_index/resource_index
[4.917s] creating /root/workspaces/ros2_ws/install/human_detector/share/ament_index/resource_index/packages
[4.917s] copying resource/human_detector -> /root/workspaces/ros2_ws/install/human_detector/share/ament_index/resource_index/packages
[4.937s] copying package.xml -> /root/workspaces/ros2_ws/install/human_detector/share/human_detector
[4.985s] creating /root/workspaces/ros2_ws/install/human_detector/share/human_detector/models
[5.005s] copying models/yolov4-tiny.cfg -> /root/workspaces/ros2_ws/install/human_detector/share/human_detector/models
[5.024s] copying models/coco.names -> /root/workspaces/ros2_ws/install/human_detector/share/human_detector/models
[5.078s] copying models/yolov4-tiny.weights -> /root/workspaces/ros2_ws/install/human_detector/share/human_detector/models
[5.591s] creating /root/workspaces/ros2_ws/install/human_detector/share/human_detector/launch
[5.607s] copying launch/human_detector.launch.py -> /root/workspaces/ros2_ws/install/human_detector/share/human_detector/launch
[5.626s] creating /root/workspaces/ros2_ws/install/human_detector/share/human_detector/config
[5.637s] running install_egg_info
[5.687s] Copying ../../../build/human_detector/human_detector.egg-info to /root/workspaces/ros2_ws/install/human_detector/lib/python3.12/site-packages/human_detector-0.0.0-py3.12.egg-info
[5.925s] running install_scripts
[6.578s] Installing person_detector_node script to /root/workspaces/ros2_ws/install/human_detector/lib/human_detector
[6.599s] Installing wave_interact script to /root/workspaces/ros2_ws/install/human_detector/lib/human_detector
[6.615s] writing list of installed files to '/root/workspaces/ros2_ws/build/human_detector/install.log'
[6.691s] Invoked command in '/root/workspaces/ros2_ws/src/ai-worker-sim/human_detector' returned '0': PYTHONPATH=/root/workspaces/ros2_ws/build/human_detector/prefix_override:/usr/lib/python3/dist-packages/colcon_core/task/python/colcon_distutils_commands:/root/workspaces/ros2_ws/install/human_detector/lib/python3.12/site-packages:${PYTHONPATH} /usr/bin/python3 -W ignore:setup.py install is deprecated -W ignore:easy_install command is deprecated setup.py egg_info --egg-base ../../../build/human_detector build --build-base /root/workspaces/ros2_ws/build/human_detector/build install --record /root/workspaces/ros2_ws/build/human_detector/install.log --install-scripts $base/lib/human_detector --single-version-externally-managed install_data
