-- Install configuration: ""
-- Up-to-date: /root/workspaces/ros2_ws/install/warehouse_world/share/warehouse_world//launch
-- Up-to-date: /root/workspaces/ros2_ws/install/warehouse_world/share/warehouse_world//launch/warehouse_storage_launch.launch.py
-- Up-to-date: /root/workspaces/ros2_ws/install/warehouse_world/share/warehouse_world//config
-- Up-to-date: /root/workspaces/ros2_ws/install/warehouse_world/share/warehouse_world//config/gz_bridge_ros.yaml
-- Up-to-date: /root/workspaces/ros2_ws/install/warehouse_world/share/warehouse_world//worlds
-- Up-to-date: /root/workspaces/ros2_ws/install/warehouse_world/share/warehouse_world//worlds/warehouse_storage.sdf
-- Up-to-date: /root/workspaces/ros2_ws/install/warehouse_world/share/warehouse_world//models
-- Up-to-date: /root/workspaces/ros2_ws/install/warehouse_world/share/warehouse_world//models/Depot
-- Up-to-date: /root/workspaces/ros2_ws/install/warehouse_world/share/warehouse_world//models/Depot/model.sdf
-- Up-to-date: /root/workspaces/ros2_ws/install/warehouse_world/share/warehouse_world//models/Depot/materials
-- Up-to-date: /root/workspaces/ros2_ws/install/warehouse_world/share/warehouse_world//models/Depot/materials/scripts
-- Up-to-date: /root/workspaces/ros2_ws/install/warehouse_world/share/warehouse_world//models/Depot/materials/scripts/model.material
-- Up-to-date: /root/workspaces/ros2_ws/install/warehouse_world/share/warehouse_world//models/Depot/materials/textures
-- Up-to-date: /root/workspaces/ros2_ws/install/warehouse_world/share/warehouse_world//models/Depot/materials/textures/BOXSET_Normal.png
-- Up-to-date: /root/workspaces/ros2_ws/install/warehouse_world/share/warehouse_world//models/Depot/materials/textures/FLOOR_Metalness.png
-- Up-to-date: /root/workspaces/ros2_ws/install/warehouse_world/share/warehouse_world//models/Depot/materials/textures/FANS_Roughness.png
-- Up-to-date: /root/workspaces/ros2_ws/install/warehouse_world/share/warehouse_world//models/Depot/materials/textures/INTERCOM_Emissive.png
-- Up-to-date: /root/workspaces/ros2_ws/install/warehouse_world/share/warehouse_world//models/Depot/materials/textures/ROOF_Metalness.png
-- Up-to-date: /root/workspaces/ros2_ws/install/warehouse_world/share/warehouse_world//models/Depot/materials/textures/PILLERS_Albedo.png
-- Up-to-date: /root/workspaces/ros2_ws/install/warehouse_world/share/warehouse_world//models/Depot/materials/textures/STAIRS_Metalness.png
-- Up-to-date: /root/workspaces/ros2_ws/install/warehouse_world/share/warehouse_world//models/Depot/materials/textures/WALLS_Albedo.png
-- Up-to-date: /root/workspaces/ros2_ws/install/warehouse_world/share/warehouse_world//models/Depot/materials/textures/FireAlarm_Albedo.png
-- Up-to-date: /root/workspaces/ros2_ws/install/warehouse_world/share/warehouse_world//models/Depot/materials/textures/Forklift_Forklift_Normal.png
-- Up-to-date: /root/workspaces/ros2_ws/install/warehouse_world/share/warehouse_world//models/Depot/materials/textures/Window_WINDOW_Metallic.png
-- Up-to-date: /root/workspaces/ros2_ws/install/warehouse_world/share/warehouse_world//models/Depot/materials/textures/BOXSET_Emissive.png
-- Up-to-date: /root/workspaces/ros2_ws/install/warehouse_world/share/warehouse_world//models/Depot/materials/textures/Pipes_Normal.png
-- Up-to-date: /root/workspaces/ros2_ws/install/warehouse_world/share/warehouse_world//models/Depot/materials/textures/FireAlarmPole_Albedo.png
-- Up-to-date: /root/workspaces/ros2_ws/install/warehouse_world/share/warehouse_world//models/Depot/materials/textures/INTERCOM_Normal.png
-- Up-to-date: /root/workspaces/ros2_ws/install/warehouse_world/share/warehouse_world//models/Depot/materials/textures/FLOOR_Roughness.png
-- Up-to-date: /root/workspaces/ros2_ws/install/warehouse_world/share/warehouse_world//models/Depot/materials/textures/INTERCOM_Albedo.png
-- Up-to-date: /root/workspaces/ros2_ws/install/warehouse_world/share/warehouse_world//models/Depot/materials/textures/Pipes_Albedo.png
-- Up-to-date: /root/workspaces/ros2_ws/install/warehouse_world/share/warehouse_world//models/Depot/materials/textures/PILLERS_Normal.png
-- Up-to-date: /root/workspaces/ros2_ws/install/warehouse_world/share/warehouse_world//models/Depot/materials/textures/STAIRS_Roughness.png
-- Up-to-date: /root/workspaces/ros2_ws/install/warehouse_world/share/warehouse_world//models/Depot/materials/textures/FANS_Metalness.png
-- Up-to-date: /root/workspaces/ros2_ws/install/warehouse_world/share/warehouse_world//models/Depot/materials/textures/ROOF_Roughness.png
-- Up-to-date: /root/workspaces/ros2_ws/install/warehouse_world/share/warehouse_world//models/Depot/materials/textures/FireAlarm_Normal.png
-- Up-to-date: /root/workspaces/ros2_ws/install/warehouse_world/share/warehouse_world//models/Depot/materials/textures/WALLS_Normal.png
-- Up-to-date: /root/workspaces/ros2_ws/install/warehouse_world/share/warehouse_world//models/Depot/materials/textures/BOXSET_Albedo.png
-- Up-to-date: /root/workspaces/ros2_ws/install/warehouse_world/share/warehouse_world//models/Depot/materials/textures/Crates_Crates_Normal.png
-- Up-to-date: /root/workspaces/ros2_ws/install/warehouse_world/share/warehouse_world//models/Depot/materials/textures/Forklift_Forklift_Metallic.png
-- Up-to-date: /root/workspaces/ros2_ws/install/warehouse_world/share/warehouse_world//models/Depot/materials/textures/FireAlarmPole_Normal.png
-- Up-to-date: /root/workspaces/ros2_ws/install/warehouse_world/share/warehouse_world//models/Depot/materials/textures/FireAlarmPole_Metalness.png
-- Up-to-date: /root/workspaces/ros2_ws/install/warehouse_world/share/warehouse_world//models/Depot/materials/textures/Forklift_Forklift_Roughness.png
-- Up-to-date: /root/workspaces/ros2_ws/install/warehouse_world/share/warehouse_world//models/Depot/materials/textures/STAIRS_Normal.png
-- Up-to-date: /root/workspaces/ros2_ws/install/warehouse_world/share/warehouse_world//models/Depot/materials/textures/ROOF_Normal.png
-- Up-to-date: /root/workspaces/ros2_ws/install/warehouse_world/share/warehouse_world//models/Depot/materials/textures/FANS_Albedo.png
-- Up-to-date: /root/workspaces/ros2_ws/install/warehouse_world/share/warehouse_world//models/Depot/materials/textures/FireAlarm_Metalness.png
-- Up-to-date: /root/workspaces/ros2_ws/install/warehouse_world/share/warehouse_world//models/Depot/materials/textures/Pipes_Roughness.png
-- Up-to-date: /root/workspaces/ros2_ws/install/warehouse_world/share/warehouse_world//models/Depot/materials/textures/INTERCOM_Roughness.png
-- Up-to-date: /root/workspaces/ros2_ws/install/warehouse_world/share/warehouse_world//models/Depot/materials/textures/WALLS_Metalness.png
-- Up-to-date: /root/workspaces/ros2_ws/install/warehouse_world/share/warehouse_world//models/Depot/materials/textures/PILLERS_Metalness.png
-- Up-to-date: /root/workspaces/ros2_ws/install/warehouse_world/share/warehouse_world//models/Depot/materials/textures/DepotLightmap.png
-- Up-to-date: /root/workspaces/ros2_ws/install/warehouse_world/share/warehouse_world//models/Depot/materials/textures/BOXSET_Roughness.png
-- Up-to-date: /root/workspaces/ros2_ws/install/warehouse_world/share/warehouse_world//models/Depot/materials/textures/ROOF_Emissive.png
-- Up-to-date: /root/workspaces/ros2_ws/install/warehouse_world/share/warehouse_world//models/Depot/materials/textures/Forklift_Forklift_BaseColor.png
-- Up-to-date: /root/workspaces/ros2_ws/install/warehouse_world/share/warehouse_world//models/Depot/materials/textures/FLOOR_Normal.png
-- Up-to-date: /root/workspaces/ros2_ws/install/warehouse_world/share/warehouse_world//models/Depot/materials/textures/WALLS_Roughness.png
-- Up-to-date: /root/workspaces/ros2_ws/install/warehouse_world/share/warehouse_world//models/Depot/materials/textures/FireAlarm_Roughness.png
-- Up-to-date: /root/workspaces/ros2_ws/install/warehouse_world/share/warehouse_world//models/Depot/materials/textures/BOXSET_Metalness.png
-- Up-to-date: /root/workspaces/ros2_ws/install/warehouse_world/share/warehouse_world//models/Depot/materials/textures/FANS_Normal.png
-- Up-to-date: /root/workspaces/ros2_ws/install/warehouse_world/share/warehouse_world//models/Depot/materials/textures/FireAlarmPole_Roughness.png
-- Up-to-date: /root/workspaces/ros2_ws/install/warehouse_world/share/warehouse_world//models/Depot/materials/textures/Crates_Crates_Roughness.png
-- Up-to-date: /root/workspaces/ros2_ws/install/warehouse_world/share/warehouse_world//models/Depot/materials/textures/Window_WINDOW_BaseColor.png
-- Up-to-date: /root/workspaces/ros2_ws/install/warehouse_world/share/warehouse_world//models/Depot/materials/textures/PILLERS_Roughness.png
-- Up-to-date: /root/workspaces/ros2_ws/install/warehouse_world/share/warehouse_world//models/Depot/materials/textures/FLOOR_Albedo.png
-- Up-to-date: /root/workspaces/ros2_ws/install/warehouse_world/share/warehouse_world//models/Depot/materials/textures/FanBack_FanBack_BaseColor.png
-- Up-to-date: /root/workspaces/ros2_ws/install/warehouse_world/share/warehouse_world//models/Depot/materials/textures/ROOF_Albedo.png
-- Up-to-date: /root/workspaces/ros2_ws/install/warehouse_world/share/warehouse_world//models/Depot/materials/textures/STAIRS_Albedo.png
-- Up-to-date: /root/workspaces/ros2_ws/install/warehouse_world/share/warehouse_world//models/Depot/materials/textures/INTERCOM_Metalness.png
-- Up-to-date: /root/workspaces/ros2_ws/install/warehouse_world/share/warehouse_world//models/Depot/materials/textures/Window_WINDOW_Roughness.png
-- Up-to-date: /root/workspaces/ros2_ws/install/warehouse_world/share/warehouse_world//models/Depot/materials/textures/Crates_Crates_BaseColor.png
-- Up-to-date: /root/workspaces/ros2_ws/install/warehouse_world/share/warehouse_world//models/Depot/materials/textures/Pipes_Metalness.png
-- Up-to-date: /root/workspaces/ros2_ws/install/warehouse_world/share/warehouse_world//models/Depot/model.config
-- Up-to-date: /root/workspaces/ros2_ws/install/warehouse_world/share/warehouse_world//models/Depot/meshes
-- Up-to-date: /root/workspaces/ros2_ws/install/warehouse_world/share/warehouse_world//models/Depot/meshes/Depot.dae
-- Up-to-date: /root/workspaces/ros2_ws/install/warehouse_world/share/warehouse_world//models/Depot/meshes/Crates.dae
-- Up-to-date: /root/workspaces/ros2_ws/install/warehouse_world/share/warehouse_world//models/Depot/thumbnails
-- Up-to-date: /root/workspaces/ros2_ws/install/warehouse_world/share/warehouse_world//models/Depot/thumbnails/5.png
-- Up-to-date: /root/workspaces/ros2_ws/install/warehouse_world/share/warehouse_world//models/Depot/thumbnails/1.png
-- Up-to-date: /root/workspaces/ros2_ws/install/warehouse_world/share/warehouse_world//models/Depot/thumbnails/3.png
-- Up-to-date: /root/workspaces/ros2_ws/install/warehouse_world/share/warehouse_world//models/Depot/thumbnails/2.png
-- Up-to-date: /root/workspaces/ros2_ws/install/warehouse_world/share/warehouse_world//models/Depot/thumbnails/0.png
-- Up-to-date: /root/workspaces/ros2_ws/install/warehouse_world/share/warehouse_world//models/Depot/thumbnails/4.png
-- Up-to-date: /root/workspaces/ros2_ws/install/warehouse_world/share/warehouse_world//models/etgah_logo
-- Up-to-date: /root/workspaces/ros2_ws/install/warehouse_world/share/warehouse_world//models/etgah_logo/model.sdf
-- Up-to-date: /root/workspaces/ros2_ws/install/warehouse_world/share/warehouse_world//models/etgah_logo/materials
-- Up-to-date: /root/workspaces/ros2_ws/install/warehouse_world/share/warehouse_world//models/etgah_logo/materials/textures
-- Up-to-date: /root/workspaces/ros2_ws/install/warehouse_world/share/warehouse_world//models/etgah_logo/materials/textures/logo.png
-- Up-to-date: /root/workspaces/ros2_ws/install/warehouse_world/share/warehouse_world//models/etgah_logo/model.config
-- Up-to-date: /root/workspaces/ros2_ws/install/warehouse_world/share/ament_index/resource_index/package_run_dependencies/warehouse_world
-- Up-to-date: /root/workspaces/ros2_ws/install/warehouse_world/share/ament_index/resource_index/parent_prefix_path/warehouse_world
-- Up-to-date: /root/workspaces/ros2_ws/install/warehouse_world/share/warehouse_world/environment/ament_prefix_path.sh
-- Up-to-date: /root/workspaces/ros2_ws/install/warehouse_world/share/warehouse_world/environment/ament_prefix_path.dsv
-- Up-to-date: /root/workspaces/ros2_ws/install/warehouse_world/share/warehouse_world/environment/path.sh
-- Up-to-date: /root/workspaces/ros2_ws/install/warehouse_world/share/warehouse_world/environment/path.dsv
-- Up-to-date: /root/workspaces/ros2_ws/install/warehouse_world/share/warehouse_world/local_setup.bash
-- Up-to-date: /root/workspaces/ros2_ws/install/warehouse_world/share/warehouse_world/local_setup.sh
-- Up-to-date: /root/workspaces/ros2_ws/install/warehouse_world/share/warehouse_world/local_setup.zsh
-- Up-to-date: /root/workspaces/ros2_ws/install/warehouse_world/share/warehouse_world/local_setup.dsv
-- Installing: /root/workspaces/ros2_ws/install/warehouse_world/share/warehouse_world/package.dsv
-- Up-to-date: /root/workspaces/ros2_ws/install/warehouse_world/share/ament_index/resource_index/packages/warehouse_world
-- Up-to-date: /root/workspaces/ros2_ws/install/warehouse_world/share/warehouse_world/cmake/warehouse_worldConfig.cmake
-- Up-to-date: /root/workspaces/ros2_ws/install/warehouse_world/share/warehouse_world/cmake/warehouse_worldConfig-version.cmake
-- Up-to-date: /root/workspaces/ros2_ws/install/warehouse_world/share/warehouse_world/package.xml
