[0.767s] Invoking command in '/root/workspaces/ros2_ws/build/warehouse_world': CMAKE_PREFIX_PATH=${CMAKE_PREFIX_PATH}:/root/workspaces/ros2_ws/install/human_detector:/root/workspaces/ros2_ws/install/ffw_teleop:/root/workspaces/ros2_ws/install/ffw_bringup:/opt/ros/jazzy /usr/bin/cmake --build /root/workspaces/ros2_ws/build/warehouse_world -- -j4 -l4
[0.902s] Invoked command in '/root/workspaces/ros2_ws/build/warehouse_world' returned '0': CMAKE_PREFIX_PATH=${CMAKE_PREFIX_PATH}:/root/workspaces/ros2_ws/install/human_detector:/root/workspaces/ros2_ws/install/ffw_teleop:/root/workspaces/ros2_ws/install/ffw_bringup:/opt/ros/jazzy /usr/bin/cmake --build /root/workspaces/ros2_ws/build/warehouse_world -- -j4 -l4
[0.926s] Invoking command in '/root/workspaces/ros2_ws/build/warehouse_world': CMAKE_PREFIX_PATH=${CMAKE_PREFIX_PATH}:/root/workspaces/ros2_ws/install/human_detector:/root/workspaces/ros2_ws/install/ffw_teleop:/root/workspaces/ros2_ws/install/ffw_bringup:/opt/ros/jazzy /usr/bin/cmake --install /root/workspaces/ros2_ws/build/warehouse_world
[1.001s] -- Install configuration: ""
[1.001s] -- Up-to-date: /root/workspaces/ros2_ws/install/warehouse_world/share/warehouse_world//launch
[1.002s] -- Up-to-date: /root/workspaces/ros2_ws/install/warehouse_world/share/warehouse_world//launch/warehouse_storage_launch.launch.py
[1.002s] -- Up-to-date: /root/workspaces/ros2_ws/install/warehouse_world/share/warehouse_world//config
[1.002s] -- Up-to-date: /root/workspaces/ros2_ws/install/warehouse_world/share/warehouse_world//config/gz_bridge_ros.yaml
[1.002s] -- Up-to-date: /root/workspaces/ros2_ws/install/warehouse_world/share/warehouse_world//worlds
[1.002s] -- Up-to-date: /root/workspaces/ros2_ws/install/warehouse_world/share/warehouse_world//worlds/warehouse_storage.sdf
[1.003s] -- Up-to-date: /root/workspaces/ros2_ws/install/warehouse_world/share/warehouse_world//models
[1.003s] -- Up-to-date: /root/workspaces/ros2_ws/install/warehouse_world/share/warehouse_world//models/Depot
[1.003s] -- Up-to-date: /root/workspaces/ros2_ws/install/warehouse_world/share/warehouse_world//models/Depot/model.sdf
[1.008s] -- Up-to-date: /root/workspaces/ros2_ws/install/warehouse_world/share/warehouse_world//models/Depot/materials
[1.012s] -- Up-to-date: /root/workspaces/ros2_ws/install/warehouse_world/share/warehouse_world//models/Depot/materials/scripts
[1.025s] -- Up-to-date: /root/workspaces/ros2_ws/install/warehouse_world/share/warehouse_world//models/Depot/materials/scripts/model.material
[1.026s] -- Up-to-date: /root/workspaces/ros2_ws/install/warehouse_world/share/warehouse_world//models/Depot/materials/textures
[1.047s] -- Up-to-date: /root/workspaces/ros2_ws/install/warehouse_world/share/warehouse_world//models/Depot/materials/textures/BOXSET_Normal.png
[1.082s] -- Up-to-date: /root/workspaces/ros2_ws/install/warehouse_world/share/warehouse_world//models/Depot/materials/textures/FLOOR_Metalness.png
[1.103s] -- Up-to-date: /root/workspaces/ros2_ws/install/warehouse_world/share/warehouse_world//models/Depot/materials/textures/FANS_Roughness.png
[1.116s] -- Up-to-date: /root/workspaces/ros2_ws/install/warehouse_world/share/warehouse_world//models/Depot/materials/textures/INTERCOM_Emissive.png
[1.144s] -- Up-to-date: /root/workspaces/ros2_ws/install/warehouse_world/share/warehouse_world//models/Depot/materials/textures/ROOF_Metalness.png
[1.165s] -- Up-to-date: /root/workspaces/ros2_ws/install/warehouse_world/share/warehouse_world//models/Depot/materials/textures/PILLERS_Albedo.png
[1.187s] -- Up-to-date: /root/workspaces/ros2_ws/install/warehouse_world/share/warehouse_world//models/Depot/materials/textures/STAIRS_Metalness.png
[1.207s] -- Up-to-date: /root/workspaces/ros2_ws/install/warehouse_world/share/warehouse_world//models/Depot/materials/textures/WALLS_Albedo.png
[1.237s] -- Up-to-date: /root/workspaces/ros2_ws/install/warehouse_world/share/warehouse_world//models/Depot/materials/textures/FireAlarm_Albedo.png
[1.250s] -- Up-to-date: /root/workspaces/ros2_ws/install/warehouse_world/share/warehouse_world//models/Depot/materials/textures/Forklift_Forklift_Normal.png
[1.279s] -- Up-to-date: /root/workspaces/ros2_ws/install/warehouse_world/share/warehouse_world//models/Depot/materials/textures/Window_WINDOW_Metallic.png
[1.289s] -- Up-to-date: /root/workspaces/ros2_ws/install/warehouse_world/share/warehouse_world//models/Depot/materials/textures/BOXSET_Emissive.png
[1.331s] -- Up-to-date: /root/workspaces/ros2_ws/install/warehouse_world/share/warehouse_world//models/Depot/materials/textures/Pipes_Normal.png
[1.340s] -- Up-to-date: /root/workspaces/ros2_ws/install/warehouse_world/share/warehouse_world//models/Depot/materials/textures/FireAlarmPole_Albedo.png
[1.360s] -- Up-to-date: /root/workspaces/ros2_ws/install/warehouse_world/share/warehouse_world//models/Depot/materials/textures/INTERCOM_Normal.png
[1.398s] -- Up-to-date: /root/workspaces/ros2_ws/install/warehouse_world/share/warehouse_world//models/Depot/materials/textures/FLOOR_Roughness.png
[1.413s] -- Up-to-date: /root/workspaces/ros2_ws/install/warehouse_world/share/warehouse_world//models/Depot/materials/textures/INTERCOM_Albedo.png
[1.429s] -- Up-to-date: /root/workspaces/ros2_ws/install/warehouse_world/share/warehouse_world//models/Depot/materials/textures/Pipes_Albedo.png
[1.471s] -- Up-to-date: /root/workspaces/ros2_ws/install/warehouse_world/share/warehouse_world//models/Depot/materials/textures/PILLERS_Normal.png
[1.518s] -- Up-to-date: /root/workspaces/ros2_ws/install/warehouse_world/share/warehouse_world//models/Depot/materials/textures/STAIRS_Roughness.png
[1.559s] -- Up-to-date: /root/workspaces/ros2_ws/install/warehouse_world/share/warehouse_world//models/Depot/materials/textures/FANS_Metalness.png
[1.574s] -- Up-to-date: /root/workspaces/ros2_ws/install/warehouse_world/share/warehouse_world//models/Depot/materials/textures/ROOF_Roughness.png
[1.574s] -- Up-to-date: /root/workspaces/ros2_ws/install/warehouse_world/share/warehouse_world//models/Depot/materials/textures/FireAlarm_Normal.png
[1.574s] -- Up-to-date: /root/workspaces/ros2_ws/install/warehouse_world/share/warehouse_world//models/Depot/materials/textures/WALLS_Normal.png
[1.574s] -- Up-to-date: /root/workspaces/ros2_ws/install/warehouse_world/share/warehouse_world//models/Depot/materials/textures/BOXSET_Albedo.png
[1.575s] -- Up-to-date: /root/workspaces/ros2_ws/install/warehouse_world/share/warehouse_world//models/Depot/materials/textures/Crates_Crates_Normal.png
[1.575s] -- Up-to-date: /root/workspaces/ros2_ws/install/warehouse_world/share/warehouse_world//models/Depot/materials/textures/Forklift_Forklift_Metallic.png
[1.575s] -- Up-to-date: /root/workspaces/ros2_ws/install/warehouse_world/share/warehouse_world//models/Depot/materials/textures/FireAlarmPole_Normal.png
[1.575s] -- Up-to-date: /root/workspaces/ros2_ws/install/warehouse_world/share/warehouse_world//models/Depot/materials/textures/FireAlarmPole_Metalness.png
[1.576s] -- Up-to-date: /root/workspaces/ros2_ws/install/warehouse_world/share/warehouse_world//models/Depot/materials/textures/Forklift_Forklift_Roughness.png
[1.576s] -- Up-to-date: /root/workspaces/ros2_ws/install/warehouse_world/share/warehouse_world//models/Depot/materials/textures/STAIRS_Normal.png
[1.576s] -- Up-to-date: /root/workspaces/ros2_ws/install/warehouse_world/share/warehouse_world//models/Depot/materials/textures/ROOF_Normal.png
[1.576s] -- Up-to-date: /root/workspaces/ros2_ws/install/warehouse_world/share/warehouse_world//models/Depot/materials/textures/FANS_Albedo.png
[1.577s] -- Up-to-date: /root/workspaces/ros2_ws/install/warehouse_world/share/warehouse_world//models/Depot/materials/textures/FireAlarm_Metalness.png
[1.577s] -- Up-to-date: /root/workspaces/ros2_ws/install/warehouse_world/share/warehouse_world//models/Depot/materials/textures/Pipes_Roughness.png
[1.577s] -- Up-to-date: /root/workspaces/ros2_ws/install/warehouse_world/share/warehouse_world//models/Depot/materials/textures/INTERCOM_Roughness.png
[1.578s] -- Up-to-date: /root/workspaces/ros2_ws/install/warehouse_world/share/warehouse_world//models/Depot/materials/textures/WALLS_Metalness.png
[1.578s] -- Up-to-date: /root/workspaces/ros2_ws/install/warehouse_world/share/warehouse_world//models/Depot/materials/textures/PILLERS_Metalness.png
[1.578s] -- Up-to-date: /root/workspaces/ros2_ws/install/warehouse_world/share/warehouse_world//models/Depot/materials/textures/DepotLightmap.png
[1.578s] -- Up-to-date: /root/workspaces/ros2_ws/install/warehouse_world/share/warehouse_world//models/Depot/materials/textures/BOXSET_Roughness.png
[1.579s] -- Up-to-date: /root/workspaces/ros2_ws/install/warehouse_world/share/warehouse_world//models/Depot/materials/textures/ROOF_Emissive.png
[1.579s] -- Up-to-date: /root/workspaces/ros2_ws/install/warehouse_world/share/warehouse_world//models/Depot/materials/textures/Forklift_Forklift_BaseColor.png
[1.579s] -- Up-to-date: /root/workspaces/ros2_ws/install/warehouse_world/share/warehouse_world//models/Depot/materials/textures/FLOOR_Normal.png
[1.580s] -- Up-to-date: /root/workspaces/ros2_ws/install/warehouse_world/share/warehouse_world//models/Depot/materials/textures/WALLS_Roughness.png
[1.580s] -- Up-to-date: /root/workspaces/ros2_ws/install/warehouse_world/share/warehouse_world//models/Depot/materials/textures/FireAlarm_Roughness.png
[1.580s] -- Up-to-date: /root/workspaces/ros2_ws/install/warehouse_world/share/warehouse_world//models/Depot/materials/textures/BOXSET_Metalness.png
[1.580s] -- Up-to-date: /root/workspaces/ros2_ws/install/warehouse_world/share/warehouse_world//models/Depot/materials/textures/FANS_Normal.png
[1.611s] -- Up-to-date: /root/workspaces/ros2_ws/install/warehouse_world/share/warehouse_world//models/Depot/materials/textures/FireAlarmPole_Roughness.png
[1.656s] -- Up-to-date: /root/workspaces/ros2_ws/install/warehouse_world/share/warehouse_world//models/Depot/materials/textures/Crates_Crates_Roughness.png
[1.670s] -- Up-to-date: /root/workspaces/ros2_ws/install/warehouse_world/share/warehouse_world//models/Depot/materials/textures/Window_WINDOW_BaseColor.png
[1.704s] -- Up-to-date: /root/workspaces/ros2_ws/install/warehouse_world/share/warehouse_world//models/Depot/materials/textures/PILLERS_Roughness.png
[1.719s] -- Up-to-date: /root/workspaces/ros2_ws/install/warehouse_world/share/warehouse_world//models/Depot/materials/textures/FLOOR_Albedo.png
[1.741s] -- Up-to-date: /root/workspaces/ros2_ws/install/warehouse_world/share/warehouse_world//models/Depot/materials/textures/FanBack_FanBack_BaseColor.png
[1.752s] -- Up-to-date: /root/workspaces/ros2_ws/install/warehouse_world/share/warehouse_world//models/Depot/materials/textures/ROOF_Albedo.png
[1.773s] -- Up-to-date: /root/workspaces/ros2_ws/install/warehouse_world/share/warehouse_world//models/Depot/materials/textures/STAIRS_Albedo.png
[1.805s] -- Up-to-date: /root/workspaces/ros2_ws/install/warehouse_world/share/warehouse_world//models/Depot/materials/textures/INTERCOM_Metalness.png
[1.822s] -- Up-to-date: /root/workspaces/ros2_ws/install/warehouse_world/share/warehouse_world//models/Depot/materials/textures/Window_WINDOW_Roughness.png
[1.823s] -- Up-to-date: /root/workspaces/ros2_ws/install/warehouse_world/share/warehouse_world//models/Depot/materials/textures/Crates_Crates_BaseColor.png
[1.835s] -- Up-to-date: /root/workspaces/ros2_ws/install/warehouse_world/share/warehouse_world//models/Depot/materials/textures/Pipes_Metalness.png
[1.840s] -- Up-to-date: /root/workspaces/ros2_ws/install/warehouse_world/share/warehouse_world//models/Depot/model.config
[1.843s] -- Up-to-date: /root/workspaces/ros2_ws/install/warehouse_world/share/warehouse_world//models/Depot/meshes
[1.863s] -- Up-to-date: /root/workspaces/ros2_ws/install/warehouse_world/share/warehouse_world//models/Depot/meshes/Depot.dae
[1.879s] -- Up-to-date: /root/workspaces/ros2_ws/install/warehouse_world/share/warehouse_world//models/Depot/meshes/Crates.dae
[1.897s] -- Up-to-date: /root/workspaces/ros2_ws/install/warehouse_world/share/warehouse_world//models/Depot/thumbnails
[1.917s] -- Up-to-date: /root/workspaces/ros2_ws/install/warehouse_world/share/warehouse_world//models/Depot/thumbnails/5.png
[1.937s] -- Up-to-date: /root/workspaces/ros2_ws/install/warehouse_world/share/warehouse_world//models/Depot/thumbnails/1.png
[1.938s] -- Up-to-date: /root/workspaces/ros2_ws/install/warehouse_world/share/warehouse_world//models/Depot/thumbnails/3.png
[1.938s] -- Up-to-date: /root/workspaces/ros2_ws/install/warehouse_world/share/warehouse_world//models/Depot/thumbnails/2.png
[1.938s] -- Up-to-date: /root/workspaces/ros2_ws/install/warehouse_world/share/warehouse_world//models/Depot/thumbnails/0.png
[1.939s] -- Up-to-date: /root/workspaces/ros2_ws/install/warehouse_world/share/warehouse_world//models/Depot/thumbnails/4.png
[1.939s] -- Up-to-date: /root/workspaces/ros2_ws/install/warehouse_world/share/warehouse_world//models/etgah_logo
[1.939s] -- Up-to-date: /root/workspaces/ros2_ws/install/warehouse_world/share/warehouse_world//models/etgah_logo/model.sdf
[1.940s] -- Up-to-date: /root/workspaces/ros2_ws/install/warehouse_world/share/warehouse_world//models/etgah_logo/materials
[1.940s] -- Up-to-date: /root/workspaces/ros2_ws/install/warehouse_world/share/warehouse_world//models/etgah_logo/materials/textures
[1.941s] -- Up-to-date: /root/workspaces/ros2_ws/install/warehouse_world/share/warehouse_world//models/etgah_logo/materials/textures/logo.png
[1.941s] -- Up-to-date: /root/workspaces/ros2_ws/install/warehouse_world/share/warehouse_world//models/etgah_logo/model.config
[1.942s] -- Up-to-date: /root/workspaces/ros2_ws/install/warehouse_world/share/ament_index/resource_index/package_run_dependencies/warehouse_world
[1.942s] -- Up-to-date: /root/workspaces/ros2_ws/install/warehouse_world/share/ament_index/resource_index/parent_prefix_path/warehouse_world
[1.942s] -- Up-to-date: /root/workspaces/ros2_ws/install/warehouse_world/share/warehouse_world/environment/ament_prefix_path.sh
[1.943s] -- Up-to-date: /root/workspaces/ros2_ws/install/warehouse_world/share/warehouse_world/environment/ament_prefix_path.dsv
[1.943s] -- Up-to-date: /root/workspaces/ros2_ws/install/warehouse_world/share/warehouse_world/environment/path.sh
[1.943s] -- Up-to-date: /root/workspaces/ros2_ws/install/warehouse_world/share/warehouse_world/environment/path.dsv
[1.944s] -- Up-to-date: /root/workspaces/ros2_ws/install/warehouse_world/share/warehouse_world/local_setup.bash
[1.944s] -- Up-to-date: /root/workspaces/ros2_ws/install/warehouse_world/share/warehouse_world/local_setup.sh
[1.946s] -- Up-to-date: /root/workspaces/ros2_ws/install/warehouse_world/share/warehouse_world/local_setup.zsh
[1.947s] -- Up-to-date: /root/workspaces/ros2_ws/install/warehouse_world/share/warehouse_world/local_setup.dsv
[1.948s] -- Installing: /root/workspaces/ros2_ws/install/warehouse_world/share/warehouse_world/package.dsv
[2.024s] -- Up-to-date: /root/workspaces/ros2_ws/install/warehouse_world/share/ament_index/resource_index/packages/warehouse_world
[2.024s] -- Up-to-date: /root/workspaces/ros2_ws/install/warehouse_world/share/warehouse_world/cmake/warehouse_worldConfig.cmake
[2.045s] -- Up-to-date: /root/workspaces/ros2_ws/install/warehouse_world/share/warehouse_world/cmake/warehouse_worldConfig-version.cmake
[2.057s] -- Up-to-date: /root/workspaces/ros2_ws/install/warehouse_world/share/warehouse_world/package.xml
[2.062s] Invoked command in '/root/workspaces/ros2_ws/build/warehouse_world' returned '0': CMAKE_PREFIX_PATH=${CMAKE_PREFIX_PATH}:/root/workspaces/ros2_ws/install/human_detector:/root/workspaces/ros2_ws/install/ffw_teleop:/root/workspaces/ros2_ws/install/ffw_bringup:/opt/ros/jazzy /usr/bin/cmake --install /root/workspaces/ros2_ws/build/warehouse_world
