[0.277s] Invoking command in '/root/workspaces/ros2_ws/build/ffw_moveit_config': CMAKE_PREFIX_PATH=${CMAKE_PREFIX_PATH}:/root/workspaces/ros2_ws/install/human_detector:/root/workspaces/ros2_ws/install/ffw_teleop:/root/workspaces/ros2_ws/install/ffw_bringup:/opt/ros/jazzy /usr/bin/cmake --build /root/workspaces/ros2_ws/build/ffw_moveit_config -- -j4 -l4
[0.373s] Invoked command in '/root/workspaces/ros2_ws/build/ffw_moveit_config' returned '0': CMAKE_PREFIX_PATH=${CMAKE_PREFIX_PATH}:/root/workspaces/ros2_ws/install/human_detector:/root/workspaces/ros2_ws/install/ffw_teleop:/root/workspaces/ros2_ws/install/ffw_bringup:/opt/ros/jazzy /usr/bin/cmake --build /root/workspaces/ros2_ws/build/ffw_moveit_config -- -j4 -l4
[0.373s] Invoking command in '/root/workspaces/ros2_ws/build/ffw_moveit_config': CMAKE_PREFIX_PATH=${CMAKE_PREFIX_PATH}:/root/workspaces/ros2_ws/install/human_detector:/root/workspaces/ros2_ws/install/ffw_teleop:/root/workspaces/ros2_ws/install/ffw_bringup:/opt/ros/jazzy /usr/bin/cmake --install /root/workspaces/ros2_ws/build/ffw_moveit_config
[0.374s] -- Install configuration: ""
[0.383s] -- Execute custom install script
[0.395s] -- Up-to-date symlink: /root/workspaces/ros2_ws/install/ffw_moveit_config/share/ffw_moveit_config/config/chomp_planning.yaml
[0.397s] -- Up-to-date symlink: /root/workspaces/ros2_ws/install/ffw_moveit_config/share/ffw_moveit_config/config/ffw.srdf
[0.409s] -- Up-to-date symlink: /root/workspaces/ros2_ws/install/ffw_moveit_config/share/ffw_moveit_config/config/joint_limits.yaml
[0.415s] -- Up-to-date symlink: /root/workspaces/ros2_ws/install/ffw_moveit_config/share/ffw_moveit_config/config/kinematics.yaml
[0.417s] -- Up-to-date symlink: /root/workspaces/ros2_ws/install/ffw_moveit_config/share/ffw_moveit_config/config/moveit.rviz
[0.427s] -- Up-to-date symlink: /root/workspaces/ros2_ws/install/ffw_moveit_config/share/ffw_moveit_config/config/moveit_controllers.yaml
[0.439s] -- Up-to-date symlink: /root/workspaces/ros2_ws/install/ffw_moveit_config/share/ffw_moveit_config/config/moveit_cpp.yaml
[0.448s] -- Up-to-date symlink: /root/workspaces/ros2_ws/install/ffw_moveit_config/share/ffw_moveit_config/config/ompl_planning.yaml
[0.464s] -- Up-to-date symlink: /root/workspaces/ros2_ws/install/ffw_moveit_config/share/ffw_moveit_config/config/pilz_cartesian_limits.yaml
[0.490s] -- Up-to-date symlink: /root/workspaces/ros2_ws/install/ffw_moveit_config/share/ffw_moveit_config/config/pilz_industrial_motion_planner_planning.yaml
[0.495s] -- Up-to-date symlink: /root/workspaces/ros2_ws/install/ffw_moveit_config/share/ffw_moveit_config/launch/moveit.launch.py
[0.495s] -- Up-to-date symlink: /root/workspaces/ros2_ws/install/ffw_moveit_config/share/ffw_moveit_config/.setup_assistant
[0.495s] -- Up-to-date symlink: /root/workspaces/ros2_ws/install/ffw_moveit_config/share/ament_index/resource_index/package_run_dependencies/ffw_moveit_config
[0.495s] -- Up-to-date symlink: /root/workspaces/ros2_ws/install/ffw_moveit_config/share/ament_index/resource_index/parent_prefix_path/ffw_moveit_config
[0.496s] -- Up-to-date symlink: /root/workspaces/ros2_ws/install/ffw_moveit_config/share/ffw_moveit_config/environment/ament_prefix_path.sh
[0.496s] -- Up-to-date symlink: /root/workspaces/ros2_ws/install/ffw_moveit_config/share/ffw_moveit_config/environment/ament_prefix_path.dsv
[0.502s] -- Up-to-date symlink: /root/workspaces/ros2_ws/install/ffw_moveit_config/share/ffw_moveit_config/environment/path.sh
[0.514s] -- Up-to-date symlink: /root/workspaces/ros2_ws/install/ffw_moveit_config/share/ffw_moveit_config/environment/path.dsv
[0.527s] -- Up-to-date symlink: /root/workspaces/ros2_ws/install/ffw_moveit_config/share/ffw_moveit_config/local_setup.bash
[0.557s] -- Up-to-date symlink: /root/workspaces/ros2_ws/install/ffw_moveit_config/share/ffw_moveit_config/local_setup.sh
[0.565s] -- Up-to-date symlink: /root/workspaces/ros2_ws/install/ffw_moveit_config/share/ffw_moveit_config/local_setup.zsh
[0.591s] -- Up-to-date symlink: /root/workspaces/ros2_ws/install/ffw_moveit_config/share/ffw_moveit_config/local_setup.dsv
[0.599s] -- Symlinking: /root/workspaces/ros2_ws/install/ffw_moveit_config/share/ffw_moveit_config/package.dsv
[0.626s] -- Up-to-date symlink: /root/workspaces/ros2_ws/install/ffw_moveit_config/share/ament_index/resource_index/packages/ffw_moveit_config
[0.632s] -- Up-to-date symlink: /root/workspaces/ros2_ws/install/ffw_moveit_config/share/ffw_moveit_config/cmake/ffw_moveit_configConfig.cmake
[0.674s] -- Up-to-date symlink: /root/workspaces/ros2_ws/install/ffw_moveit_config/share/ffw_moveit_config/cmake/ffw_moveit_configConfig-version.cmake
[0.687s] -- Up-to-date symlink: /root/workspaces/ros2_ws/install/ffw_moveit_config/share/ffw_moveit_config/package.xml
[0.688s] Invoked command in '/root/workspaces/ros2_ws/build/ffw_moveit_config' returned '0': CMAKE_PREFIX_PATH=${CMAKE_PREFIX_PATH}:/root/workspaces/ros2_ws/install/human_detector:/root/workspaces/ros2_ws/install/ffw_teleop:/root/workspaces/ros2_ws/install/ffw_bringup:/opt/ros/jazzy /usr/bin/cmake --install /root/workspaces/ros2_ws/build/ffw_moveit_config
