[1.809s] Invoking command in '/root/workspaces/ros2_ws/src/ai-worker-sim/ffw_bringup': AMENT_PREFIX_PATH=/root/workspaces/ros2_ws/install/ffw_description:${AMENT_PREFIX_PATH} CMAKE_PREFIX_PATH=/root/workspaces/ros2_ws/install/ffw_description:${CMAKE_PREFIX_PATH} PYTHONPATH=/root/workspaces/ros2_ws/build/ffw_bringup/prefix_override:/usr/lib/python3/dist-packages/colcon_core/task/python/colcon_distutils_commands:/root/workspaces/ros2_ws/install/ffw_bringup/lib/python3.12/site-packages:${PYTHONPATH} /usr/bin/python3 -W ignore:setup.py install is deprecated -W ignore:easy_install command is deprecated setup.py egg_info --egg-base ../../../build/ffw_bringup build --build-base /root/workspaces/ros2_ws/build/ffw_bringup/build install --record /root/workspaces/ros2_ws/build/ffw_bringup/install.log --install-scripts $base/lib/ffw_bringup --single-version-externally-managed install_data
[2.137s] running egg_info
[2.168s] writing ../../../build/ffw_bringup/ffw_bringup.egg-info/PKG-INFO
[2.185s] writing dependency_links to ../../../build/ffw_bringup/ffw_bringup.egg-info/dependency_links.txt
[2.212s] writing entry points to ../../../build/ffw_bringup/ffw_bringup.egg-info/entry_points.txt
[2.233s] writing requirements to ../../../build/ffw_bringup/ffw_bringup.egg-info/requires.txt
[2.255s] writing top-level names to ../../../build/ffw_bringup/ffw_bringup.egg-info/top_level.txt
[2.322s] reading manifest file '../../../build/ffw_bringup/ffw_bringup.egg-info/SOURCES.txt'
[2.339s] writing manifest file '../../../build/ffw_bringup/ffw_bringup.egg-info/SOURCES.txt'
[2.363s] running build
[2.388s] running build_py
[2.410s] running install
[2.432s] running install_lib
[2.453s] running install_data
[2.457s] running install_egg_info
[2.457s] removing '/root/workspaces/ros2_ws/install/ffw_bringup/lib/python3.12/site-packages/ffw_bringup-1.2.0-py3.12.egg-info' (and everything under it)
[2.480s] Copying ../../../build/ffw_bringup/ffw_bringup.egg-info to /root/workspaces/ros2_ws/install/ffw_bringup/lib/python3.12/site-packages/ffw_bringup-1.2.0-py3.12.egg-info
[2.647s] running install_scripts
[2.836s] Installing head_eef_tracker script to /root/workspaces/ros2_ws/install/ffw_bringup/lib/ffw_bringup
[2.855s] Installing joint_trajectory_executor script to /root/workspaces/ros2_ws/install/ffw_bringup/lib/ffw_bringup
[2.882s] writing list of installed files to '/root/workspaces/ros2_ws/build/ffw_bringup/install.log'
[2.921s] Invoked command in '/root/workspaces/ros2_ws/src/ai-worker-sim/ffw_bringup' returned '0': AMENT_PREFIX_PATH=/root/workspaces/ros2_ws/install/ffw_description:${AMENT_PREFIX_PATH} CMAKE_PREFIX_PATH=/root/workspaces/ros2_ws/install/ffw_description:${CMAKE_PREFIX_PATH} PYTHONPATH=/root/workspaces/ros2_ws/build/ffw_bringup/prefix_override:/usr/lib/python3/dist-packages/colcon_core/task/python/colcon_distutils_commands:/root/workspaces/ros2_ws/install/ffw_bringup/lib/python3.12/site-packages:${PYTHONPATH} /usr/bin/python3 -W ignore:setup.py install is deprecated -W ignore:easy_install command is deprecated setup.py egg_info --egg-base ../../../build/ffw_bringup build --build-base /root/workspaces/ros2_ws/build/ffw_bringup/build install --record /root/workspaces/ros2_ws/build/ffw_bringup/install.log --install-scripts $base/lib/ffw_bringup --single-version-externally-managed install_data
