[0.328s] Invoking command in '/root/workspaces/ros2_ws/build/warehouse_worlds': CMAKE_PREFIX_PATH=${CMAKE_PREFIX_PATH}:/root/workspaces/ros2_ws/install/ffw_teleop:/root/workspaces/ros2_ws/install/ffw_bringup:/opt/ros/jazzy /usr/bin/cmake --build /root/workspaces/ros2_ws/build/warehouse_worlds -- -j4 -l4
[0.961s] Invoked command in '/root/workspaces/ros2_ws/build/warehouse_worlds' returned '0': CMAKE_PREFIX_PATH=${CMAKE_PREFIX_PATH}:/root/workspaces/ros2_ws/install/ffw_teleop:/root/workspaces/ros2_ws/install/ffw_bringup:/opt/ros/jazzy /usr/bin/cmake --build /root/workspaces/ros2_ws/build/warehouse_worlds -- -j4 -l4
[0.978s] Invoking command in '/root/workspaces/ros2_ws/build/warehouse_worlds': CMAKE_PREFIX_PATH=${CMAKE_PREFIX_PATH}:/root/workspaces/ros2_ws/install/ffw_teleop:/root/workspaces/ros2_ws/install/ffw_bringup:/opt/ros/jazzy /usr/bin/cmake --install /root/workspaces/ros2_ws/build/warehouse_worlds
[1.064s] -- Install configuration: ""
[1.088s] -- Up-to-date: /root/workspaces/ros2_ws/install/warehouse_worlds/share/warehouse_worlds//launch
[1.105s] -- Up-to-date: /root/workspaces/ros2_ws/install/warehouse_worlds/share/warehouse_worlds//launch/warehouse_distribution_launch.launch.py
[1.129s] -- Up-to-date: /root/workspaces/ros2_ws/install/warehouse_worlds/share/warehouse_worlds//launch/warehouse_storage_launch.launch.py
[1.152s] -- Up-to-date: /root/workspaces/ros2_ws/install/warehouse_worlds/share/warehouse_worlds//launch/warehouse_logistics_launch.launch.py
[1.187s] -- Up-to-date: /root/workspaces/ros2_ws/install/warehouse_worlds/share/warehouse_worlds//config
[1.212s] -- Up-to-date: /root/workspaces/ros2_ws/install/warehouse_worlds/share/warehouse_worlds//config/gz_bridge_ros.yaml
[1.237s] -- Up-to-date: /root/workspaces/ros2_ws/install/warehouse_worlds/share/warehouse_worlds//worlds
[1.237s] -- Up-to-date: /root/workspaces/ros2_ws/install/warehouse_worlds/share/warehouse_worlds//worlds/warehouse_storage.sdf
[1.237s] -- Up-to-date: /root/workspaces/ros2_ws/install/warehouse_worlds/share/warehouse_worlds//worlds/warehouse_logistics.sdf
[1.237s] -- Up-to-date: /root/workspaces/ros2_ws/install/warehouse_worlds/share/warehouse_worlds//worlds/warehouse_distribution.sdf
[1.237s] -- Up-to-date: /root/workspaces/ros2_ws/install/warehouse_worlds/share/warehouse_worlds//models
[1.237s] -- Up-to-date: /root/workspaces/ros2_ws/install/warehouse_worlds/share/warehouse_worlds//models/disk_part_ariac
[1.237s] -- Up-to-date: /root/workspaces/ros2_ws/install/warehouse_worlds/share/warehouse_worlds//models/disk_part_ariac/model.sdf
[1.238s] -- Up-to-date: /root/workspaces/ros2_ws/install/warehouse_worlds/share/warehouse_worlds//models/disk_part_ariac/model.config
[1.238s] -- Up-to-date: /root/workspaces/ros2_ws/install/warehouse_worlds/share/warehouse_worlds//models/disk_part_ariac/meshes
[1.238s] -- Up-to-date: /root/workspaces/ros2_ws/install/warehouse_worlds/share/warehouse_worlds//models/disk_part_ariac/meshes/disk.dae
[1.238s] -- Up-to-date: /root/workspaces/ros2_ws/install/warehouse_worlds/share/warehouse_worlds//models/pulley_part_ariac
[1.238s] -- Up-to-date: /root/workspaces/ros2_ws/install/warehouse_worlds/share/warehouse_worlds//models/pulley_part_ariac/model.sdf
[1.238s] -- Up-to-date: /root/workspaces/ros2_ws/install/warehouse_worlds/share/warehouse_worlds//models/pulley_part_ariac/model.config
[1.239s] -- Up-to-date: /root/workspaces/ros2_ws/install/warehouse_worlds/share/warehouse_worlds//models/pulley_part_ariac/meshes
[1.262s] -- Up-to-date: /root/workspaces/ros2_ws/install/warehouse_worlds/share/warehouse_worlds//models/pulley_part_ariac/meshes/pulley.dae
[1.284s] -- Up-to-date: /root/workspaces/ros2_ws/install/warehouse_worlds/share/warehouse_worlds//models/part2_ariac
[1.322s] -- Up-to-date: /root/workspaces/ros2_ws/install/warehouse_worlds/share/warehouse_worlds//models/part2_ariac/model.sdf
[1.335s] -- Up-to-date: /root/workspaces/ros2_ws/install/warehouse_worlds/share/warehouse_worlds//models/part2_ariac/model.config
[1.336s] -- Up-to-date: /root/workspaces/ros2_ws/install/warehouse_worlds/share/warehouse_worlds//models/gear_part_ariac
[1.336s] -- Up-to-date: /root/workspaces/ros2_ws/install/warehouse_worlds/share/warehouse_worlds//models/gear_part_ariac/model.sdf
[1.354s] -- Up-to-date: /root/workspaces/ros2_ws/install/warehouse_worlds/share/warehouse_worlds//models/gear_part_ariac/model.config
[1.401s] -- Up-to-date: /root/workspaces/ros2_ws/install/warehouse_worlds/share/warehouse_worlds//models/gear_part_ariac/meshes
[1.424s] -- Up-to-date: /root/workspaces/ros2_ws/install/warehouse_worlds/share/warehouse_worlds//models/gear_part_ariac/meshes/gear.dae
[1.462s] -- Up-to-date: /root/workspaces/ros2_ws/install/warehouse_worlds/share/warehouse_worlds//models/gasket_part_ariac
[1.494s] -- Up-to-date: /root/workspaces/ros2_ws/install/warehouse_worlds/share/warehouse_worlds//models/gasket_part_ariac/model.sdf
[1.499s] -- Up-to-date: /root/workspaces/ros2_ws/install/warehouse_worlds/share/warehouse_worlds//models/gasket_part_ariac/model.config
[1.550s] -- Up-to-date: /root/workspaces/ros2_ws/install/warehouse_worlds/share/warehouse_worlds//models/gasket_part_ariac/meshes
[1.596s] -- Up-to-date: /root/workspaces/ros2_ws/install/warehouse_worlds/share/warehouse_worlds//models/gasket_part_ariac/meshes/gasket.dae
[1.619s] -- Up-to-date: /root/workspaces/ros2_ws/install/warehouse_worlds/share/warehouse_worlds//models/Depot
[1.638s] -- Up-to-date: /root/workspaces/ros2_ws/install/warehouse_worlds/share/warehouse_worlds//models/Depot/model.sdf
[1.656s] -- Up-to-date: /root/workspaces/ros2_ws/install/warehouse_worlds/share/warehouse_worlds//models/Depot/materials
[1.690s] -- Up-to-date: /root/workspaces/ros2_ws/install/warehouse_worlds/share/warehouse_worlds//models/Depot/materials/scripts
[1.738s] -- Up-to-date: /root/workspaces/ros2_ws/install/warehouse_worlds/share/warehouse_worlds//models/Depot/materials/scripts/model.material
[1.761s] -- Up-to-date: /root/workspaces/ros2_ws/install/warehouse_worlds/share/warehouse_worlds//models/Depot/materials/textures
[1.812s] -- Up-to-date: /root/workspaces/ros2_ws/install/warehouse_worlds/share/warehouse_worlds//models/Depot/materials/textures/BOXSET_Normal.png
[1.828s] -- Up-to-date: /root/workspaces/ros2_ws/install/warehouse_worlds/share/warehouse_worlds//models/Depot/materials/textures/FLOOR_Metalness.png
[1.833s] -- Up-to-date: /root/workspaces/ros2_ws/install/warehouse_worlds/share/warehouse_worlds//models/Depot/materials/textures/FANS_Roughness.png
[1.847s] -- Up-to-date: /root/workspaces/ros2_ws/install/warehouse_worlds/share/warehouse_worlds//models/Depot/materials/textures/INTERCOM_Emissive.png
[1.880s] -- Up-to-date: /root/workspaces/ros2_ws/install/warehouse_worlds/share/warehouse_worlds//models/Depot/materials/textures/ROOF_Metalness.png
[1.903s] -- Up-to-date: /root/workspaces/ros2_ws/install/warehouse_worlds/share/warehouse_worlds//models/Depot/materials/textures/PILLERS_Albedo.png
[1.919s] -- Up-to-date: /root/workspaces/ros2_ws/install/warehouse_worlds/share/warehouse_worlds//models/Depot/materials/textures/STAIRS_Metalness.png
[1.919s] -- Up-to-date: /root/workspaces/ros2_ws/install/warehouse_worlds/share/warehouse_worlds//models/Depot/materials/textures/WALLS_Albedo.png
[1.945s] -- Up-to-date: /root/workspaces/ros2_ws/install/warehouse_worlds/share/warehouse_worlds//models/Depot/materials/textures/FireAlarm_Albedo.png
[1.982s] -- Up-to-date: /root/workspaces/ros2_ws/install/warehouse_worlds/share/warehouse_worlds//models/Depot/materials/textures/Forklift_Forklift_Normal.png
[1.982s] -- Up-to-date: /root/workspaces/ros2_ws/install/warehouse_worlds/share/warehouse_worlds//models/Depot/materials/textures/Window_WINDOW_Metallic.png
[1.982s] -- Up-to-date: /root/workspaces/ros2_ws/install/warehouse_worlds/share/warehouse_worlds//models/Depot/materials/textures/BOXSET_Emissive.png
[1.982s] -- Up-to-date: /root/workspaces/ros2_ws/install/warehouse_worlds/share/warehouse_worlds//models/Depot/materials/textures/Pipes_Normal.png
[1.982s] -- Up-to-date: /root/workspaces/ros2_ws/install/warehouse_worlds/share/warehouse_worlds//models/Depot/materials/textures/FireAlarmPole_Albedo.png
[1.982s] -- Up-to-date: /root/workspaces/ros2_ws/install/warehouse_worlds/share/warehouse_worlds//models/Depot/materials/textures/INTERCOM_Normal.png
[1.982s] -- Up-to-date: /root/workspaces/ros2_ws/install/warehouse_worlds/share/warehouse_worlds//models/Depot/materials/textures/FLOOR_Roughness.png
[1.982s] -- Up-to-date: /root/workspaces/ros2_ws/install/warehouse_worlds/share/warehouse_worlds//models/Depot/materials/textures/INTERCOM_Albedo.png
[1.982s] -- Up-to-date: /root/workspaces/ros2_ws/install/warehouse_worlds/share/warehouse_worlds//models/Depot/materials/textures/Pipes_Albedo.png
[1.982s] -- Up-to-date: /root/workspaces/ros2_ws/install/warehouse_worlds/share/warehouse_worlds//models/Depot/materials/textures/PILLERS_Normal.png
[1.983s] -- Up-to-date: /root/workspaces/ros2_ws/install/warehouse_worlds/share/warehouse_worlds//models/Depot/materials/textures/STAIRS_Roughness.png
[1.983s] -- Up-to-date: /root/workspaces/ros2_ws/install/warehouse_worlds/share/warehouse_worlds//models/Depot/materials/textures/FANS_Metalness.png
[1.983s] -- Up-to-date: /root/workspaces/ros2_ws/install/warehouse_worlds/share/warehouse_worlds//models/Depot/materials/textures/ROOF_Roughness.png
[1.983s] -- Up-to-date: /root/workspaces/ros2_ws/install/warehouse_worlds/share/warehouse_worlds//models/Depot/materials/textures/FireAlarm_Normal.png
[1.983s] -- Up-to-date: /root/workspaces/ros2_ws/install/warehouse_worlds/share/warehouse_worlds//models/Depot/materials/textures/WALLS_Normal.png
[1.983s] -- Up-to-date: /root/workspaces/ros2_ws/install/warehouse_worlds/share/warehouse_worlds//models/Depot/materials/textures/BOXSET_Albedo.png
[1.983s] -- Up-to-date: /root/workspaces/ros2_ws/install/warehouse_worlds/share/warehouse_worlds//models/Depot/materials/textures/Crates_Crates_Normal.png
[1.983s] -- Up-to-date: /root/workspaces/ros2_ws/install/warehouse_worlds/share/warehouse_worlds//models/Depot/materials/textures/Forklift_Forklift_Metallic.png
[1.983s] -- Up-to-date: /root/workspaces/ros2_ws/install/warehouse_worlds/share/warehouse_worlds//models/Depot/materials/textures/FireAlarmPole_Normal.png
[1.983s] -- Up-to-date: /root/workspaces/ros2_ws/install/warehouse_worlds/share/warehouse_worlds//models/Depot/materials/textures/FireAlarmPole_Metalness.png
[1.984s] -- Up-to-date: /root/workspaces/ros2_ws/install/warehouse_worlds/share/warehouse_worlds//models/Depot/materials/textures/Forklift_Forklift_Roughness.png
[1.984s] -- Up-to-date: /root/workspaces/ros2_ws/install/warehouse_worlds/share/warehouse_worlds//models/Depot/materials/textures/STAIRS_Normal.png
[1.984s] -- Up-to-date: /root/workspaces/ros2_ws/install/warehouse_worlds/share/warehouse_worlds//models/Depot/materials/textures/ROOF_Normal.png
[1.984s] -- Up-to-date: /root/workspaces/ros2_ws/install/warehouse_worlds/share/warehouse_worlds//models/Depot/materials/textures/FANS_Albedo.png
[1.984s] -- Up-to-date: /root/workspaces/ros2_ws/install/warehouse_worlds/share/warehouse_worlds//models/Depot/materials/textures/FireAlarm_Metalness.png
[1.984s] -- Up-to-date: /root/workspaces/ros2_ws/install/warehouse_worlds/share/warehouse_worlds//models/Depot/materials/textures/Pipes_Roughness.png
[1.984s] -- Up-to-date: /root/workspaces/ros2_ws/install/warehouse_worlds/share/warehouse_worlds//models/Depot/materials/textures/INTERCOM_Roughness.png
[1.984s] -- Up-to-date: /root/workspaces/ros2_ws/install/warehouse_worlds/share/warehouse_worlds//models/Depot/materials/textures/WALLS_Metalness.png
[1.984s] -- Up-to-date: /root/workspaces/ros2_ws/install/warehouse_worlds/share/warehouse_worlds//models/Depot/materials/textures/PILLERS_Metalness.png
[1.985s] -- Up-to-date: /root/workspaces/ros2_ws/install/warehouse_worlds/share/warehouse_worlds//models/Depot/materials/textures/DepotLightmap.png
[1.985s] -- Up-to-date: /root/workspaces/ros2_ws/install/warehouse_worlds/share/warehouse_worlds//models/Depot/materials/textures/BOXSET_Roughness.png
[1.985s] -- Up-to-date: /root/workspaces/ros2_ws/install/warehouse_worlds/share/warehouse_worlds//models/Depot/materials/textures/ROOF_Emissive.png
[1.985s] -- Up-to-date: /root/workspaces/ros2_ws/install/warehouse_worlds/share/warehouse_worlds//models/Depot/materials/textures/Forklift_Forklift_BaseColor.png
[1.985s] -- Up-to-date: /root/workspaces/ros2_ws/install/warehouse_worlds/share/warehouse_worlds//models/Depot/materials/textures/FLOOR_Normal.png
[1.985s] -- Up-to-date: /root/workspaces/ros2_ws/install/warehouse_worlds/share/warehouse_worlds//models/Depot/materials/textures/WALLS_Roughness.png
[1.985s] -- Up-to-date: /root/workspaces/ros2_ws/install/warehouse_worlds/share/warehouse_worlds//models/Depot/materials/textures/FireAlarm_Roughness.png
[1.985s] -- Up-to-date: /root/workspaces/ros2_ws/install/warehouse_worlds/share/warehouse_worlds//models/Depot/materials/textures/BOXSET_Metalness.png
[1.985s] -- Up-to-date: /root/workspaces/ros2_ws/install/warehouse_worlds/share/warehouse_worlds//models/Depot/materials/textures/FANS_Normal.png
[1.985s] -- Up-to-date: /root/workspaces/ros2_ws/install/warehouse_worlds/share/warehouse_worlds//models/Depot/materials/textures/FireAlarmPole_Roughness.png
[1.985s] -- Up-to-date: /root/workspaces/ros2_ws/install/warehouse_worlds/share/warehouse_worlds//models/Depot/materials/textures/Crates_Crates_Roughness.png
[1.985s] -- Up-to-date: /root/workspaces/ros2_ws/install/warehouse_worlds/share/warehouse_worlds//models/Depot/materials/textures/Window_WINDOW_BaseColor.png
[1.985s] -- Up-to-date: /root/workspaces/ros2_ws/install/warehouse_worlds/share/warehouse_worlds//models/Depot/materials/textures/PILLERS_Roughness.png
[1.986s] -- Up-to-date: /root/workspaces/ros2_ws/install/warehouse_worlds/share/warehouse_worlds//models/Depot/materials/textures/FLOOR_Albedo.png
[1.986s] -- Up-to-date: /root/workspaces/ros2_ws/install/warehouse_worlds/share/warehouse_worlds//models/Depot/materials/textures/FanBack_FanBack_BaseColor.png
[1.987s] -- Up-to-date: /root/workspaces/ros2_ws/install/warehouse_worlds/share/warehouse_worlds//models/Depot/materials/textures/ROOF_Albedo.png
[1.987s] -- Up-to-date: /root/workspaces/ros2_ws/install/warehouse_worlds/share/warehouse_worlds//models/Depot/materials/textures/STAIRS_Albedo.png
[1.988s] -- Up-to-date: /root/workspaces/ros2_ws/install/warehouse_worlds/share/warehouse_worlds//models/Depot/materials/textures/INTERCOM_Metalness.png
[1.988s] -- Up-to-date: /root/workspaces/ros2_ws/install/warehouse_worlds/share/warehouse_worlds//models/Depot/materials/textures/Window_WINDOW_Roughness.png
[1.988s] -- Up-to-date: /root/workspaces/ros2_ws/install/warehouse_worlds/share/warehouse_worlds//models/Depot/materials/textures/Crates_Crates_BaseColor.png
[1.988s] -- Up-to-date: /root/workspaces/ros2_ws/install/warehouse_worlds/share/warehouse_worlds//models/Depot/materials/textures/Pipes_Metalness.png
[1.988s] -- Up-to-date: /root/workspaces/ros2_ws/install/warehouse_worlds/share/warehouse_worlds//models/Depot/model.config
[1.988s] -- Up-to-date: /root/workspaces/ros2_ws/install/warehouse_worlds/share/warehouse_worlds//models/Depot/meshes
[1.988s] -- Up-to-date: /root/workspaces/ros2_ws/install/warehouse_worlds/share/warehouse_worlds//models/Depot/meshes/Depot.dae
[1.988s] -- Up-to-date: /root/workspaces/ros2_ws/install/warehouse_worlds/share/warehouse_worlds//models/Depot/meshes/Crates.dae
[1.988s] -- Up-to-date: /root/workspaces/ros2_ws/install/warehouse_worlds/share/warehouse_worlds//models/Depot/thumbnails
[1.988s] -- Up-to-date: /root/workspaces/ros2_ws/install/warehouse_worlds/share/warehouse_worlds//models/Depot/thumbnails/5.png
[1.989s] -- Up-to-date: /root/workspaces/ros2_ws/install/warehouse_worlds/share/warehouse_worlds//models/Depot/thumbnails/1.png
[1.989s] -- Up-to-date: /root/workspaces/ros2_ws/install/warehouse_worlds/share/warehouse_worlds//models/Depot/thumbnails/3.png
[1.989s] -- Up-to-date: /root/workspaces/ros2_ws/install/warehouse_worlds/share/warehouse_worlds//models/Depot/thumbnails/2.png
[1.989s] -- Up-to-date: /root/workspaces/ros2_ws/install/warehouse_worlds/share/warehouse_worlds//models/Depot/thumbnails/0.png
[1.989s] -- Up-to-date: /root/workspaces/ros2_ws/install/warehouse_worlds/share/warehouse_worlds//models/Depot/thumbnails/4.png
[1.989s] -- Up-to-date: /root/workspaces/ros2_ws/install/warehouse_worlds/share/warehouse_worlds//models/shipping_container_short_ariac
[1.989s] -- Up-to-date: /root/workspaces/ros2_ws/install/warehouse_worlds/share/warehouse_worlds//models/shipping_container_short_ariac/model.sdf
[2.059s] -- Up-to-date: /root/workspaces/ros2_ws/install/warehouse_worlds/share/warehouse_worlds//models/shipping_container_short_ariac/materials
[2.059s] -- Up-to-date: /root/workspaces/ros2_ws/install/warehouse_worlds/share/warehouse_worlds//models/shipping_container_short_ariac/materials/textures
[2.059s] -- Up-to-date: /root/workspaces/ros2_ws/install/warehouse_worlds/share/warehouse_worlds//models/shipping_container_short_ariac/materials/textures/ShippingContainer.png
[2.059s] -- Up-to-date: /root/workspaces/ros2_ws/install/warehouse_worlds/share/warehouse_worlds//models/shipping_container_short_ariac/model.config
[2.059s] -- Up-to-date: /root/workspaces/ros2_ws/install/warehouse_worlds/share/warehouse_worlds//models/shipping_container_short_ariac/meshes
[2.059s] -- Up-to-date: /root/workspaces/ros2_ws/install/warehouse_worlds/share/warehouse_worlds//models/shipping_container_short_ariac/meshes/ShippingContainer_Textured.mtl
[2.059s] -- Up-to-date: /root/workspaces/ros2_ws/install/warehouse_worlds/share/warehouse_worlds//models/shipping_container_short_ariac/meshes/ShippingContainer_Textured.obj
[2.059s] -- Up-to-date: /root/workspaces/ros2_ws/install/warehouse_worlds/share/warehouse_worlds//models/part4_ariac
[2.059s] -- Up-to-date: /root/workspaces/ros2_ws/install/warehouse_worlds/share/warehouse_worlds//models/part4_ariac/model.sdf
[2.060s] -- Up-to-date: /root/workspaces/ros2_ws/install/warehouse_worlds/share/warehouse_worlds//models/part4_ariac/model.config
[2.060s] -- Up-to-date: /root/workspaces/ros2_ws/install/warehouse_worlds/share/warehouse_worlds//models/kit_tray_ariac
[2.060s] -- Up-to-date: /root/workspaces/ros2_ws/install/warehouse_worlds/share/warehouse_worlds//models/kit_tray_ariac/model.sdf
[2.060s] -- Up-to-date: /root/workspaces/ros2_ws/install/warehouse_worlds/share/warehouse_worlds//models/kit_tray_ariac/model.config
[2.060s] -- Up-to-date: /root/workspaces/ros2_ws/install/warehouse_worlds/share/warehouse_worlds//models/piston_rod_part_ariac
[2.060s] -- Up-to-date: /root/workspaces/ros2_ws/install/warehouse_worlds/share/warehouse_worlds//models/piston_rod_part_ariac/model.sdf
[2.060s] -- Up-to-date: /root/workspaces/ros2_ws/install/warehouse_worlds/share/warehouse_worlds//models/piston_rod_part_ariac/model.config
[2.061s] -- Up-to-date: /root/workspaces/ros2_ws/install/warehouse_worlds/share/warehouse_worlds//models/piston_rod_part_ariac/meshes
[2.061s] -- Up-to-date: /root/workspaces/ros2_ws/install/warehouse_worlds/share/warehouse_worlds//models/piston_rod_part_ariac/meshes/piston_rod.dae
[2.061s] -- Up-to-date: /root/workspaces/ros2_ws/install/warehouse_worlds/share/warehouse_worlds//models/closed_box_ariac
[2.061s] -- Up-to-date: /root/workspaces/ros2_ws/install/warehouse_worlds/share/warehouse_worlds//models/closed_box_ariac/model.sdf
[2.061s] -- Up-to-date: /root/workspaces/ros2_ws/install/warehouse_worlds/share/warehouse_worlds//models/closed_box_ariac/materials
[2.061s] -- Up-to-date: /root/workspaces/ros2_ws/install/warehouse_worlds/share/warehouse_worlds//models/closed_box_ariac/materials/textures
[2.061s] -- Up-to-date: /root/workspaces/ros2_ws/install/warehouse_worlds/share/warehouse_worlds//models/closed_box_ariac/materials/textures/closed_box.png
[2.061s] -- Up-to-date: /root/workspaces/ros2_ws/install/warehouse_worlds/share/warehouse_worlds//models/closed_box_ariac/model.config
[2.061s] -- Up-to-date: /root/workspaces/ros2_ws/install/warehouse_worlds/share/warehouse_worlds//models/closed_box_ariac/meshes
[2.080s] -- Up-to-date: /root/workspaces/ros2_ws/install/warehouse_worlds/share/warehouse_worlds//models/closed_box_ariac/meshes/closed_box.mtl
[2.094s] -- Up-to-date: /root/workspaces/ros2_ws/install/warehouse_worlds/share/warehouse_worlds//models/closed_box_ariac/meshes/closed_box.obj
[2.139s] -- Up-to-date: /root/workspaces/ros2_ws/install/warehouse_worlds/share/warehouse_worlds//models/etgah_logo
[2.170s] -- Up-to-date: /root/workspaces/ros2_ws/install/warehouse_worlds/share/warehouse_worlds//models/etgah_logo/model.sdf
[2.227s] -- Up-to-date: /root/workspaces/ros2_ws/install/warehouse_worlds/share/warehouse_worlds//models/etgah_logo/materials
[2.279s] -- Up-to-date: /root/workspaces/ros2_ws/install/warehouse_worlds/share/warehouse_worlds//models/etgah_logo/materials/textures
[2.296s] -- Up-to-date: /root/workspaces/ros2_ws/install/warehouse_worlds/share/warehouse_worlds//models/etgah_logo/materials/textures/logo.png
[2.296s] -- Up-to-date: /root/workspaces/ros2_ws/install/warehouse_worlds/share/warehouse_worlds//models/etgah_logo/model.config
[2.296s] -- Up-to-date: /root/workspaces/ros2_ws/install/warehouse_worlds/share/warehouse_worlds//models/open_box_ariac
[2.296s] -- Up-to-date: /root/workspaces/ros2_ws/install/warehouse_worlds/share/warehouse_worlds//models/open_box_ariac/model.sdf
[2.296s] -- Up-to-date: /root/workspaces/ros2_ws/install/warehouse_worlds/share/warehouse_worlds//models/open_box_ariac/materials
[2.296s] -- Up-to-date: /root/workspaces/ros2_ws/install/warehouse_worlds/share/warehouse_worlds//models/open_box_ariac/materials/textures
[2.297s] -- Up-to-date: /root/workspaces/ros2_ws/install/warehouse_worlds/share/warehouse_worlds//models/open_box_ariac/materials/textures/open_box.png
[2.297s] -- Up-to-date: /root/workspaces/ros2_ws/install/warehouse_worlds/share/warehouse_worlds//models/open_box_ariac/model.config
[2.297s] -- Up-to-date: /root/workspaces/ros2_ws/install/warehouse_worlds/share/warehouse_worlds//models/open_box_ariac/meshes
[2.297s] -- Up-to-date: /root/workspaces/ros2_ws/install/warehouse_worlds/share/warehouse_worlds//models/open_box_ariac/meshes/open_box.mtl
[2.297s] -- Up-to-date: /root/workspaces/ros2_ws/install/warehouse_worlds/share/warehouse_worlds//models/open_box_ariac/meshes/open_box.obj
[2.297s] -- Up-to-date: /root/workspaces/ros2_ws/install/warehouse_worlds/share/warehouse_worlds//models/part3_ariac
[2.297s] -- Up-to-date: /root/workspaces/ros2_ws/install/warehouse_worlds/share/warehouse_worlds//models/part3_ariac/model.sdf
[2.298s] -- Up-to-date: /root/workspaces/ros2_ws/install/warehouse_worlds/share/warehouse_worlds//models/part3_ariac/model.config
[2.298s] -- Up-to-date: /root/workspaces/ros2_ws/install/warehouse_worlds/share/warehouse_worlds//models/arm_part_ariac
[2.298s] -- Up-to-date: /root/workspaces/ros2_ws/install/warehouse_worlds/share/warehouse_worlds//models/arm_part_ariac/model.sdf
[2.298s] -- Up-to-date: /root/workspaces/ros2_ws/install/warehouse_worlds/share/warehouse_worlds//models/arm_part_ariac/materials
[2.298s] -- Up-to-date: /root/workspaces/ros2_ws/install/warehouse_worlds/share/warehouse_worlds//models/arm_part_ariac/materials/scripts
[2.298s] -- Up-to-date: /root/workspaces/ros2_ws/install/warehouse_worlds/share/warehouse_worlds//models/arm_part_ariac/materials/scripts/arm_part.material
[2.298s] -- Up-to-date: /root/workspaces/ros2_ws/install/warehouse_worlds/share/warehouse_worlds//models/arm_part_ariac/materials/textures
[2.298s] -- Up-to-date: /root/workspaces/ros2_ws/install/warehouse_worlds/share/warehouse_worlds//models/arm_part_ariac/materials/textures/parts.png
[2.298s] -- Up-to-date: /root/workspaces/ros2_ws/install/warehouse_worlds/share/warehouse_worlds//models/arm_part_ariac/model.config
[2.302s] -- Up-to-date: /root/workspaces/ros2_ws/install/warehouse_worlds/share/warehouse_worlds//models/arm_part_ariac/meshes
[2.313s] -- Up-to-date: /root/workspaces/ros2_ws/install/warehouse_worlds/share/warehouse_worlds//models/arm_part_ariac/meshes/arm.dae
[2.338s] -- Up-to-date: /root/workspaces/ros2_ws/install/warehouse_worlds/share/warehouse_worlds//models/shipping_container_ariac
[2.357s] -- Up-to-date: /root/workspaces/ros2_ws/install/warehouse_worlds/share/warehouse_worlds//models/shipping_container_ariac/model.sdf
[2.357s] -- Up-to-date: /root/workspaces/ros2_ws/install/warehouse_worlds/share/warehouse_worlds//models/shipping_container_ariac/materials
[2.357s] -- Up-to-date: /root/workspaces/ros2_ws/install/warehouse_worlds/share/warehouse_worlds//models/shipping_container_ariac/materials/textures
[2.367s] -- Up-to-date: /root/workspaces/ros2_ws/install/warehouse_worlds/share/warehouse_worlds//models/shipping_container_ariac/materials/textures/ShippingContainer.png
[2.367s] -- Up-to-date: /root/workspaces/ros2_ws/install/warehouse_worlds/share/warehouse_worlds//models/shipping_container_ariac/model.config
[2.379s] -- Up-to-date: /root/workspaces/ros2_ws/install/warehouse_worlds/share/warehouse_worlds//models/shipping_container_ariac/meshes
[2.383s] -- Up-to-date: /root/workspaces/ros2_ws/install/warehouse_worlds/share/warehouse_worlds//models/shipping_container_ariac/meshes/ShippingContainer_Textured.mtl
[2.406s] -- Up-to-date: /root/workspaces/ros2_ws/install/warehouse_worlds/share/warehouse_worlds//models/shipping_container_ariac/meshes/ShippingContainer_Textured.obj
[2.420s] -- Up-to-date: /root/workspaces/ros2_ws/install/warehouse_worlds/share/warehouse_worlds//models/workcell
[2.420s] -- Up-to-date: /root/workspaces/ros2_ws/install/warehouse_worlds/share/warehouse_worlds//models/workcell/model.sdf
[2.420s] -- Up-to-date: /root/workspaces/ros2_ws/install/warehouse_worlds/share/warehouse_worlds//models/workcell/materials
[2.431s] -- Up-to-date: /root/workspaces/ros2_ws/install/warehouse_worlds/share/warehouse_worlds//models/workcell/materials/textures
[2.443s] -- Up-to-date: /root/workspaces/ros2_ws/install/warehouse_worlds/share/warehouse_worlds//models/workcell/materials/textures/Mesh.png
[2.459s] -- Up-to-date: /root/workspaces/ros2_ws/install/warehouse_worlds/share/warehouse_worlds//models/workcell/materials/textures/Conveyor.png
[2.459s] -- Up-to-date: /root/workspaces/ros2_ws/install/warehouse_worlds/share/warehouse_worlds//models/workcell/materials/textures/ControlPanel.png
[2.459s] -- Up-to-date: /root/workspaces/ros2_ws/install/warehouse_worlds/share/warehouse_worlds//models/workcell/materials/textures/Bin.png
[2.470s] -- Up-to-date: /root/workspaces/ros2_ws/install/warehouse_worlds/share/warehouse_worlds//models/workcell/materials/textures/Wall_Corrugated.png
[2.480s] -- Up-to-date: /root/workspaces/ros2_ws/install/warehouse_worlds/share/warehouse_worlds//models/workcell/materials/textures/CardboardBoxes.png
[2.481s] -- Up-to-date: /root/workspaces/ros2_ws/install/warehouse_worlds/share/warehouse_worlds//models/workcell/materials/textures/Door_Window.png
[2.487s] -- Up-to-date: /root/workspaces/ros2_ws/install/warehouse_worlds/share/warehouse_worlds//models/workcell/materials/textures/Plywood.png
[2.520s] -- Up-to-date: /root/workspaces/ros2_ws/install/warehouse_worlds/share/warehouse_worlds//models/workcell/materials/textures/Stairs.png
[2.525s] -- Up-to-date: /root/workspaces/ros2_ws/install/warehouse_worlds/share/warehouse_worlds//models/workcell/materials/textures/RollupDoor.png
[2.525s] -- Up-to-date: /root/workspaces/ros2_ws/install/warehouse_worlds/share/warehouse_worlds//models/workcell/materials/textures/Floor.png
[2.525s] -- Up-to-date: /root/workspaces/ros2_ws/install/warehouse_worlds/share/warehouse_worlds//models/workcell/materials/textures/Pallet.png
[2.525s] -- Up-to-date: /root/workspaces/ros2_ws/install/warehouse_worlds/share/warehouse_worlds//models/workcell/materials/textures/WorkCell_Render.png
[2.536s] -- Up-to-date: /root/workspaces/ros2_ws/install/warehouse_worlds/share/warehouse_worlds//models/workcell/materials/textures/Wall_Concrete.png
[2.536s] -- Up-to-date: /root/workspaces/ros2_ws/install/warehouse_worlds/share/warehouse_worlds//models/workcell/materials/textures/Shelves.png
[2.558s] -- Up-to-date: /root/workspaces/ros2_ws/install/warehouse_worlds/share/warehouse_worlds//models/workcell/materials/textures/Pillar.png
[2.583s] -- Up-to-date: /root/workspaces/ros2_ws/install/warehouse_worlds/share/warehouse_worlds//models/workcell/materials/textures/RubberMat.png
[2.583s] -- Up-to-date: /root/workspaces/ros2_ws/install/warehouse_worlds/share/warehouse_worlds//models/workcell/materials/textures/Yellow.png
[2.583s] -- Up-to-date: /root/workspaces/ros2_ws/install/warehouse_worlds/share/warehouse_worlds//models/workcell/materials/textures/PalletWrap.png
[2.583s] -- Up-to-date: /root/workspaces/ros2_ws/install/warehouse_worlds/share/warehouse_worlds//models/workcell/model.config
[2.583s] -- Up-to-date: /root/workspaces/ros2_ws/install/warehouse_worlds/share/warehouse_worlds//models/workcell/meshes
[2.589s] -- Up-to-date: /root/workspaces/ros2_ws/install/warehouse_worlds/share/warehouse_worlds//models/workcell/meshes/mesh.dae
[2.613s] -- Up-to-date: /root/workspaces/ros2_ws/install/warehouse_worlds/share/warehouse_worlds//models/shipping_container_conveyor_tall_ariac
[2.617s] -- Up-to-date: /root/workspaces/ros2_ws/install/warehouse_worlds/share/warehouse_worlds//models/shipping_container_conveyor_tall_ariac/model.sdf
[2.617s] -- Up-to-date: /root/workspaces/ros2_ws/install/warehouse_worlds/share/warehouse_worlds//models/shipping_container_conveyor_tall_ariac/materials
[2.649s] -- Up-to-date: /root/workspaces/ros2_ws/install/warehouse_worlds/share/warehouse_worlds//models/shipping_container_conveyor_tall_ariac/materials/textures
[2.649s] -- Up-to-date: /root/workspaces/ros2_ws/install/warehouse_worlds/share/warehouse_worlds//models/shipping_container_conveyor_tall_ariac/materials/textures/ShippingContainer.png
[2.649s] -- Up-to-date: /root/workspaces/ros2_ws/install/warehouse_worlds/share/warehouse_worlds//models/shipping_container_conveyor_tall_ariac/model.config
[2.650s] -- Up-to-date: /root/workspaces/ros2_ws/install/warehouse_worlds/share/warehouse_worlds//models/shipping_container_conveyor_tall_ariac/meshes
[2.660s] -- Up-to-date: /root/workspaces/ros2_ws/install/warehouse_worlds/share/warehouse_worlds//models/shipping_container_conveyor_tall_ariac/meshes/ShippingContainer_Textured.mtl
[2.683s] -- Up-to-date: /root/workspaces/ros2_ws/install/warehouse_worlds/share/warehouse_worlds//models/shipping_container_conveyor_tall_ariac/meshes/ShippingContainer_Textured.obj
[2.707s] -- Up-to-date: /root/workspaces/ros2_ws/install/warehouse_worlds/share/warehouse_worlds//models/yellow_bin_ariac
[2.734s] -- Up-to-date: /root/workspaces/ros2_ws/install/warehouse_worlds/share/warehouse_worlds//models/yellow_bin_ariac/model.sdf
[2.758s] -- Up-to-date: /root/workspaces/ros2_ws/install/warehouse_worlds/share/warehouse_worlds//models/yellow_bin_ariac/materials
[2.779s] -- Up-to-date: /root/workspaces/ros2_ws/install/warehouse_worlds/share/warehouse_worlds//models/yellow_bin_ariac/materials/textures
[2.779s] -- Up-to-date: /root/workspaces/ros2_ws/install/warehouse_worlds/share/warehouse_worlds//models/yellow_bin_ariac/materials/textures/yellow_bin.png
[2.779s] -- Up-to-date: /root/workspaces/ros2_ws/install/warehouse_worlds/share/warehouse_worlds//models/yellow_bin_ariac/model.config
[2.779s] -- Up-to-date: /root/workspaces/ros2_ws/install/warehouse_worlds/share/warehouse_worlds//models/yellow_bin_ariac/meshes
[2.779s] -- Up-to-date: /root/workspaces/ros2_ws/install/warehouse_worlds/share/warehouse_worlds//models/yellow_bin_ariac/meshes/yellow_bin.obj
[2.779s] -- Up-to-date: /root/workspaces/ros2_ws/install/warehouse_worlds/share/warehouse_worlds//models/yellow_bin_ariac/meshes/yellow_bin.mtl
[2.779s] -- Up-to-date: /root/workspaces/ros2_ws/install/warehouse_worlds/share/warehouse_worlds//models/workcell_bin
[2.779s] -- Up-to-date: /root/workspaces/ros2_ws/install/warehouse_worlds/share/warehouse_worlds//models/workcell_bin/model.sdf
[2.779s] -- Up-to-date: /root/workspaces/ros2_ws/install/warehouse_worlds/share/warehouse_worlds//models/workcell_bin/materials
[2.783s] -- Up-to-date: /root/workspaces/ros2_ws/install/warehouse_worlds/share/warehouse_worlds//models/workcell_bin/materials/textures
[2.788s] -- Up-to-date: /root/workspaces/ros2_ws/install/warehouse_worlds/share/warehouse_worlds//models/workcell_bin/materials/textures/bin.png
[2.794s] -- Up-to-date: /root/workspaces/ros2_ws/install/warehouse_worlds/share/warehouse_worlds//models/workcell_bin/model.config
[2.823s] -- Up-to-date: /root/workspaces/ros2_ws/install/warehouse_worlds/share/warehouse_worlds//models/workcell_bin/meshes
[2.871s] -- Up-to-date: /root/workspaces/ros2_ws/install/warehouse_worlds/share/warehouse_worlds//models/workcell_bin/meshes/bin.dae
[2.871s] -- Up-to-date: /root/workspaces/ros2_ws/install/warehouse_worlds/share/warehouse_worlds//models/shipping_container_conveyor_ariac
[2.871s] -- Up-to-date: /root/workspaces/ros2_ws/install/warehouse_worlds/share/warehouse_worlds//models/shipping_container_conveyor_ariac/model.sdf
[2.871s] -- Up-to-date: /root/workspaces/ros2_ws/install/warehouse_worlds/share/warehouse_worlds//models/shipping_container_conveyor_ariac/materials
[2.872s] -- Up-to-date: /root/workspaces/ros2_ws/install/warehouse_worlds/share/warehouse_worlds//models/shipping_container_conveyor_ariac/materials/textures
[2.872s] -- Up-to-date: /root/workspaces/ros2_ws/install/warehouse_worlds/share/warehouse_worlds//models/shipping_container_conveyor_ariac/materials/textures/ShippingContainer.png
[2.872s] -- Up-to-date: /root/workspaces/ros2_ws/install/warehouse_worlds/share/warehouse_worlds//models/shipping_container_conveyor_ariac/model.config
[2.872s] -- Up-to-date: /root/workspaces/ros2_ws/install/warehouse_worlds/share/warehouse_worlds//models/shipping_container_conveyor_ariac/meshes
[2.877s] -- Up-to-date: /root/workspaces/ros2_ws/install/warehouse_worlds/share/warehouse_worlds//models/shipping_container_conveyor_ariac/meshes/ShippingContainer_Textured.mtl
[2.898s] -- Up-to-date: /root/workspaces/ros2_ws/install/warehouse_worlds/share/warehouse_worlds//models/shipping_container_conveyor_ariac/meshes/ShippingContainer_Textured.obj
[2.898s] -- Up-to-date: /root/workspaces/ros2_ws/install/warehouse_worlds/share/warehouse_worlds//models/warehouse_robot_ariac
[2.903s] -- Up-to-date: /root/workspaces/ros2_ws/install/warehouse_worlds/share/warehouse_worlds//models/warehouse_robot_ariac/model.sdf
[2.939s] -- Up-to-date: /root/workspaces/ros2_ws/install/warehouse_worlds/share/warehouse_worlds//models/warehouse_robot_ariac/materials
[2.961s] -- Up-to-date: /root/workspaces/ros2_ws/install/warehouse_worlds/share/warehouse_worlds//models/warehouse_robot_ariac/materials/textures
[2.966s] -- Up-to-date: /root/workspaces/ros2_ws/install/warehouse_worlds/share/warehouse_worlds//models/warehouse_robot_ariac/materials/textures/robot.png
[2.992s] -- Up-to-date: /root/workspaces/ros2_ws/install/warehouse_worlds/share/warehouse_worlds//models/warehouse_robot_ariac/model.config
[3.003s] -- Up-to-date: /root/workspaces/ros2_ws/install/warehouse_worlds/share/warehouse_worlds//models/warehouse_robot_ariac/meshes
[3.003s] -- Up-to-date: /root/workspaces/ros2_ws/install/warehouse_worlds/share/warehouse_worlds//models/warehouse_robot_ariac/meshes/robot.dae
[3.003s] -- Up-to-date: /root/workspaces/ros2_ws/install/warehouse_worlds/share/warehouse_worlds//models/part1_ariac
[3.003s] -- Up-to-date: /root/workspaces/ros2_ws/install/warehouse_worlds/share/warehouse_worlds//models/part1_ariac/model.sdf
[3.003s] -- Up-to-date: /root/workspaces/ros2_ws/install/warehouse_worlds/share/warehouse_worlds//models/part1_ariac/model.config
[3.003s] -- Up-to-date: /root/workspaces/ros2_ws/install/warehouse_worlds/share/ament_index/resource_index/package_run_dependencies/warehouse_worlds
[3.003s] -- Up-to-date: /root/workspaces/ros2_ws/install/warehouse_worlds/share/ament_index/resource_index/parent_prefix_path/warehouse_worlds
[3.003s] -- Up-to-date: /root/workspaces/ros2_ws/install/warehouse_worlds/share/warehouse_worlds/environment/ament_prefix_path.sh
[3.003s] -- Up-to-date: /root/workspaces/ros2_ws/install/warehouse_worlds/share/warehouse_worlds/environment/ament_prefix_path.dsv
[3.004s] -- Up-to-date: /root/workspaces/ros2_ws/install/warehouse_worlds/share/warehouse_worlds/environment/path.sh
[3.004s] -- Up-to-date: /root/workspaces/ros2_ws/install/warehouse_worlds/share/warehouse_worlds/environment/path.dsv
[3.028s] -- Up-to-date: /root/workspaces/ros2_ws/install/warehouse_worlds/share/warehouse_worlds/local_setup.bash
[3.042s] -- Up-to-date: /root/workspaces/ros2_ws/install/warehouse_worlds/share/warehouse_worlds/local_setup.sh
[3.043s] -- Up-to-date: /root/workspaces/ros2_ws/install/warehouse_worlds/share/warehouse_worlds/local_setup.zsh
[3.043s] -- Up-to-date: /root/workspaces/ros2_ws/install/warehouse_worlds/share/warehouse_worlds/local_setup.dsv
[3.043s] -- Installing: /root/workspaces/ros2_ws/install/warehouse_worlds/share/warehouse_worlds/package.dsv
[3.073s] -- Up-to-date: /root/workspaces/ros2_ws/install/warehouse_worlds/share/ament_index/resource_index/packages/warehouse_worlds
[3.080s] -- Up-to-date: /root/workspaces/ros2_ws/install/warehouse_worlds/share/warehouse_worlds/cmake/warehouse_worldsConfig.cmake
[3.092s] -- Up-to-date: /root/workspaces/ros2_ws/install/warehouse_worlds/share/warehouse_worlds/cmake/warehouse_worldsConfig-version.cmake
[3.093s] -- Up-to-date: /root/workspaces/ros2_ws/install/warehouse_worlds/share/warehouse_worlds/package.xml
[3.144s] Invoked command in '/root/workspaces/ros2_ws/build/warehouse_worlds' returned '0': CMAKE_PREFIX_PATH=${CMAKE_PREFIX_PATH}:/root/workspaces/ros2_ws/install/ffw_teleop:/root/workspaces/ros2_ws/install/ffw_bringup:/opt/ros/jazzy /usr/bin/cmake --install /root/workspaces/ros2_ws/build/warehouse_worlds
