[0.390s] Invoking command in '/root/workspaces/ros2_ws/build/ffw_moveit_config': CMAKE_PREFIX_PATH=${CMAKE_PREFIX_PATH}:/root/workspaces/ros2_ws/install/human_detector:/root/workspaces/ros2_ws/install/ffw_teleop:/root/workspaces/ros2_ws/install/ffw_bringup:/opt/ros/jazzy /usr/bin/cmake --build /root/workspaces/ros2_ws/build/ffw_moveit_config -- -j4 -l4
[0.528s] Invoked command in '/root/workspaces/ros2_ws/build/ffw_moveit_config' returned '0': CMAKE_PREFIX_PATH=${CMAKE_PREFIX_PATH}:/root/workspaces/ros2_ws/install/human_detector:/root/workspaces/ros2_ws/install/ffw_teleop:/root/workspaces/ros2_ws/install/ffw_bringup:/opt/ros/jazzy /usr/bin/cmake --build /root/workspaces/ros2_ws/build/ffw_moveit_config -- -j4 -l4
[0.529s] Invoking command in '/root/workspaces/ros2_ws/build/ffw_moveit_config': CMAKE_PREFIX_PATH=${CMAKE_PREFIX_PATH}:/root/workspaces/ros2_ws/install/human_detector:/root/workspaces/ros2_ws/install/ffw_teleop:/root/workspaces/ros2_ws/install/ffw_bringup:/opt/ros/jazzy /usr/bin/cmake --install /root/workspaces/ros2_ws/build/ffw_moveit_config
[0.565s] -- Install configuration: ""
[0.570s] -- Execute custom install script
[0.586s] -- Up-to-date symlink: /root/workspaces/ros2_ws/install/ffw_moveit_config/share/ffw_moveit_config/config/chomp_planning.yaml
[0.594s] -- Up-to-date symlink: /root/workspaces/ros2_ws/install/ffw_moveit_config/share/ffw_moveit_config/config/ffw.srdf
[0.599s] -- Up-to-date symlink: /root/workspaces/ros2_ws/install/ffw_moveit_config/share/ffw_moveit_config/config/joint_limits.yaml
[0.613s] -- Up-to-date symlink: /root/workspaces/ros2_ws/install/ffw_moveit_config/share/ffw_moveit_config/config/kinematics.yaml
[0.622s] -- Up-to-date symlink: /root/workspaces/ros2_ws/install/ffw_moveit_config/share/ffw_moveit_config/config/moveit.rviz
[0.623s] -- Up-to-date symlink: /root/workspaces/ros2_ws/install/ffw_moveit_config/share/ffw_moveit_config/config/moveit_controllers.yaml
[0.630s] -- Up-to-date symlink: /root/workspaces/ros2_ws/install/ffw_moveit_config/share/ffw_moveit_config/config/moveit_cpp.yaml
[0.634s] -- Up-to-date symlink: /root/workspaces/ros2_ws/install/ffw_moveit_config/share/ffw_moveit_config/config/ompl_planning.yaml
[0.654s] -- Up-to-date symlink: /root/workspaces/ros2_ws/install/ffw_moveit_config/share/ffw_moveit_config/config/pilz_cartesian_limits.yaml
[0.654s] -- Up-to-date symlink: /root/workspaces/ros2_ws/install/ffw_moveit_config/share/ffw_moveit_config/config/pilz_industrial_motion_planner_planning.yaml
[0.681s] -- Up-to-date symlink: /root/workspaces/ros2_ws/install/ffw_moveit_config/share/ffw_moveit_config/launch/moveit.launch.py
[0.685s] -- Up-to-date symlink: /root/workspaces/ros2_ws/install/ffw_moveit_config/share/ffw_moveit_config/.setup_assistant
[0.685s] -- Up-to-date symlink: /root/workspaces/ros2_ws/install/ffw_moveit_config/share/ament_index/resource_index/package_run_dependencies/ffw_moveit_config
[0.685s] -- Up-to-date symlink: /root/workspaces/ros2_ws/install/ffw_moveit_config/share/ament_index/resource_index/parent_prefix_path/ffw_moveit_config
[0.704s] -- Up-to-date symlink: /root/workspaces/ros2_ws/install/ffw_moveit_config/share/ffw_moveit_config/environment/ament_prefix_path.sh
[0.730s] -- Up-to-date symlink: /root/workspaces/ros2_ws/install/ffw_moveit_config/share/ffw_moveit_config/environment/ament_prefix_path.dsv
[0.765s] -- Up-to-date symlink: /root/workspaces/ros2_ws/install/ffw_moveit_config/share/ffw_moveit_config/environment/path.sh
[0.792s] -- Up-to-date symlink: /root/workspaces/ros2_ws/install/ffw_moveit_config/share/ffw_moveit_config/environment/path.dsv
[0.841s] -- Up-to-date symlink: /root/workspaces/ros2_ws/install/ffw_moveit_config/share/ffw_moveit_config/local_setup.bash
[0.869s] -- Up-to-date symlink: /root/workspaces/ros2_ws/install/ffw_moveit_config/share/ffw_moveit_config/local_setup.sh
[0.882s] -- Up-to-date symlink: /root/workspaces/ros2_ws/install/ffw_moveit_config/share/ffw_moveit_config/local_setup.zsh
[0.924s] -- Up-to-date symlink: /root/workspaces/ros2_ws/install/ffw_moveit_config/share/ffw_moveit_config/local_setup.dsv
[0.960s] -- Symlinking: /root/workspaces/ros2_ws/install/ffw_moveit_config/share/ffw_moveit_config/package.dsv
[1.078s] -- Up-to-date symlink: /root/workspaces/ros2_ws/install/ffw_moveit_config/share/ament_index/resource_index/packages/ffw_moveit_config
[1.096s] -- Up-to-date symlink: /root/workspaces/ros2_ws/install/ffw_moveit_config/share/ffw_moveit_config/cmake/ffw_moveit_configConfig.cmake
[1.096s] -- Up-to-date symlink: /root/workspaces/ros2_ws/install/ffw_moveit_config/share/ffw_moveit_config/cmake/ffw_moveit_configConfig-version.cmake
[1.097s] -- Up-to-date symlink: /root/workspaces/ros2_ws/install/ffw_moveit_config/share/ffw_moveit_config/package.xml
[1.097s] Invoked command in '/root/workspaces/ros2_ws/build/ffw_moveit_config' returned '0': CMAKE_PREFIX_PATH=${CMAKE_PREFIX_PATH}:/root/workspaces/ros2_ws/install/human_detector:/root/workspaces/ros2_ws/install/ffw_teleop:/root/workspaces/ros2_ws/install/ffw_bringup:/opt/ros/jazzy /usr/bin/cmake --install /root/workspaces/ros2_ws/build/ffw_moveit_config
