[0.383s] Invoking command in '/root/workspaces/ros2_ws/build/ffw_moveit_config': CMAKE_PREFIX_PATH=${CMAKE_PREFIX_PATH}:/root/workspaces/ros2_ws/install/human_detector:/root/workspaces/ros2_ws/install/ffw_teleop:/root/workspaces/ros2_ws/install/ffw_bringup:/opt/ros/jazzy /usr/bin/cmake --build /root/workspaces/ros2_ws/build/ffw_moveit_config -- -j4 -l4
[0.540s] Invoked command in '/root/workspaces/ros2_ws/build/ffw_moveit_config' returned '0': CMAKE_PREFIX_PATH=${CMAKE_PREFIX_PATH}:/root/workspaces/ros2_ws/install/human_detector:/root/workspaces/ros2_ws/install/ffw_teleop:/root/workspaces/ros2_ws/install/ffw_bringup:/opt/ros/jazzy /usr/bin/cmake --build /root/workspaces/ros2_ws/build/ffw_moveit_config -- -j4 -l4
[0.542s] Invoking command in '/root/workspaces/ros2_ws/build/ffw_moveit_config': CMAKE_PREFIX_PATH=${CMAKE_PREFIX_PATH}:/root/workspaces/ros2_ws/install/human_detector:/root/workspaces/ros2_ws/install/ffw_teleop:/root/workspaces/ros2_ws/install/ffw_bringup:/opt/ros/jazzy /usr/bin/cmake --install /root/workspaces/ros2_ws/build/ffw_moveit_config
[0.658s] -- Install configuration: ""
[0.678s] -- Execute custom install script
[0.679s] -- Up-to-date symlink: /root/workspaces/ros2_ws/install/ffw_moveit_config/share/ffw_moveit_config/config/chomp_planning.yaml
[0.679s] -- Up-to-date symlink: /root/workspaces/ros2_ws/install/ffw_moveit_config/share/ffw_moveit_config/config/ffw.srdf
[0.680s] -- Up-to-date symlink: /root/workspaces/ros2_ws/install/ffw_moveit_config/share/ffw_moveit_config/config/joint_limits.yaml
[0.680s] -- Up-to-date symlink: /root/workspaces/ros2_ws/install/ffw_moveit_config/share/ffw_moveit_config/config/kinematics.yaml
[0.681s] -- Up-to-date symlink: /root/workspaces/ros2_ws/install/ffw_moveit_config/share/ffw_moveit_config/config/moveit.rviz
[0.687s] -- Up-to-date symlink: /root/workspaces/ros2_ws/install/ffw_moveit_config/share/ffw_moveit_config/config/moveit_controllers.yaml
[0.703s] -- Up-to-date symlink: /root/workspaces/ros2_ws/install/ffw_moveit_config/share/ffw_moveit_config/config/moveit_cpp.yaml
[0.725s] -- Up-to-date symlink: /root/workspaces/ros2_ws/install/ffw_moveit_config/share/ffw_moveit_config/config/ompl_planning.yaml
[0.725s] -- Up-to-date symlink: /root/workspaces/ros2_ws/install/ffw_moveit_config/share/ffw_moveit_config/config/pilz_cartesian_limits.yaml
[0.726s] -- Up-to-date symlink: /root/workspaces/ros2_ws/install/ffw_moveit_config/share/ffw_moveit_config/config/pilz_industrial_motion_planner_planning.yaml
[0.726s] -- Up-to-date symlink: /root/workspaces/ros2_ws/install/ffw_moveit_config/share/ffw_moveit_config/launch/moveit.launch.py
[0.735s] -- Up-to-date symlink: /root/workspaces/ros2_ws/install/ffw_moveit_config/share/ffw_moveit_config/.setup_assistant
[0.739s] -- Up-to-date symlink: /root/workspaces/ros2_ws/install/ffw_moveit_config/share/ament_index/resource_index/package_run_dependencies/ffw_moveit_config
[0.745s] -- Up-to-date symlink: /root/workspaces/ros2_ws/install/ffw_moveit_config/share/ament_index/resource_index/parent_prefix_path/ffw_moveit_config
[0.756s] -- Up-to-date symlink: /root/workspaces/ros2_ws/install/ffw_moveit_config/share/ffw_moveit_config/environment/ament_prefix_path.sh
[0.765s] -- Up-to-date symlink: /root/workspaces/ros2_ws/install/ffw_moveit_config/share/ffw_moveit_config/environment/ament_prefix_path.dsv
[0.806s] -- Up-to-date symlink: /root/workspaces/ros2_ws/install/ffw_moveit_config/share/ffw_moveit_config/environment/path.sh
[0.817s] -- Up-to-date symlink: /root/workspaces/ros2_ws/install/ffw_moveit_config/share/ffw_moveit_config/environment/path.dsv
[0.858s] -- Up-to-date symlink: /root/workspaces/ros2_ws/install/ffw_moveit_config/share/ffw_moveit_config/local_setup.bash
[0.892s] -- Up-to-date symlink: /root/workspaces/ros2_ws/install/ffw_moveit_config/share/ffw_moveit_config/local_setup.sh
[0.909s] -- Up-to-date symlink: /root/workspaces/ros2_ws/install/ffw_moveit_config/share/ffw_moveit_config/local_setup.zsh
[0.927s] -- Up-to-date symlink: /root/workspaces/ros2_ws/install/ffw_moveit_config/share/ffw_moveit_config/local_setup.dsv
[0.946s] -- Symlinking: /root/workspaces/ros2_ws/install/ffw_moveit_config/share/ffw_moveit_config/package.dsv
[0.975s] -- Up-to-date symlink: /root/workspaces/ros2_ws/install/ffw_moveit_config/share/ament_index/resource_index/packages/ffw_moveit_config
[1.013s] -- Up-to-date symlink: /root/workspaces/ros2_ws/install/ffw_moveit_config/share/ffw_moveit_config/cmake/ffw_moveit_configConfig.cmake
[1.040s] -- Up-to-date symlink: /root/workspaces/ros2_ws/install/ffw_moveit_config/share/ffw_moveit_config/cmake/ffw_moveit_configConfig-version.cmake
[1.115s] -- Up-to-date symlink: /root/workspaces/ros2_ws/install/ffw_moveit_config/share/ffw_moveit_config/package.xml
[1.116s] Invoked command in '/root/workspaces/ros2_ws/build/ffw_moveit_config' returned '0': CMAKE_PREFIX_PATH=${CMAKE_PREFIX_PATH}:/root/workspaces/ros2_ws/install/human_detector:/root/workspaces/ros2_ws/install/ffw_teleop:/root/workspaces/ros2_ws/install/ffw_bringup:/opt/ros/jazzy /usr/bin/cmake --install /root/workspaces/ros2_ws/build/ffw_moveit_config
