[2.911s] Invoking command in '/root/workspaces/ros2_ws/src/ai-worker-sim/human_detector': PYTHONPATH=/root/workspaces/ros2_ws/build/human_detector/prefix_override:/usr/lib/python3/dist-packages/colcon_core/task/python/colcon_distutils_commands:/root/workspaces/ros2_ws/install/human_detector/lib/python3.12/site-packages:${PYTHONPATH} /usr/bin/python3 -W ignore:setup.py install is deprecated -W ignore:easy_install command is deprecated setup.py egg_info --egg-base ../../../build/human_detector build --build-base /root/workspaces/ros2_ws/build/human_detector/build install --record /root/workspaces/ros2_ws/build/human_detector/install.log --install-scripts $base/lib/human_detector --single-version-externally-managed install_data
[3.650s] running egg_info
[3.710s] writing ../../../build/human_detector/human_detector.egg-info/PKG-INFO
[3.762s] writing dependency_links to ../../../build/human_detector/human_detector.egg-info/dependency_links.txt
[3.781s] writing entry points to ../../../build/human_detector/human_detector.egg-info/entry_points.txt
[3.799s] writing requirements to ../../../build/human_detector/human_detector.egg-info/requires.txt
[3.818s] writing top-level names to ../../../build/human_detector/human_detector.egg-info/top_level.txt
[3.976s] reading manifest file '../../../build/human_detector/human_detector.egg-info/SOURCES.txt'
[3.988s] writing manifest file '../../../build/human_detector/human_detector.egg-info/SOURCES.txt'
[4.009s] running build
[4.028s] running build_py
[4.046s] copying human_detector/person_detector_node.py -> /root/workspaces/ros2_ws/build/human_detector/build/lib/human_detector
[4.060s] copying human_detector/wave_interact.py -> /root/workspaces/ros2_ws/build/human_detector/build/lib/human_detector
[4.080s] running install
[4.089s] running install_lib
[4.121s] copying /root/workspaces/ros2_ws/build/human_detector/build/lib/human_detector/person_detector_node.py -> /root/workspaces/ros2_ws/install/human_detector/lib/python3.12/site-packages/human_detector
[4.163s] copying /root/workspaces/ros2_ws/build/human_detector/build/lib/human_detector/wave_interact.py -> /root/workspaces/ros2_ws/install/human_detector/lib/python3.12/site-packages/human_detector
[4.208s] byte-compiling /root/workspaces/ros2_ws/install/human_detector/lib/python3.12/site-packages/human_detector/person_detector_node.py to person_detector_node.cpython-312.pyc
[4.216s] Sorry: IndentationError: unexpected indent (person_detector_node.py, line 1)
[4.224s] byte-compiling /root/workspaces/ros2_ws/install/human_detector/lib/python3.12/site-packages/human_detector/wave_interact.py to wave_interact.cpython-312.pyc
[4.288s] running install_data
[4.313s] copying launch/human_detector.launch.py -> /root/workspaces/ros2_ws/install/human_detector/share/human_detector/launch
[4.333s] running install_egg_info
[4.378s] removing '/root/workspaces/ros2_ws/install/human_detector/lib/python3.12/site-packages/human_detector-0.0.0-py3.12.egg-info' (and everything under it)
[4.429s] Copying ../../../build/human_detector/human_detector.egg-info to /root/workspaces/ros2_ws/install/human_detector/lib/python3.12/site-packages/human_detector-0.0.0-py3.12.egg-info
[4.666s] running install_scripts
[5.152s] Installing person_detector_node script to /root/workspaces/ros2_ws/install/human_detector/lib/human_detector
[5.170s] Installing wave_interact script to /root/workspaces/ros2_ws/install/human_detector/lib/human_detector
[5.198s] writing list of installed files to '/root/workspaces/ros2_ws/build/human_detector/install.log'
[5.318s] Invoked command in '/root/workspaces/ros2_ws/src/ai-worker-sim/human_detector' returned '0': PYTHONPATH=/root/workspaces/ros2_ws/build/human_detector/prefix_override:/usr/lib/python3/dist-packages/colcon_core/task/python/colcon_distutils_commands:/root/workspaces/ros2_ws/install/human_detector/lib/python3.12/site-packages:${PYTHONPATH} /usr/bin/python3 -W ignore:setup.py install is deprecated -W ignore:easy_install command is deprecated setup.py egg_info --egg-base ../../../build/human_detector build --build-base /root/workspaces/ros2_ws/build/human_detector/build install --record /root/workspaces/ros2_ws/build/human_detector/install.log --install-scripts $base/lib/human_detector --single-version-externally-managed install_data
