[3.003s] Invoking command in '/root/workspaces/ros2_ws/src/ai-worker-sim/ffw_bringup': AMENT_PREFIX_PATH=/root/workspaces/ros2_ws/install/ffw_description:${AMENT_PREFIX_PATH} CMAKE_PREFIX_PATH=/root/workspaces/ros2_ws/install/ffw_description:${CMAKE_PREFIX_PATH} PYTHONPATH=/root/workspaces/ros2_ws/build/ffw_bringup/prefix_override:/usr/lib/python3/dist-packages/colcon_core/task/python/colcon_distutils_commands:/root/workspaces/ros2_ws/install/ffw_bringup/lib/python3.12/site-packages:${PYTHONPATH} /usr/bin/python3 -W ignore:setup.py install is deprecated -W ignore:easy_install command is deprecated setup.py egg_info --egg-base ../../../build/ffw_bringup build --build-base /root/workspaces/ros2_ws/build/ffw_bringup/build install --record /root/workspaces/ros2_ws/build/ffw_bringup/install.log --install-scripts $base/lib/ffw_bringup --single-version-externally-managed install_data
[3.685s] running egg_info
[3.748s] writing ../../../build/ffw_bringup/ffw_bringup.egg-info/PKG-INFO
[3.779s] writing dependency_links to ../../../build/ffw_bringup/ffw_bringup.egg-info/dependency_links.txt
[3.798s] writing entry points to ../../../build/ffw_bringup/ffw_bringup.egg-info/entry_points.txt
[3.825s] writing requirements to ../../../build/ffw_bringup/ffw_bringup.egg-info/requires.txt
[3.838s] writing top-level names to ../../../build/ffw_bringup/ffw_bringup.egg-info/top_level.txt
[4.021s] reading manifest file '../../../build/ffw_bringup/ffw_bringup.egg-info/SOURCES.txt'
[4.029s] writing manifest file '../../../build/ffw_bringup/ffw_bringup.egg-info/SOURCES.txt'
[4.043s] running build
[4.043s] running build_py
[4.053s] copying ffw_bringup/head_eef_tracker.py -> /root/workspaces/ros2_ws/build/ffw_bringup/build/lib/ffw_bringup
[4.089s] copying ffw_bringup/__init__.py -> /root/workspaces/ros2_ws/build/ffw_bringup/build/lib/ffw_bringup
[4.112s] copying ffw_bringup/joint_trajectory_executor.py -> /root/workspaces/ros2_ws/build/ffw_bringup/build/lib/ffw_bringup
[4.140s] running install
[4.160s] running install_lib
[4.240s] copying /root/workspaces/ros2_ws/build/ffw_bringup/build/lib/ffw_bringup/head_eef_tracker.py -> /root/workspaces/ros2_ws/install/ffw_bringup/lib/python3.12/site-packages/ffw_bringup
[4.278s] copying /root/workspaces/ros2_ws/build/ffw_bringup/build/lib/ffw_bringup/__init__.py -> /root/workspaces/ros2_ws/install/ffw_bringup/lib/python3.12/site-packages/ffw_bringup
[4.311s] copying /root/workspaces/ros2_ws/build/ffw_bringup/build/lib/ffw_bringup/joint_trajectory_executor.py -> /root/workspaces/ros2_ws/install/ffw_bringup/lib/python3.12/site-packages/ffw_bringup
[4.351s] byte-compiling /root/workspaces/ros2_ws/install/ffw_bringup/lib/python3.12/site-packages/ffw_bringup/head_eef_tracker.py to head_eef_tracker.cpython-312.pyc
[4.401s] byte-compiling /root/workspaces/ros2_ws/install/ffw_bringup/lib/python3.12/site-packages/ffw_bringup/__init__.py to __init__.cpython-312.pyc
[4.431s] byte-compiling /root/workspaces/ros2_ws/install/ffw_bringup/lib/python3.12/site-packages/ffw_bringup/joint_trajectory_executor.py to joint_trajectory_executor.cpython-312.pyc
[4.460s] running install_data
[4.467s] copying resource/ffw_bringup -> /root/workspaces/ros2_ws/install/ffw_bringup/share/ament_index/resource_index/packages
[4.501s] copying package.xml -> /root/workspaces/ros2_ws/install/ffw_bringup/share/ffw_bringup
[4.542s] copying launch/ffw_sh5_warehouse_storage_launch.launch.py -> /root/workspaces/ros2_ws/install/ffw_bringup/share/ffw_bringup/launch
[4.578s] copying launch/ffw_sh5_warehouse_logistics_launch.launch.py -> /root/workspaces/ros2_ws/install/ffw_bringup/share/ffw_bringup/launch
[4.621s] copying launch/ffw_sh5_warehouse_distribution_launch.launch.py -> /root/workspaces/ros2_ws/install/ffw_bringup/share/ffw_bringup/launch
[4.654s] copying launch/ffw_sh5_follower_ai_gazebo.launch.py -> /root/workspaces/ros2_ws/install/ffw_bringup/share/ffw_bringup/launch
[4.688s] creating /root/workspaces/ros2_ws/install/ffw_bringup/share/ffw_bringup/config/ffw_bg2_rev2_follower
[4.698s] creating /root/workspaces/ros2_ws/install/ffw_bringup/share/ffw_bringup/config/ffw_bg2_rev3_follower
[4.707s] creating /root/workspaces/ros2_ws/install/ffw_bringup/share/ffw_bringup/config/ffw_bg2_rev4_follower
[4.717s] creating /root/workspaces/ros2_ws/install/ffw_bringup/share/ffw_bringup/config/ffw_bh5_rev1_follower
[4.726s] creating /root/workspaces/ros2_ws/install/ffw_bringup/share/ffw_bringup/config/ffw_sg2_rev1_follower
[4.739s] creating /root/workspaces/ros2_ws/install/ffw_bringup/share/ffw_bringup/config/ffw_lg2_leader
[4.752s] copying config/ffw_sh5_rev1_follower/ffw_sh5_follower_initial_positions.yaml -> /root/workspaces/ros2_ws/install/ffw_bringup/share/ffw_bringup/config/ffw_sh5_rev1_follower
[4.787s] copying config/ffw_sh5_rev1_follower/ffw_sh5_follower_ai_hardware_controller.yaml -> /root/workspaces/ros2_ws/install/ffw_bringup/share/ffw_bringup/config/ffw_sh5_rev1_follower
[4.822s] copying config/common/gz_bridge.yaml -> /root/workspaces/ros2_ws/install/ffw_bringup/share/ffw_bringup/config/common
[4.859s] copying worlds/default.sdf -> /root/workspaces/ros2_ws/install/ffw_bringup/share/ffw_bringup/worlds
[4.892s] copying worlds/empty_world.sdf -> /root/workspaces/ros2_ws/install/ffw_bringup/share/ffw_bringup/worlds
[4.920s] running install_egg_info
[4.973s] removing '/root/workspaces/ros2_ws/install/ffw_bringup/lib/python3.12/site-packages/ffw_bringup-1.2.0-py3.12.egg-info' (and everything under it)
[5.018s] Copying ../../../build/ffw_bringup/ffw_bringup.egg-info to /root/workspaces/ros2_ws/install/ffw_bringup/lib/python3.12/site-packages/ffw_bringup-1.2.0-py3.12.egg-info
[5.244s] running install_scripts
[5.549s] Installing head_eef_tracker script to /root/workspaces/ros2_ws/install/ffw_bringup/lib/ffw_bringup
[5.576s] Installing joint_trajectory_executor script to /root/workspaces/ros2_ws/install/ffw_bringup/lib/ffw_bringup
[5.616s] writing list of installed files to '/root/workspaces/ros2_ws/build/ffw_bringup/install.log'
[5.688s] Invoked command in '/root/workspaces/ros2_ws/src/ai-worker-sim/ffw_bringup' returned '0': AMENT_PREFIX_PATH=/root/workspaces/ros2_ws/install/ffw_description:${AMENT_PREFIX_PATH} CMAKE_PREFIX_PATH=/root/workspaces/ros2_ws/install/ffw_description:${CMAKE_PREFIX_PATH} PYTHONPATH=/root/workspaces/ros2_ws/build/ffw_bringup/prefix_override:/usr/lib/python3/dist-packages/colcon_core/task/python/colcon_distutils_commands:/root/workspaces/ros2_ws/install/ffw_bringup/lib/python3.12/site-packages:${PYTHONPATH} /usr/bin/python3 -W ignore:setup.py install is deprecated -W ignore:easy_install command is deprecated setup.py egg_info --egg-base ../../../build/ffw_bringup build --build-base /root/workspaces/ros2_ws/build/ffw_bringup/build install --record /root/workspaces/ros2_ws/build/ffw_bringup/install.log --install-scripts $base/lib/ffw_bringup --single-version-externally-managed install_data
