[0.233s] Invoking command in '/root/workspaces/ros2_ws/build/library_world': CMAKE_PREFIX_PATH=${CMAKE_PREFIX_PATH}:/root/workspaces/ros2_ws/install/human_detector:/root/workspaces/ros2_ws/install/ffw_teleop:/root/workspaces/ros2_ws/install/ffw_bringup:/opt/ros/jazzy /usr/bin/cmake --build /root/workspaces/ros2_ws/build/library_world -- -j4 -l4
[0.430s] Invoked command in '/root/workspaces/ros2_ws/build/library_world' returned '0': CMAKE_PREFIX_PATH=${CMAKE_PREFIX_PATH}:/root/workspaces/ros2_ws/install/human_detector:/root/workspaces/ros2_ws/install/ffw_teleop:/root/workspaces/ros2_ws/install/ffw_bringup:/opt/ros/jazzy /usr/bin/cmake --build /root/workspaces/ros2_ws/build/library_world -- -j4 -l4
[0.442s] Invoking command in '/root/workspaces/ros2_ws/build/library_world': CMAKE_PREFIX_PATH=${CMAKE_PREFIX_PATH}:/root/workspaces/ros2_ws/install/human_detector:/root/workspaces/ros2_ws/install/ffw_teleop:/root/workspaces/ros2_ws/install/ffw_bringup:/opt/ros/jazzy /usr/bin/cmake --install /root/workspaces/ros2_ws/build/library_world
[0.542s] -- Install configuration: ""
[0.542s] -- Up-to-date: /root/workspaces/ros2_ws/install/library_world/share/library_world//launch
[0.542s] -- Up-to-date: /root/workspaces/ros2_ws/install/library_world/share/library_world//launch/library_world_launch.py
[0.542s] -- Up-to-date: /root/workspaces/ros2_ws/install/library_world/share/library_world//world
[0.542s] -- Up-to-date: /root/workspaces/ros2_ws/install/library_world/share/library_world//world/library.sdf
[0.543s] -- Up-to-date: /root/workspaces/ros2_ws/install/library_world/share/library_world//models
[0.551s] -- Up-to-date: /root/workspaces/ros2_ws/install/library_world/share/library_world//models/bookshelf_d
[0.604s] -- Up-to-date: /root/workspaces/ros2_ws/install/library_world/share/library_world//models/bookshelf_d/model.sdf
[0.604s] -- Up-to-date: /root/workspaces/ros2_ws/install/library_world/share/library_world//models/bookshelf_d/materials
[0.640s] -- Up-to-date: /root/workspaces/ros2_ws/install/library_world/share/library_world//models/bookshelf_d/materials/textures
[0.640s] -- Up-to-date: /root/workspaces/ros2_ws/install/library_world/share/library_world//models/bookshelf_d/materials/textures/aws_BookshelfB_01.png
[0.640s] -- Up-to-date: /root/workspaces/ros2_ws/install/library_world/share/library_world//models/bookshelf_d/materials/textures/aws_BookshelfB_02.png
[0.640s] -- Up-to-date: /root/workspaces/ros2_ws/install/library_world/share/library_world//models/bookshelf_d/model.config
[0.640s] -- Up-to-date: /root/workspaces/ros2_ws/install/library_world/share/library_world//models/bookshelf_d/meshes
[0.644s] -- Up-to-date: /root/workspaces/ros2_ws/install/library_world/share/library_world//models/bookshelf_d/meshes/SHELVES.dae
[0.711s] -- Up-to-date: /root/workspaces/ros2_ws/install/library_world/share/library_world//models/floor
[0.731s] -- Up-to-date: /root/workspaces/ros2_ws/install/library_world/share/library_world//models/floor/model.sdf
[0.742s] -- Up-to-date: /root/workspaces/ros2_ws/install/library_world/share/library_world//models/floor/materials
[0.743s] -- Up-to-date: /root/workspaces/ros2_ws/install/library_world/share/library_world//models/floor/materials/textures
[0.743s] -- Up-to-date: /root/workspaces/ros2_ws/install/library_world/share/library_world//models/floor/materials/textures/aws_FloorB_01.png
[0.743s] -- Up-to-date: /root/workspaces/ros2_ws/install/library_world/share/library_world//models/floor/model.config
[0.743s] -- Up-to-date: /root/workspaces/ros2_ws/install/library_world/share/library_world//models/floor/meshes
[0.747s] -- Up-to-date: /root/workspaces/ros2_ws/install/library_world/share/library_world//models/floor/meshes/floor_collision.DAE
[0.802s] -- Up-to-date: /root/workspaces/ros2_ws/install/library_world/share/library_world//models/floor/meshes/floor_visual.DAE
[0.814s] -- Up-to-date: /root/workspaces/ros2_ws/install/library_world/share/library_world//models/bookshelf_b
[0.831s] -- Up-to-date: /root/workspaces/ros2_ws/install/library_world/share/library_world//models/bookshelf_b/model.sdf
[0.844s] -- Up-to-date: /root/workspaces/ros2_ws/install/library_world/share/library_world//models/bookshelf_b/materials
[0.852s] -- Up-to-date: /root/workspaces/ros2_ws/install/library_world/share/library_world//models/bookshelf_b/materials/textures
[0.852s] -- Up-to-date: /root/workspaces/ros2_ws/install/library_world/share/library_world//models/bookshelf_b/materials/textures/aws_BookshelfA_02.png
[0.852s] -- Up-to-date: /root/workspaces/ros2_ws/install/library_world/share/library_world//models/bookshelf_b/materials/textures/aws_BookshelfA_03.png
[0.852s] -- Up-to-date: /root/workspaces/ros2_ws/install/library_world/share/library_world//models/bookshelf_b/materials/textures/aws_BookshelfA_01.png
[0.852s] -- Up-to-date: /root/workspaces/ros2_ws/install/library_world/share/library_world//models/bookshelf_b/model.config
[0.853s] -- Up-to-date: /root/workspaces/ros2_ws/install/library_world/share/library_world//models/bookshelf_b/meshes
[0.906s] -- Up-to-date: /root/workspaces/ros2_ws/install/library_world/share/library_world//models/bookshelf_b/meshes/bookshelfb_collision.DAE
[0.919s] -- Up-to-date: /root/workspaces/ros2_ws/install/library_world/share/library_world//models/bookshelf_b/meshes/bookshelfb_visual.DAE
[0.938s] -- Up-to-date: /root/workspaces/ros2_ws/install/library_world/share/library_world//models/bookshelf_e
[0.951s] -- Up-to-date: /root/workspaces/ros2_ws/install/library_world/share/library_world//models/bookshelf_e/model.sdf
[1.015s] -- Up-to-date: /root/workspaces/ros2_ws/install/library_world/share/library_world//models/bookshelf_e/materials
[1.015s] -- Up-to-date: /root/workspaces/ros2_ws/install/library_world/share/library_world//models/bookshelf_e/materials/textures
[1.018s] -- Up-to-date: /root/workspaces/ros2_ws/install/library_world/share/library_world//models/bookshelf_e/materials/textures/aws_BookshelfC_01.png
[1.027s] -- Up-to-date: /root/workspaces/ros2_ws/install/library_world/share/library_world//models/bookshelf_e/model.config
[1.035s] -- Up-to-date: /root/workspaces/ros2_ws/install/library_world/share/library_world//models/bookshelf_e/meshes
[1.043s] -- Up-to-date: /root/workspaces/ros2_ws/install/library_world/share/library_world//models/bookshelf_e/meshes/bookshelfe_collision.DAE
[1.043s] -- Up-to-date: /root/workspaces/ros2_ws/install/library_world/share/library_world//models/bookshelf_e/meshes/bookshelfe_visual.DAE
[1.044s] -- Up-to-date: /root/workspaces/ros2_ws/install/library_world/share/library_world//models/etgah_logo
[1.044s] -- Up-to-date: /root/workspaces/ros2_ws/install/library_world/share/library_world//models/etgah_logo/model.sdf
[1.044s] -- Up-to-date: /root/workspaces/ros2_ws/install/library_world/share/library_world//models/etgah_logo/materials
[1.044s] -- Up-to-date: /root/workspaces/ros2_ws/install/library_world/share/library_world//models/etgah_logo/materials/textures
[1.044s] -- Up-to-date: /root/workspaces/ros2_ws/install/library_world/share/library_world//models/etgah_logo/materials/textures/logo.png
[1.044s] -- Up-to-date: /root/workspaces/ros2_ws/install/library_world/share/library_world//models/etgah_logo/model.config
[1.047s] -- Up-to-date: /root/workspaces/ros2_ws/install/library_world/share/library_world//models/sofa
[1.054s] -- Up-to-date: /root/workspaces/ros2_ws/install/library_world/share/library_world//models/sofa/model.sdf
[1.113s] -- Up-to-date: /root/workspaces/ros2_ws/install/library_world/share/library_world//models/sofa/materials
[1.133s] -- Up-to-date: /root/workspaces/ros2_ws/install/library_world/share/library_world//models/sofa/materials/textures
[1.153s] -- Up-to-date: /root/workspaces/ros2_ws/install/library_world/share/library_world//models/sofa/materials/textures/Wood1.jpg
[1.205s] -- Up-to-date: /root/workspaces/ros2_ws/install/library_world/share/library_world//models/sofa/materials/textures/Wood_Fine_AI_03-CW.jpg
[1.216s] -- Up-to-date: /root/workspaces/ros2_ws/install/library_world/share/library_world//models/sofa/model.config
[1.216s] -- Up-to-date: /root/workspaces/ros2_ws/install/library_world/share/library_world//models/sofa/meshes
[1.217s] -- Up-to-date: /root/workspaces/ros2_ws/install/library_world/share/library_world//models/sofa/meshes/Sofa3
[1.217s] -- Up-to-date: /root/workspaces/ros2_ws/install/library_world/share/library_world//models/sofa/meshes/Sofa3/Wood1.jpg
[1.217s] -- Up-to-date: /root/workspaces/ros2_ws/install/library_world/share/library_world//models/sofa/meshes/Sofa3/Wood_Fine_AI_03-CW.jpg
[1.217s] -- Up-to-date: /root/workspaces/ros2_ws/install/library_world/share/library_world//models/sofa/meshes/sofa.dae
[1.217s] -- Up-to-date: /root/workspaces/ros2_ws/install/library_world/share/library_world//models/bookshelf
[1.217s] -- Up-to-date: /root/workspaces/ros2_ws/install/library_world/share/library_world//models/bookshelf/model.sdf
[1.217s] -- Up-to-date: /root/workspaces/ros2_ws/install/library_world/share/library_world//models/bookshelf/materials
[1.217s] -- Up-to-date: /root/workspaces/ros2_ws/install/library_world/share/library_world//models/bookshelf/materials/textures
[1.226s] -- Up-to-date: /root/workspaces/ros2_ws/install/library_world/share/library_world//models/bookshelf/materials/textures/aws_BookshelfB_01.png
[1.231s] -- Up-to-date: /root/workspaces/ros2_ws/install/library_world/share/library_world//models/bookshelf/materials/textures/aws_BookshelfB_02.png
[1.249s] -- Up-to-date: /root/workspaces/ros2_ws/install/library_world/share/library_world//models/bookshelf/model.config
[1.254s] -- Up-to-date: /root/workspaces/ros2_ws/install/library_world/share/library_world//models/bookshelf/meshes
[1.296s] -- Up-to-date: /root/workspaces/ros2_ws/install/library_world/share/library_world//models/bookshelf/meshes/bookshelf_collision.DAE
[1.311s] -- Up-to-date: /root/workspaces/ros2_ws/install/library_world/share/library_world//models/bookshelf/meshes/bookshelf_visual.DAE
[1.314s] -- Up-to-date: /root/workspaces/ros2_ws/install/library_world/share/library_world//models/house_wall
[1.314s] -- Up-to-date: /root/workspaces/ros2_ws/install/library_world/share/library_world//models/house_wall/model.sdf
[1.314s] -- Up-to-date: /root/workspaces/ros2_ws/install/library_world/share/library_world//models/house_wall/materials
[1.320s] -- Up-to-date: /root/workspaces/ros2_ws/install/library_world/share/library_world//models/house_wall/materials/textures
[1.335s] -- Up-to-date: /root/workspaces/ros2_ws/install/library_world/share/library_world//models/house_wall/materials/textures/aws_HouseWallB_01.png
[1.336s] -- Up-to-date: /root/workspaces/ros2_ws/install/library_world/share/library_world//models/house_wall/model.config
[1.339s] -- Up-to-date: /root/workspaces/ros2_ws/install/library_world/share/library_world//models/house_wall/meshes
[1.348s] -- Up-to-date: /root/workspaces/ros2_ws/install/library_world/share/library_world//models/house_wall/meshes/house_wall_collision.DAE
[1.352s] -- Up-to-date: /root/workspaces/ros2_ws/install/library_world/share/library_world//models/house_wall/meshes/house_wall_visual.DAE
[1.403s] -- Up-to-date: /root/workspaces/ros2_ws/install/library_world/share/library_world//models/book
[1.429s] -- Up-to-date: /root/workspaces/ros2_ws/install/library_world/share/library_world//models/book/model.sdf
[1.433s] -- Up-to-date: /root/workspaces/ros2_ws/install/library_world/share/library_world//models/book/materials
[1.437s] -- Up-to-date: /root/workspaces/ros2_ws/install/library_world/share/library_world//models/book/materials/textures
[1.456s] -- Up-to-date: /root/workspaces/ros2_ws/install/library_world/share/library_world//models/book/materials/textures/aws_BookD_01.png
[1.521s] -- Up-to-date: /root/workspaces/ros2_ws/install/library_world/share/library_world//models/book/model.config
[1.533s] -- Up-to-date: /root/workspaces/ros2_ws/install/library_world/share/library_world//models/book/meshes
[1.537s] -- Up-to-date: /root/workspaces/ros2_ws/install/library_world/share/library_world//models/book/meshes/book_visual.DAE
[1.596s] -- Up-to-date: /root/workspaces/ros2_ws/install/library_world/share/library_world//models/book/meshes/book_collision.DAE
[1.600s] -- Up-to-date: /root/workspaces/ros2_ws/install/library_world/share/library_world//models/bookcase
[1.615s] -- Up-to-date: /root/workspaces/ros2_ws/install/library_world/share/library_world//models/bookcase/model.sdf
[1.627s] -- Up-to-date: /root/workspaces/ros2_ws/install/library_world/share/library_world//models/bookcase/model.config
[1.628s] -- Up-to-date: /root/workspaces/ros2_ws/install/library_world/share/library_world//models/bookcase/meshes
[1.628s] -- Up-to-date: /root/workspaces/ros2_ws/install/library_world/share/library_world//models/bookcase/meshes/bookcase.dae
[1.628s] -- Up-to-date: /root/workspaces/ros2_ws/install/library_world/share/library_world//models/desk
[1.628s] -- Up-to-date: /root/workspaces/ros2_ws/install/library_world/share/library_world//models/desk/model.sdf
[1.628s] -- Up-to-date: /root/workspaces/ros2_ws/install/library_world/share/library_world//models/desk/materials
[1.628s] -- Up-to-date: /root/workspaces/ros2_ws/install/library_world/share/library_world//models/desk/materials/textures
[1.628s] -- Up-to-date: /root/workspaces/ros2_ws/install/library_world/share/library_world//models/desk/materials/textures/aws_DeskB_01.png
[1.646s] -- Up-to-date: /root/workspaces/ros2_ws/install/library_world/share/library_world//models/desk/model.config
[1.658s] -- Up-to-date: /root/workspaces/ros2_ws/install/library_world/share/library_world//models/desk/meshes
[1.658s] -- Up-to-date: /root/workspaces/ros2_ws/install/library_world/share/library_world//models/desk/meshes/desk_visual.DAE
[1.658s] -- Up-to-date: /root/workspaces/ros2_ws/install/library_world/share/library_world//models/desk/meshes/desk_collision.DAE
[1.738s] -- Up-to-date: /root/workspaces/ros2_ws/install/library_world/share/library_world//models/chair
[1.758s] -- Up-to-date: /root/workspaces/ros2_ws/install/library_world/share/library_world//models/chair/model.sdf
[1.758s] -- Up-to-date: /root/workspaces/ros2_ws/install/library_world/share/library_world//models/chair/materials
[1.758s] -- Up-to-date: /root/workspaces/ros2_ws/install/library_world/share/library_world//models/chair/materials/textures
[1.758s] -- Up-to-date: /root/workspaces/ros2_ws/install/library_world/share/library_world//models/chair/materials/textures/aws_ChairB_01.png
[1.758s] -- Up-to-date: /root/workspaces/ros2_ws/install/library_world/share/library_world//models/chair/model.config
[1.804s] -- Up-to-date: /root/workspaces/ros2_ws/install/library_world/share/library_world//models/chair/meshes
[1.816s] -- Up-to-date: /root/workspaces/ros2_ws/install/library_world/share/library_world//models/chair/meshes/chair_visual.DAE
[1.817s] -- Up-to-date: /root/workspaces/ros2_ws/install/library_world/share/library_world//models/chair/meshes/chair_collision.DAE
[1.846s] -- Up-to-date: /root/workspaces/ros2_ws/install/library_world/share/library_world//models/bookshelf_c
[1.896s] -- Up-to-date: /root/workspaces/ros2_ws/install/library_world/share/library_world//models/bookshelf_c/model.sdf
[1.899s] -- Up-to-date: /root/workspaces/ros2_ws/install/library_world/share/library_world//models/bookshelf_c/materials
[1.903s] -- Up-to-date: /root/workspaces/ros2_ws/install/library_world/share/library_world//models/bookshelf_c/materials/textures
[1.929s] -- Up-to-date: /root/workspaces/ros2_ws/install/library_world/share/library_world//models/bookshelf_c/materials/textures/aws_DeskA_02.png
[1.944s] -- Up-to-date: /root/workspaces/ros2_ws/install/library_world/share/library_world//models/bookshelf_c/materials/textures/aws_DeskA_01.png
[1.944s] -- Up-to-date: /root/workspaces/ros2_ws/install/library_world/share/library_world//models/bookshelf_c/materials/textures/aws_DeskA_03.png
[1.944s] -- Up-to-date: /root/workspaces/ros2_ws/install/library_world/share/library_world//models/bookshelf_c/model.config
[2.006s] -- Up-to-date: /root/workspaces/ros2_ws/install/library_world/share/library_world//models/bookshelf_c/meshes
[2.026s] -- Up-to-date: /root/workspaces/ros2_ws/install/library_world/share/library_world//models/bookshelf_c/meshes/aws_DeskA_01_collision.DAE
[2.049s] -- Up-to-date: /root/workspaces/ros2_ws/install/library_world/share/library_world//models/bookshelf_c/meshes/aws_DeskA_01_visual.DAE
[2.050s] -- Up-to-date: /root/workspaces/ros2_ws/install/library_world/share/ament_index/resource_index/package_run_dependencies/library_world
[2.100s] -- Up-to-date: /root/workspaces/ros2_ws/install/library_world/share/ament_index/resource_index/parent_prefix_path/library_world
[2.105s] -- Up-to-date: /root/workspaces/ros2_ws/install/library_world/share/library_world/environment/ament_prefix_path.sh
[2.118s] -- Up-to-date: /root/workspaces/ros2_ws/install/library_world/share/library_world/environment/ament_prefix_path.dsv
[2.118s] -- Up-to-date: /root/workspaces/ros2_ws/install/library_world/share/library_world/environment/path.sh
[2.118s] -- Up-to-date: /root/workspaces/ros2_ws/install/library_world/share/library_world/environment/path.dsv
[2.118s] -- Up-to-date: /root/workspaces/ros2_ws/install/library_world/share/library_world/local_setup.bash
[2.118s] -- Up-to-date: /root/workspaces/ros2_ws/install/library_world/share/library_world/local_setup.sh
[2.118s] -- Up-to-date: /root/workspaces/ros2_ws/install/library_world/share/library_world/local_setup.zsh
[2.118s] -- Up-to-date: /root/workspaces/ros2_ws/install/library_world/share/library_world/local_setup.dsv
[2.119s] -- Installing: /root/workspaces/ros2_ws/install/library_world/share/library_world/package.dsv
[2.119s] -- Up-to-date: /root/workspaces/ros2_ws/install/library_world/share/ament_index/resource_index/packages/library_world
[2.119s] -- Up-to-date: /root/workspaces/ros2_ws/install/library_world/share/library_world/cmake/library_worldConfig.cmake
[2.119s] -- Up-to-date: /root/workspaces/ros2_ws/install/library_world/share/library_world/cmake/library_worldConfig-version.cmake
[2.119s] -- Up-to-date: /root/workspaces/ros2_ws/install/library_world/share/library_world/package.xml
[2.142s] Invoked command in '/root/workspaces/ros2_ws/build/library_world' returned '0': CMAKE_PREFIX_PATH=${CMAKE_PREFIX_PATH}:/root/workspaces/ros2_ws/install/human_detector:/root/workspaces/ros2_ws/install/ffw_teleop:/root/workspaces/ros2_ws/install/ffw_bringup:/opt/ros/jazzy /usr/bin/cmake --install /root/workspaces/ros2_ws/build/library_world
