[0.783s] Invoking command in '/root/workspaces/ros2_ws/build/library_world': CMAKE_PREFIX_PATH=${CMAKE_PREFIX_PATH}:/root/workspaces/ros2_ws/install/ffw_teleop:/root/workspaces/ros2_ws/install/ffw_bringup:/opt/ros/jazzy /usr/bin/cmake --build /root/workspaces/ros2_ws/build/library_world -- -j4 -l4
[1.607s] Invoked command in '/root/workspaces/ros2_ws/build/library_world' returned '0': CMAKE_PREFIX_PATH=${CMAKE_PREFIX_PATH}:/root/workspaces/ros2_ws/install/ffw_teleop:/root/workspaces/ros2_ws/install/ffw_bringup:/opt/ros/jazzy /usr/bin/cmake --build /root/workspaces/ros2_ws/build/library_world -- -j4 -l4
[1.627s] Invoking command in '/root/workspaces/ros2_ws/build/library_world': CMAKE_PREFIX_PATH=${CMAKE_PREFIX_PATH}:/root/workspaces/ros2_ws/install/ffw_teleop:/root/workspaces/ros2_ws/install/ffw_bringup:/opt/ros/jazzy /usr/bin/cmake --install /root/workspaces/ros2_ws/build/library_world
[1.830s] -- Install configuration: ""
[1.830s] -- Up-to-date: /root/workspaces/ros2_ws/install/library_world/share/library_world//launch
[1.831s] -- Up-to-date: /root/workspaces/ros2_ws/install/library_world/share/library_world//launch/library_world_launch.py
[1.831s] -- Up-to-date: /root/workspaces/ros2_ws/install/library_world/share/library_world//world
[1.831s] -- Up-to-date: /root/workspaces/ros2_ws/install/library_world/share/library_world//world/library.sdf
[1.831s] -- Up-to-date: /root/workspaces/ros2_ws/install/library_world/share/library_world//models
[1.831s] -- Up-to-date: /root/workspaces/ros2_ws/install/library_world/share/library_world//models/bookshelf_d
[1.831s] -- Up-to-date: /root/workspaces/ros2_ws/install/library_world/share/library_world//models/bookshelf_d/model.sdf
[1.831s] -- Up-to-date: /root/workspaces/ros2_ws/install/library_world/share/library_world//models/bookshelf_d/materials
[1.831s] -- Up-to-date: /root/workspaces/ros2_ws/install/library_world/share/library_world//models/bookshelf_d/materials/textures
[1.832s] -- Up-to-date: /root/workspaces/ros2_ws/install/library_world/share/library_world//models/bookshelf_d/materials/textures/aws_BookshelfB_01.png
[1.832s] -- Up-to-date: /root/workspaces/ros2_ws/install/library_world/share/library_world//models/bookshelf_d/materials/textures/aws_BookshelfB_02.png
[1.832s] -- Up-to-date: /root/workspaces/ros2_ws/install/library_world/share/library_world//models/bookshelf_d/model.config
[1.847s] -- Up-to-date: /root/workspaces/ros2_ws/install/library_world/share/library_world//models/bookshelf_d/meshes
[1.868s] -- Up-to-date: /root/workspaces/ros2_ws/install/library_world/share/library_world//models/bookshelf_d/meshes/SHELVES.dae
[1.901s] -- Up-to-date: /root/workspaces/ros2_ws/install/library_world/share/library_world//models/floor
[1.925s] -- Up-to-date: /root/workspaces/ros2_ws/install/library_world/share/library_world//models/floor/model.sdf
[1.929s] -- Up-to-date: /root/workspaces/ros2_ws/install/library_world/share/library_world//models/floor/materials
[1.929s] -- Up-to-date: /root/workspaces/ros2_ws/install/library_world/share/library_world//models/floor/materials/textures
[1.971s] -- Up-to-date: /root/workspaces/ros2_ws/install/library_world/share/library_world//models/floor/materials/textures/aws_FloorB_01.png
[2.009s] -- Up-to-date: /root/workspaces/ros2_ws/install/library_world/share/library_world//models/floor/model.config
[2.041s] -- Up-to-date: /root/workspaces/ros2_ws/install/library_world/share/library_world//models/floor/meshes
[2.064s] -- Up-to-date: /root/workspaces/ros2_ws/install/library_world/share/library_world//models/floor/meshes/floor_collision.DAE
[2.093s] -- Up-to-date: /root/workspaces/ros2_ws/install/library_world/share/library_world//models/floor/meshes/floor_visual.DAE
[2.113s] -- Up-to-date: /root/workspaces/ros2_ws/install/library_world/share/library_world//models/bookshelf_b
[2.167s] -- Up-to-date: /root/workspaces/ros2_ws/install/library_world/share/library_world//models/bookshelf_b/model.sdf
[2.203s] -- Up-to-date: /root/workspaces/ros2_ws/install/library_world/share/library_world//models/bookshelf_b/materials
[2.231s] -- Up-to-date: /root/workspaces/ros2_ws/install/library_world/share/library_world//models/bookshelf_b/materials/textures
[2.236s] -- Up-to-date: /root/workspaces/ros2_ws/install/library_world/share/library_world//models/bookshelf_b/materials/textures/aws_BookshelfA_02.png
[2.283s] -- Up-to-date: /root/workspaces/ros2_ws/install/library_world/share/library_world//models/bookshelf_b/materials/textures/aws_BookshelfA_03.png
[2.283s] -- Up-to-date: /root/workspaces/ros2_ws/install/library_world/share/library_world//models/bookshelf_b/materials/textures/aws_BookshelfA_01.png
[2.307s] -- Up-to-date: /root/workspaces/ros2_ws/install/library_world/share/library_world//models/bookshelf_b/model.config
[2.346s] -- Up-to-date: /root/workspaces/ros2_ws/install/library_world/share/library_world//models/bookshelf_b/meshes
[2.378s] -- Up-to-date: /root/workspaces/ros2_ws/install/library_world/share/library_world//models/bookshelf_b/meshes/bookshelfb_collision.DAE
[2.405s] -- Up-to-date: /root/workspaces/ros2_ws/install/library_world/share/library_world//models/bookshelf_b/meshes/bookshelfb_visual.DAE
[2.422s] -- Up-to-date: /root/workspaces/ros2_ws/install/library_world/share/library_world//models/bookshelf_e
[2.451s] -- Up-to-date: /root/workspaces/ros2_ws/install/library_world/share/library_world//models/bookshelf_e/model.sdf
[2.488s] -- Up-to-date: /root/workspaces/ros2_ws/install/library_world/share/library_world//models/bookshelf_e/materials
[2.512s] -- Up-to-date: /root/workspaces/ros2_ws/install/library_world/share/library_world//models/bookshelf_e/materials/textures
[2.516s] -- Up-to-date: /root/workspaces/ros2_ws/install/library_world/share/library_world//models/bookshelf_e/materials/textures/aws_BookshelfC_01.png
[2.556s] -- Up-to-date: /root/workspaces/ros2_ws/install/library_world/share/library_world//models/bookshelf_e/model.config
[2.571s] -- Up-to-date: /root/workspaces/ros2_ws/install/library_world/share/library_world//models/bookshelf_e/meshes
[2.575s] -- Up-to-date: /root/workspaces/ros2_ws/install/library_world/share/library_world//models/bookshelf_e/meshes/bookshelfe_collision.DAE
[2.575s] -- Up-to-date: /root/workspaces/ros2_ws/install/library_world/share/library_world//models/bookshelf_e/meshes/bookshelfe_visual.DAE
[2.575s] -- Up-to-date: /root/workspaces/ros2_ws/install/library_world/share/library_world//models/etgah_logo
[2.576s] -- Up-to-date: /root/workspaces/ros2_ws/install/library_world/share/library_world//models/etgah_logo/model.sdf
[2.576s] -- Up-to-date: /root/workspaces/ros2_ws/install/library_world/share/library_world//models/etgah_logo/materials
[2.576s] -- Up-to-date: /root/workspaces/ros2_ws/install/library_world/share/library_world//models/etgah_logo/materials/textures
[2.576s] -- Up-to-date: /root/workspaces/ros2_ws/install/library_world/share/library_world//models/etgah_logo/materials/textures/logo.png
[2.576s] -- Up-to-date: /root/workspaces/ros2_ws/install/library_world/share/library_world//models/etgah_logo/model.config
[2.576s] -- Up-to-date: /root/workspaces/ros2_ws/install/library_world/share/library_world//models/sofa
[2.576s] -- Up-to-date: /root/workspaces/ros2_ws/install/library_world/share/library_world//models/sofa/model.sdf
[2.576s] -- Up-to-date: /root/workspaces/ros2_ws/install/library_world/share/library_world//models/sofa/materials
[2.577s] -- Up-to-date: /root/workspaces/ros2_ws/install/library_world/share/library_world//models/sofa/materials/textures
[2.577s] -- Up-to-date: /root/workspaces/ros2_ws/install/library_world/share/library_world//models/sofa/materials/textures/Wood1.jpg
[2.577s] -- Up-to-date: /root/workspaces/ros2_ws/install/library_world/share/library_world//models/sofa/materials/textures/Wood_Fine_AI_03-CW.jpg
[2.577s] -- Up-to-date: /root/workspaces/ros2_ws/install/library_world/share/library_world//models/sofa/model.config
[2.577s] -- Up-to-date: /root/workspaces/ros2_ws/install/library_world/share/library_world//models/sofa/meshes
[2.577s] -- Up-to-date: /root/workspaces/ros2_ws/install/library_world/share/library_world//models/sofa/meshes/Sofa3
[2.577s] -- Up-to-date: /root/workspaces/ros2_ws/install/library_world/share/library_world//models/sofa/meshes/Sofa3/Wood1.jpg
[2.577s] -- Up-to-date: /root/workspaces/ros2_ws/install/library_world/share/library_world//models/sofa/meshes/Sofa3/Wood_Fine_AI_03-CW.jpg
[2.577s] -- Up-to-date: /root/workspaces/ros2_ws/install/library_world/share/library_world//models/sofa/meshes/sofa.dae
[2.578s] -- Up-to-date: /root/workspaces/ros2_ws/install/library_world/share/library_world//models/bookshelf
[2.578s] -- Up-to-date: /root/workspaces/ros2_ws/install/library_world/share/library_world//models/bookshelf/model.sdf
[2.578s] -- Up-to-date: /root/workspaces/ros2_ws/install/library_world/share/library_world//models/bookshelf/materials
[2.578s] -- Up-to-date: /root/workspaces/ros2_ws/install/library_world/share/library_world//models/bookshelf/materials/textures
[2.578s] -- Up-to-date: /root/workspaces/ros2_ws/install/library_world/share/library_world//models/bookshelf/materials/textures/aws_BookshelfB_01.png
[2.578s] -- Up-to-date: /root/workspaces/ros2_ws/install/library_world/share/library_world//models/bookshelf/materials/textures/aws_BookshelfB_02.png
[2.578s] -- Up-to-date: /root/workspaces/ros2_ws/install/library_world/share/library_world//models/bookshelf/model.config
[2.578s] -- Up-to-date: /root/workspaces/ros2_ws/install/library_world/share/library_world//models/bookshelf/meshes
[2.579s] -- Up-to-date: /root/workspaces/ros2_ws/install/library_world/share/library_world//models/bookshelf/meshes/bookshelf_collision.DAE
[2.579s] -- Up-to-date: /root/workspaces/ros2_ws/install/library_world/share/library_world//models/bookshelf/meshes/bookshelf_visual.DAE
[2.579s] -- Up-to-date: /root/workspaces/ros2_ws/install/library_world/share/library_world//models/house_wall
[2.579s] -- Up-to-date: /root/workspaces/ros2_ws/install/library_world/share/library_world//models/house_wall/model.sdf
[2.579s] -- Up-to-date: /root/workspaces/ros2_ws/install/library_world/share/library_world//models/house_wall/materials
[2.579s] -- Up-to-date: /root/workspaces/ros2_ws/install/library_world/share/library_world//models/house_wall/materials/textures
[2.579s] -- Up-to-date: /root/workspaces/ros2_ws/install/library_world/share/library_world//models/house_wall/materials/textures/aws_HouseWallB_01.png
[2.579s] -- Up-to-date: /root/workspaces/ros2_ws/install/library_world/share/library_world//models/house_wall/model.config
[2.581s] -- Up-to-date: /root/workspaces/ros2_ws/install/library_world/share/library_world//models/house_wall/meshes
[2.581s] -- Up-to-date: /root/workspaces/ros2_ws/install/library_world/share/library_world//models/house_wall/meshes/house_wall_collision.DAE
[2.581s] -- Up-to-date: /root/workspaces/ros2_ws/install/library_world/share/library_world//models/house_wall/meshes/house_wall_visual.DAE
[2.581s] -- Up-to-date: /root/workspaces/ros2_ws/install/library_world/share/library_world//models/book
[2.581s] -- Up-to-date: /root/workspaces/ros2_ws/install/library_world/share/library_world//models/book/model.sdf
[2.581s] -- Up-to-date: /root/workspaces/ros2_ws/install/library_world/share/library_world//models/book/materials
[2.581s] -- Up-to-date: /root/workspaces/ros2_ws/install/library_world/share/library_world//models/book/materials/textures
[2.582s] -- Up-to-date: /root/workspaces/ros2_ws/install/library_world/share/library_world//models/book/materials/textures/aws_BookD_01.png
[2.582s] -- Up-to-date: /root/workspaces/ros2_ws/install/library_world/share/library_world//models/book/model.config
[2.582s] -- Up-to-date: /root/workspaces/ros2_ws/install/library_world/share/library_world//models/book/meshes
[2.582s] -- Up-to-date: /root/workspaces/ros2_ws/install/library_world/share/library_world//models/book/meshes/book_visual.DAE
[2.582s] -- Up-to-date: /root/workspaces/ros2_ws/install/library_world/share/library_world//models/book/meshes/book_collision.DAE
[2.582s] -- Up-to-date: /root/workspaces/ros2_ws/install/library_world/share/library_world//models/bookcase
[2.582s] -- Up-to-date: /root/workspaces/ros2_ws/install/library_world/share/library_world//models/bookcase/model.sdf
[2.582s] -- Up-to-date: /root/workspaces/ros2_ws/install/library_world/share/library_world//models/bookcase/model.config
[2.582s] -- Up-to-date: /root/workspaces/ros2_ws/install/library_world/share/library_world//models/bookcase/meshes
[2.582s] -- Up-to-date: /root/workspaces/ros2_ws/install/library_world/share/library_world//models/bookcase/meshes/bookcase.dae
[2.583s] -- Up-to-date: /root/workspaces/ros2_ws/install/library_world/share/library_world//models/desk
[2.583s] -- Up-to-date: /root/workspaces/ros2_ws/install/library_world/share/library_world//models/desk/model.sdf
[2.638s] -- Up-to-date: /root/workspaces/ros2_ws/install/library_world/share/library_world//models/desk/materials
[2.652s] -- Up-to-date: /root/workspaces/ros2_ws/install/library_world/share/library_world//models/desk/materials/textures
[2.652s] -- Up-to-date: /root/workspaces/ros2_ws/install/library_world/share/library_world//models/desk/materials/textures/aws_DeskB_01.png
[2.652s] -- Up-to-date: /root/workspaces/ros2_ws/install/library_world/share/library_world//models/desk/model.config
[2.653s] -- Up-to-date: /root/workspaces/ros2_ws/install/library_world/share/library_world//models/desk/meshes
[2.653s] -- Up-to-date: /root/workspaces/ros2_ws/install/library_world/share/library_world//models/desk/meshes/desk_visual.DAE
[2.653s] -- Up-to-date: /root/workspaces/ros2_ws/install/library_world/share/library_world//models/desk/meshes/desk_collision.DAE
[2.653s] -- Up-to-date: /root/workspaces/ros2_ws/install/library_world/share/library_world//models/chair
[2.653s] -- Up-to-date: /root/workspaces/ros2_ws/install/library_world/share/library_world//models/chair/model.sdf
[2.653s] -- Up-to-date: /root/workspaces/ros2_ws/install/library_world/share/library_world//models/chair/materials
[2.653s] -- Up-to-date: /root/workspaces/ros2_ws/install/library_world/share/library_world//models/chair/materials/textures
[2.653s] -- Up-to-date: /root/workspaces/ros2_ws/install/library_world/share/library_world//models/chair/materials/textures/aws_ChairB_01.png
[2.653s] -- Up-to-date: /root/workspaces/ros2_ws/install/library_world/share/library_world//models/chair/model.config
[2.653s] -- Up-to-date: /root/workspaces/ros2_ws/install/library_world/share/library_world//models/chair/meshes
[2.654s] -- Up-to-date: /root/workspaces/ros2_ws/install/library_world/share/library_world//models/chair/meshes/chair_visual.DAE
[2.654s] -- Up-to-date: /root/workspaces/ros2_ws/install/library_world/share/library_world//models/chair/meshes/chair_collision.DAE
[2.654s] -- Up-to-date: /root/workspaces/ros2_ws/install/library_world/share/library_world//models/bookshelf_c
[2.654s] -- Up-to-date: /root/workspaces/ros2_ws/install/library_world/share/library_world//models/bookshelf_c/model.sdf
[2.654s] -- Up-to-date: /root/workspaces/ros2_ws/install/library_world/share/library_world//models/bookshelf_c/materials
[2.654s] -- Up-to-date: /root/workspaces/ros2_ws/install/library_world/share/library_world//models/bookshelf_c/materials/textures
[2.654s] -- Up-to-date: /root/workspaces/ros2_ws/install/library_world/share/library_world//models/bookshelf_c/materials/textures/aws_DeskA_02.png
[2.655s] -- Up-to-date: /root/workspaces/ros2_ws/install/library_world/share/library_world//models/bookshelf_c/materials/textures/aws_DeskA_01.png
[2.655s] -- Up-to-date: /root/workspaces/ros2_ws/install/library_world/share/library_world//models/bookshelf_c/materials/textures/aws_DeskA_03.png
[2.655s] -- Up-to-date: /root/workspaces/ros2_ws/install/library_world/share/library_world//models/bookshelf_c/model.config
[2.655s] -- Up-to-date: /root/workspaces/ros2_ws/install/library_world/share/library_world//models/bookshelf_c/meshes
[2.655s] -- Up-to-date: /root/workspaces/ros2_ws/install/library_world/share/library_world//models/bookshelf_c/meshes/aws_DeskA_01_collision.DAE
[2.666s] -- Up-to-date: /root/workspaces/ros2_ws/install/library_world/share/library_world//models/bookshelf_c/meshes/aws_DeskA_01_visual.DAE
[2.667s] -- Up-to-date: /root/workspaces/ros2_ws/install/library_world/share/ament_index/resource_index/package_run_dependencies/library_world
[2.667s] -- Up-to-date: /root/workspaces/ros2_ws/install/library_world/share/ament_index/resource_index/parent_prefix_path/library_world
[2.701s] -- Up-to-date: /root/workspaces/ros2_ws/install/library_world/share/library_world/environment/ament_prefix_path.sh
[2.748s] -- Up-to-date: /root/workspaces/ros2_ws/install/library_world/share/library_world/environment/ament_prefix_path.dsv
[2.748s] -- Up-to-date: /root/workspaces/ros2_ws/install/library_world/share/library_world/environment/path.sh
[2.789s] -- Up-to-date: /root/workspaces/ros2_ws/install/library_world/share/library_world/environment/path.dsv
[2.810s] -- Up-to-date: /root/workspaces/ros2_ws/install/library_world/share/library_world/local_setup.bash
[2.847s] -- Up-to-date: /root/workspaces/ros2_ws/install/library_world/share/library_world/local_setup.sh
[2.889s] -- Up-to-date: /root/workspaces/ros2_ws/install/library_world/share/library_world/local_setup.zsh
[2.890s] -- Up-to-date: /root/workspaces/ros2_ws/install/library_world/share/library_world/local_setup.dsv
[2.890s] -- Installing: /root/workspaces/ros2_ws/install/library_world/share/library_world/package.dsv
[2.890s] -- Up-to-date: /root/workspaces/ros2_ws/install/library_world/share/ament_index/resource_index/packages/library_world
[2.890s] -- Up-to-date: /root/workspaces/ros2_ws/install/library_world/share/library_world/cmake/library_worldConfig.cmake
[2.890s] -- Up-to-date: /root/workspaces/ros2_ws/install/library_world/share/library_world/cmake/library_worldConfig-version.cmake
[2.890s] -- Up-to-date: /root/workspaces/ros2_ws/install/library_world/share/library_world/package.xml
[2.891s] Invoked command in '/root/workspaces/ros2_ws/build/library_world' returned '0': CMAKE_PREFIX_PATH=${CMAKE_PREFIX_PATH}:/root/workspaces/ros2_ws/install/ffw_teleop:/root/workspaces/ros2_ws/install/ffw_bringup:/opt/ros/jazzy /usr/bin/cmake --install /root/workspaces/ros2_ws/build/library_world
