[2.886s] Invoking command in '/root/workspaces/ros2_ws/src/ai-worker-sim/human_detector': PYTHONPATH=/root/workspaces/ros2_ws/build/human_detector/prefix_override:/usr/lib/python3/dist-packages/colcon_core/task/python/colcon_distutils_commands:/root/workspaces/ros2_ws/install/human_detector/lib/python3.12/site-packages:${PYTHONPATH} /usr/bin/python3 -W ignore:setup.py install is deprecated -W ignore:easy_install command is deprecated setup.py egg_info --egg-base ../../../build/human_detector build --build-base /root/workspaces/ros2_ws/build/human_detector/build install --record /root/workspaces/ros2_ws/build/human_detector/install.log --install-scripts $base/lib/human_detector --single-version-externally-managed install_data
[3.848s] running egg_info
[3.909s] writing ../../../build/human_detector/human_detector.egg-info/PKG-INFO
[3.964s] writing dependency_links to ../../../build/human_detector/human_detector.egg-info/dependency_links.txt
[3.988s] writing entry points to ../../../build/human_detector/human_detector.egg-info/entry_points.txt
[4.025s] writing requirements to ../../../build/human_detector/human_detector.egg-info/requires.txt
[4.121s] writing top-level names to ../../../build/human_detector/human_detector.egg-info/top_level.txt
[4.266s] reading manifest file '../../../build/human_detector/human_detector.egg-info/SOURCES.txt'
[4.277s] writing manifest file '../../../build/human_detector/human_detector.egg-info/SOURCES.txt'
[4.296s] running build
[4.296s] running build_py
[4.306s] copying human_detector/person_detector_node.py -> /root/workspaces/ros2_ws/build/human_detector/build/lib/human_detector
[4.343s] running install
[4.361s] running install_lib
[4.414s] copying /root/workspaces/ros2_ws/build/human_detector/build/lib/human_detector/person_detector_node.py -> /root/workspaces/ros2_ws/install/human_detector/lib/python3.12/site-packages/human_detector
[4.459s] byte-compiling /root/workspaces/ros2_ws/install/human_detector/lib/python3.12/site-packages/human_detector/person_detector_node.py to person_detector_node.cpython-312.pyc
[4.508s] running install_data
[4.509s] running install_egg_info
[4.558s] removing '/root/workspaces/ros2_ws/install/human_detector/lib/python3.12/site-packages/human_detector-0.0.0-py3.12.egg-info' (and everything under it)
[4.611s] Copying ../../../build/human_detector/human_detector.egg-info to /root/workspaces/ros2_ws/install/human_detector/lib/python3.12/site-packages/human_detector-0.0.0-py3.12.egg-info
[4.866s] running install_scripts
[5.291s] Installing person_detector_node script to /root/workspaces/ros2_ws/install/human_detector/lib/human_detector
[5.332s] Installing wave_interact script to /root/workspaces/ros2_ws/install/human_detector/lib/human_detector
[5.353s] writing list of installed files to '/root/workspaces/ros2_ws/build/human_detector/install.log'
[5.477s] Invoked command in '/root/workspaces/ros2_ws/src/ai-worker-sim/human_detector' returned '0': PYTHONPATH=/root/workspaces/ros2_ws/build/human_detector/prefix_override:/usr/lib/python3/dist-packages/colcon_core/task/python/colcon_distutils_commands:/root/workspaces/ros2_ws/install/human_detector/lib/python3.12/site-packages:${PYTHONPATH} /usr/bin/python3 -W ignore:setup.py install is deprecated -W ignore:easy_install command is deprecated setup.py egg_info --egg-base ../../../build/human_detector build --build-base /root/workspaces/ros2_ws/build/human_detector/build install --record /root/workspaces/ros2_ws/build/human_detector/install.log --install-scripts $base/lib/human_detector --single-version-externally-managed install_data
