[0.513s] Invoking command in '/root/workspaces/ros2_ws/build/warehouse_world': CMAKE_PREFIX_PATH=${CMAKE_PREFIX_PATH}:/opt/ros/jazzy /usr/bin/cmake --build /root/workspaces/ros2_ws/build/warehouse_world -- -j4 -l4
[0.617s] Invoked command in '/root/workspaces/ros2_ws/build/warehouse_world' returned '0': CMAKE_PREFIX_PATH=${CMAKE_PREFIX_PATH}:/opt/ros/jazzy /usr/bin/cmake --build /root/workspaces/ros2_ws/build/warehouse_world -- -j4 -l4
[0.626s] Invoking command in '/root/workspaces/ros2_ws/build/warehouse_world': CMAKE_PREFIX_PATH=${CMAKE_PREFIX_PATH}:/opt/ros/jazzy /usr/bin/cmake --install /root/workspaces/ros2_ws/build/warehouse_world
[0.661s] -- Install configuration: ""
[0.661s] -- Up-to-date: /root/workspaces/ros2_ws/install/warehouse_world/share/warehouse_world//launch
[0.706s] -- Up-to-date: /root/workspaces/ros2_ws/install/warehouse_world/share/warehouse_world//launch/warehouse_storage_launch.launch.py
[0.728s] -- Up-to-date: /root/workspaces/ros2_ws/install/warehouse_world/share/warehouse_world//config
[0.728s] -- Up-to-date: /root/workspaces/ros2_ws/install/warehouse_world/share/warehouse_world//config/gz_bridge_ros.yaml
[0.741s] -- Up-to-date: /root/workspaces/ros2_ws/install/warehouse_world/share/warehouse_world//worlds
[0.758s] -- Up-to-date: /root/workspaces/ros2_ws/install/warehouse_world/share/warehouse_world//worlds/warehouse_storage.sdf
[0.780s] -- Up-to-date: /root/workspaces/ros2_ws/install/warehouse_world/share/warehouse_world//models
[0.815s] -- Up-to-date: /root/workspaces/ros2_ws/install/warehouse_world/share/warehouse_world//models/Depot
[0.820s] -- Up-to-date: /root/workspaces/ros2_ws/install/warehouse_world/share/warehouse_world//models/Depot/model.sdf
[0.847s] -- Up-to-date: /root/workspaces/ros2_ws/install/warehouse_world/share/warehouse_world//models/Depot/materials
[0.890s] -- Up-to-date: /root/workspaces/ros2_ws/install/warehouse_world/share/warehouse_world//models/Depot/materials/scripts
[0.912s] -- Up-to-date: /root/workspaces/ros2_ws/install/warehouse_world/share/warehouse_world//models/Depot/materials/scripts/model.material
[0.938s] -- Up-to-date: /root/workspaces/ros2_ws/install/warehouse_world/share/warehouse_world//models/Depot/materials/textures
[0.957s] -- Up-to-date: /root/workspaces/ros2_ws/install/warehouse_world/share/warehouse_world//models/Depot/materials/textures/BOXSET_Normal.png
[1.001s] -- Up-to-date: /root/workspaces/ros2_ws/install/warehouse_world/share/warehouse_world//models/Depot/materials/textures/FLOOR_Metalness.png
[1.043s] -- Up-to-date: /root/workspaces/ros2_ws/install/warehouse_world/share/warehouse_world//models/Depot/materials/textures/FANS_Roughness.png
[1.088s] -- Up-to-date: /root/workspaces/ros2_ws/install/warehouse_world/share/warehouse_world//models/Depot/materials/textures/INTERCOM_Emissive.png
[1.103s] -- Up-to-date: /root/workspaces/ros2_ws/install/warehouse_world/share/warehouse_world//models/Depot/materials/textures/ROOF_Metalness.png
[1.133s] -- Up-to-date: /root/workspaces/ros2_ws/install/warehouse_world/share/warehouse_world//models/Depot/materials/textures/PILLERS_Albedo.png
[1.161s] -- Up-to-date: /root/workspaces/ros2_ws/install/warehouse_world/share/warehouse_world//models/Depot/materials/textures/STAIRS_Metalness.png
[1.175s] -- Up-to-date: /root/workspaces/ros2_ws/install/warehouse_world/share/warehouse_world//models/Depot/materials/textures/WALLS_Albedo.png
[1.179s] -- Up-to-date: /root/workspaces/ros2_ws/install/warehouse_world/share/warehouse_world//models/Depot/materials/textures/FireAlarm_Albedo.png
[1.191s] -- Up-to-date: /root/workspaces/ros2_ws/install/warehouse_world/share/warehouse_world//models/Depot/materials/textures/Forklift_Forklift_Normal.png
[1.212s] -- Up-to-date: /root/workspaces/ros2_ws/install/warehouse_world/share/warehouse_world//models/Depot/materials/textures/Window_WINDOW_Metallic.png
[1.227s] -- Up-to-date: /root/workspaces/ros2_ws/install/warehouse_world/share/warehouse_world//models/Depot/materials/textures/BOXSET_Emissive.png
[1.231s] -- Up-to-date: /root/workspaces/ros2_ws/install/warehouse_world/share/warehouse_world//models/Depot/materials/textures/Pipes_Normal.png
[1.275s] -- Up-to-date: /root/workspaces/ros2_ws/install/warehouse_world/share/warehouse_world//models/Depot/materials/textures/FireAlarmPole_Albedo.png
[1.290s] -- Up-to-date: /root/workspaces/ros2_ws/install/warehouse_world/share/warehouse_world//models/Depot/materials/textures/INTERCOM_Normal.png
[1.299s] -- Up-to-date: /root/workspaces/ros2_ws/install/warehouse_world/share/warehouse_world//models/Depot/materials/textures/FLOOR_Roughness.png
[1.322s] -- Up-to-date: /root/workspaces/ros2_ws/install/warehouse_world/share/warehouse_world//models/Depot/materials/textures/INTERCOM_Albedo.png
[1.368s] -- Up-to-date: /root/workspaces/ros2_ws/install/warehouse_world/share/warehouse_world//models/Depot/materials/textures/Pipes_Albedo.png
[1.406s] -- Up-to-date: /root/workspaces/ros2_ws/install/warehouse_world/share/warehouse_world//models/Depot/materials/textures/PILLERS_Normal.png
[1.423s] -- Up-to-date: /root/workspaces/ros2_ws/install/warehouse_world/share/warehouse_world//models/Depot/materials/textures/STAIRS_Roughness.png
[1.447s] -- Up-to-date: /root/workspaces/ros2_ws/install/warehouse_world/share/warehouse_world//models/Depot/materials/textures/FANS_Metalness.png
[1.457s] -- Up-to-date: /root/workspaces/ros2_ws/install/warehouse_world/share/warehouse_world//models/Depot/materials/textures/ROOF_Roughness.png
[1.488s] -- Up-to-date: /root/workspaces/ros2_ws/install/warehouse_world/share/warehouse_world//models/Depot/materials/textures/FireAlarm_Normal.png
[1.530s] -- Up-to-date: /root/workspaces/ros2_ws/install/warehouse_world/share/warehouse_world//models/Depot/materials/textures/WALLS_Normal.png
[1.566s] -- Up-to-date: /root/workspaces/ros2_ws/install/warehouse_world/share/warehouse_world//models/Depot/materials/textures/BOXSET_Albedo.png
[1.613s] -- Up-to-date: /root/workspaces/ros2_ws/install/warehouse_world/share/warehouse_world//models/Depot/materials/textures/Crates_Crates_Normal.png
[1.618s] -- Up-to-date: /root/workspaces/ros2_ws/install/warehouse_world/share/warehouse_world//models/Depot/materials/textures/Forklift_Forklift_Metallic.png
[1.664s] -- Up-to-date: /root/workspaces/ros2_ws/install/warehouse_world/share/warehouse_world//models/Depot/materials/textures/FireAlarmPole_Normal.png
[1.669s] -- Up-to-date: /root/workspaces/ros2_ws/install/warehouse_world/share/warehouse_world//models/Depot/materials/textures/FireAlarmPole_Metalness.png
[1.709s] -- Up-to-date: /root/workspaces/ros2_ws/install/warehouse_world/share/warehouse_world//models/Depot/materials/textures/Forklift_Forklift_Roughness.png
[1.749s] -- Up-to-date: /root/workspaces/ros2_ws/install/warehouse_world/share/warehouse_world//models/Depot/materials/textures/STAIRS_Normal.png
[1.753s] -- Up-to-date: /root/workspaces/ros2_ws/install/warehouse_world/share/warehouse_world//models/Depot/materials/textures/ROOF_Normal.png
[1.754s] -- Up-to-date: /root/workspaces/ros2_ws/install/warehouse_world/share/warehouse_world//models/Depot/materials/textures/FANS_Albedo.png
[1.771s] -- Up-to-date: /root/workspaces/ros2_ws/install/warehouse_world/share/warehouse_world//models/Depot/materials/textures/FireAlarm_Metalness.png
[1.772s] -- Up-to-date: /root/workspaces/ros2_ws/install/warehouse_world/share/warehouse_world//models/Depot/materials/textures/Pipes_Roughness.png
[1.777s] -- Up-to-date: /root/workspaces/ros2_ws/install/warehouse_world/share/warehouse_world//models/Depot/materials/textures/INTERCOM_Roughness.png
[1.824s] -- Up-to-date: /root/workspaces/ros2_ws/install/warehouse_world/share/warehouse_world//models/Depot/materials/textures/WALLS_Metalness.png
[1.870s] -- Up-to-date: /root/workspaces/ros2_ws/install/warehouse_world/share/warehouse_world//models/Depot/materials/textures/PILLERS_Metalness.png
[1.919s] -- Up-to-date: /root/workspaces/ros2_ws/install/warehouse_world/share/warehouse_world//models/Depot/materials/textures/DepotLightmap.png
[1.948s] -- Up-to-date: /root/workspaces/ros2_ws/install/warehouse_world/share/warehouse_world//models/Depot/materials/textures/BOXSET_Roughness.png
[1.971s] -- Up-to-date: /root/workspaces/ros2_ws/install/warehouse_world/share/warehouse_world//models/Depot/materials/textures/ROOF_Emissive.png
[1.984s] -- Up-to-date: /root/workspaces/ros2_ws/install/warehouse_world/share/warehouse_world//models/Depot/materials/textures/Forklift_Forklift_BaseColor.png
[2.013s] -- Up-to-date: /root/workspaces/ros2_ws/install/warehouse_world/share/warehouse_world//models/Depot/materials/textures/FLOOR_Normal.png
[2.046s] -- Up-to-date: /root/workspaces/ros2_ws/install/warehouse_world/share/warehouse_world//models/Depot/materials/textures/WALLS_Roughness.png
[2.065s] -- Up-to-date: /root/workspaces/ros2_ws/install/warehouse_world/share/warehouse_world//models/Depot/materials/textures/FireAlarm_Roughness.png
[2.069s] -- Up-to-date: /root/workspaces/ros2_ws/install/warehouse_world/share/warehouse_world//models/Depot/materials/textures/BOXSET_Metalness.png
[2.090s] -- Up-to-date: /root/workspaces/ros2_ws/install/warehouse_world/share/warehouse_world//models/Depot/materials/textures/FANS_Normal.png
[2.091s] -- Up-to-date: /root/workspaces/ros2_ws/install/warehouse_world/share/warehouse_world//models/Depot/materials/textures/FireAlarmPole_Roughness.png
[2.109s] -- Up-to-date: /root/workspaces/ros2_ws/install/warehouse_world/share/warehouse_world//models/Depot/materials/textures/Crates_Crates_Roughness.png
[2.114s] -- Up-to-date: /root/workspaces/ros2_ws/install/warehouse_world/share/warehouse_world//models/Depot/materials/textures/Window_WINDOW_BaseColor.png
[2.114s] -- Up-to-date: /root/workspaces/ros2_ws/install/warehouse_world/share/warehouse_world//models/Depot/materials/textures/PILLERS_Roughness.png
[2.114s] -- Up-to-date: /root/workspaces/ros2_ws/install/warehouse_world/share/warehouse_world//models/Depot/materials/textures/FLOOR_Albedo.png
[2.114s] -- Up-to-date: /root/workspaces/ros2_ws/install/warehouse_world/share/warehouse_world//models/Depot/materials/textures/FanBack_FanBack_BaseColor.png
[2.115s] -- Up-to-date: /root/workspaces/ros2_ws/install/warehouse_world/share/warehouse_world//models/Depot/materials/textures/ROOF_Albedo.png
[2.115s] -- Up-to-date: /root/workspaces/ros2_ws/install/warehouse_world/share/warehouse_world//models/Depot/materials/textures/STAIRS_Albedo.png
[2.115s] -- Up-to-date: /root/workspaces/ros2_ws/install/warehouse_world/share/warehouse_world//models/Depot/materials/textures/INTERCOM_Metalness.png
[2.116s] -- Up-to-date: /root/workspaces/ros2_ws/install/warehouse_world/share/warehouse_world//models/Depot/materials/textures/Window_WINDOW_Roughness.png
[2.116s] -- Up-to-date: /root/workspaces/ros2_ws/install/warehouse_world/share/warehouse_world//models/Depot/materials/textures/Crates_Crates_BaseColor.png
[2.116s] -- Up-to-date: /root/workspaces/ros2_ws/install/warehouse_world/share/warehouse_world//models/Depot/materials/textures/Pipes_Metalness.png
[2.116s] -- Up-to-date: /root/workspaces/ros2_ws/install/warehouse_world/share/warehouse_world//models/Depot/model.config
[2.116s] -- Up-to-date: /root/workspaces/ros2_ws/install/warehouse_world/share/warehouse_world//models/Depot/meshes
[2.117s] -- Up-to-date: /root/workspaces/ros2_ws/install/warehouse_world/share/warehouse_world//models/Depot/meshes/Depot.dae
[2.117s] -- Up-to-date: /root/workspaces/ros2_ws/install/warehouse_world/share/warehouse_world//models/Depot/meshes/Crates.dae
[2.117s] -- Up-to-date: /root/workspaces/ros2_ws/install/warehouse_world/share/warehouse_world//models/Depot/thumbnails
[2.117s] -- Up-to-date: /root/workspaces/ros2_ws/install/warehouse_world/share/warehouse_world//models/Depot/thumbnails/5.png
[2.117s] -- Up-to-date: /root/workspaces/ros2_ws/install/warehouse_world/share/warehouse_world//models/Depot/thumbnails/1.png
[2.117s] -- Up-to-date: /root/workspaces/ros2_ws/install/warehouse_world/share/warehouse_world//models/Depot/thumbnails/3.png
[2.118s] -- Up-to-date: /root/workspaces/ros2_ws/install/warehouse_world/share/warehouse_world//models/Depot/thumbnails/2.png
[2.118s] -- Up-to-date: /root/workspaces/ros2_ws/install/warehouse_world/share/warehouse_world//models/Depot/thumbnails/0.png
[2.118s] -- Up-to-date: /root/workspaces/ros2_ws/install/warehouse_world/share/warehouse_world//models/Depot/thumbnails/4.png
[2.118s] -- Up-to-date: /root/workspaces/ros2_ws/install/warehouse_world/share/warehouse_world//models/etgah_logo
[2.118s] -- Up-to-date: /root/workspaces/ros2_ws/install/warehouse_world/share/warehouse_world//models/etgah_logo/model.sdf
[2.118s] -- Up-to-date: /root/workspaces/ros2_ws/install/warehouse_world/share/warehouse_world//models/etgah_logo/materials
[2.118s] -- Up-to-date: /root/workspaces/ros2_ws/install/warehouse_world/share/warehouse_world//models/etgah_logo/materials/textures
[2.119s] -- Up-to-date: /root/workspaces/ros2_ws/install/warehouse_world/share/warehouse_world//models/etgah_logo/materials/textures/logo.png
[2.119s] -- Up-to-date: /root/workspaces/ros2_ws/install/warehouse_world/share/warehouse_world//models/etgah_logo/model.config
[2.119s] -- Up-to-date: /root/workspaces/ros2_ws/install/warehouse_world/share/ament_index/resource_index/package_run_dependencies/warehouse_world
[2.119s] -- Up-to-date: /root/workspaces/ros2_ws/install/warehouse_world/share/ament_index/resource_index/parent_prefix_path/warehouse_world
[2.119s] -- Up-to-date: /root/workspaces/ros2_ws/install/warehouse_world/share/warehouse_world/environment/ament_prefix_path.sh
[2.119s] -- Up-to-date: /root/workspaces/ros2_ws/install/warehouse_world/share/warehouse_world/environment/ament_prefix_path.dsv
[2.119s] -- Up-to-date: /root/workspaces/ros2_ws/install/warehouse_world/share/warehouse_world/environment/path.sh
[2.119s] -- Up-to-date: /root/workspaces/ros2_ws/install/warehouse_world/share/warehouse_world/environment/path.dsv
[2.120s] -- Up-to-date: /root/workspaces/ros2_ws/install/warehouse_world/share/warehouse_world/local_setup.bash
[2.120s] -- Up-to-date: /root/workspaces/ros2_ws/install/warehouse_world/share/warehouse_world/local_setup.sh
[2.120s] -- Up-to-date: /root/workspaces/ros2_ws/install/warehouse_world/share/warehouse_world/local_setup.zsh
[2.120s] -- Up-to-date: /root/workspaces/ros2_ws/install/warehouse_world/share/warehouse_world/local_setup.dsv
[2.120s] -- Installing: /root/workspaces/ros2_ws/install/warehouse_world/share/warehouse_world/package.dsv
[2.171s] -- Up-to-date: /root/workspaces/ros2_ws/install/warehouse_world/share/ament_index/resource_index/packages/warehouse_world
[2.171s] -- Up-to-date: /root/workspaces/ros2_ws/install/warehouse_world/share/warehouse_world/cmake/warehouse_worldConfig.cmake
[2.192s] -- Up-to-date: /root/workspaces/ros2_ws/install/warehouse_world/share/warehouse_world/cmake/warehouse_worldConfig-version.cmake
[2.206s] -- Up-to-date: /root/workspaces/ros2_ws/install/warehouse_world/share/warehouse_world/package.xml
[2.220s] Invoked command in '/root/workspaces/ros2_ws/build/warehouse_world' returned '0': CMAKE_PREFIX_PATH=${CMAKE_PREFIX_PATH}:/opt/ros/jazzy /usr/bin/cmake --install /root/workspaces/ros2_ws/build/warehouse_world
