[3.184s] Invoking command in '/root/workspaces/ros2_ws/src/ai-worker-sim/human_detector': PYTHONPATH=/root/workspaces/ros2_ws/build/human_detector/prefix_override:/usr/lib/python3/dist-packages/colcon_core/task/python/colcon_distutils_commands:/root/workspaces/ros2_ws/install/human_detector/lib/python3.12/site-packages:${PYTHONPATH} /usr/bin/python3 -W ignore:setup.py install is deprecated -W ignore:easy_install command is deprecated setup.py egg_info --egg-base ../../../build/human_detector build --build-base /root/workspaces/ros2_ws/build/human_detector/build install --record /root/workspaces/ros2_ws/build/human_detector/install.log --install-scripts $base/lib/human_detector --single-version-externally-managed install_data
[3.411s] running egg_info
[3.444s] writing ../../../build/human_detector/human_detector.egg-info/PKG-INFO
[3.472s] writing dependency_links to ../../../build/human_detector/human_detector.egg-info/dependency_links.txt
[3.484s] writing entry points to ../../../build/human_detector/human_detector.egg-info/entry_points.txt
[3.500s] writing requirements to ../../../build/human_detector/human_detector.egg-info/requires.txt
[3.521s] writing top-level names to ../../../build/human_detector/human_detector.egg-info/top_level.txt
[3.610s] reading manifest file '../../../build/human_detector/human_detector.egg-info/SOURCES.txt'
[3.634s] writing manifest file '../../../build/human_detector/human_detector.egg-info/SOURCES.txt'
[3.649s] running build
[3.661s] running build_py
[3.676s] running install
[3.690s] running install_lib
[3.694s] running install_data
[3.707s] running install_egg_info
[3.729s] removing '/root/workspaces/ros2_ws/install/human_detector/lib/python3.12/site-packages/human_detector-0.0.0-py3.12.egg-info' (and everything under it)
[3.767s] Copying ../../../build/human_detector/human_detector.egg-info to /root/workspaces/ros2_ws/install/human_detector/lib/python3.12/site-packages/human_detector-0.0.0-py3.12.egg-info
[3.954s] running install_scripts
[4.220s] Installing person_detector_node script to /root/workspaces/ros2_ws/install/human_detector/lib/human_detector
[4.251s] Installing wave_interact script to /root/workspaces/ros2_ws/install/human_detector/lib/human_detector
[4.267s] writing list of installed files to '/root/workspaces/ros2_ws/build/human_detector/install.log'
[4.463s] Invoked command in '/root/workspaces/ros2_ws/src/ai-worker-sim/human_detector' returned '0': PYTHONPATH=/root/workspaces/ros2_ws/build/human_detector/prefix_override:/usr/lib/python3/dist-packages/colcon_core/task/python/colcon_distutils_commands:/root/workspaces/ros2_ws/install/human_detector/lib/python3.12/site-packages:${PYTHONPATH} /usr/bin/python3 -W ignore:setup.py install is deprecated -W ignore:easy_install command is deprecated setup.py egg_info --egg-base ../../../build/human_detector build --build-base /root/workspaces/ros2_ws/build/human_detector/build install --record /root/workspaces/ros2_ws/build/human_detector/install.log --install-scripts $base/lib/human_detector --single-version-externally-managed install_data
