[0.459s] Invoking command in '/root/workspaces/ros2_ws/build/ffw_description': CMAKE_PREFIX_PATH=${CMAKE_PREFIX_PATH}:/root/workspaces/ros2_ws/install/human_detector:/root/workspaces/ros2_ws/install/ffw_teleop:/root/workspaces/ros2_ws/install/ffw_bringup:/opt/ros/jazzy /usr/bin/cmake /root/workspaces/ros2_ws/src/ai-worker-sim/ffw_description -DCMAKE_INSTALL_PREFIX=/root/workspaces/ros2_ws/install/ffw_description
[1.346s] -- The C compiler identification is GNU 13.3.0
[2.023s] -- The CXX compiler identification is GNU 13.3.0
[2.198s] -- Detecting C compiler ABI info
[3.800s] -- Detecting C compiler ABI info - done
[3.835s] -- Check for working C compiler: /usr/bin/cc - skipped
[3.836s] -- Detecting C compile features
[3.836s] -- Detecting C compile features - done
[3.943s] -- Detecting CXX compiler ABI info
[5.496s] -- Detecting CXX compiler ABI info - done
[5.509s] -- Check for working CXX compiler: /usr/bin/c++ - skipped
[5.510s] -- Detecting CXX compile features
[5.510s] -- Detecting CXX compile features - done
[5.710s] -- Found ament_cmake: 2.5.6 (/opt/ros/jazzy/share/ament_cmake/cmake)
[6.994s] -- Found Python3: /usr/bin/python3 (found version "3.12.3") found components: Interpreter 
[9.915s] -- Configuring done (9.4s)
[10.746s] -- Generating done (0.7s)
[11.139s] -- Build files have been written to: /root/workspaces/ros2_ws/build/ffw_description
[11.195s] Invoked command in '/root/workspaces/ros2_ws/build/ffw_description' returned '0': CMAKE_PREFIX_PATH=${CMAKE_PREFIX_PATH}:/root/workspaces/ros2_ws/install/human_detector:/root/workspaces/ros2_ws/install/ffw_teleop:/root/workspaces/ros2_ws/install/ffw_bringup:/opt/ros/jazzy /usr/bin/cmake /root/workspaces/ros2_ws/src/ai-worker-sim/ffw_description -DCMAKE_INSTALL_PREFIX=/root/workspaces/ros2_ws/install/ffw_description
[11.212s] Invoking command in '/root/workspaces/ros2_ws/build/ffw_description': CMAKE_PREFIX_PATH=${CMAKE_PREFIX_PATH}:/root/workspaces/ros2_ws/install/human_detector:/root/workspaces/ros2_ws/install/ffw_teleop:/root/workspaces/ros2_ws/install/ffw_bringup:/opt/ros/jazzy /usr/bin/cmake --build /root/workspaces/ros2_ws/build/ffw_description -- -j4 -l4
[11.644s] Invoked command in '/root/workspaces/ros2_ws/build/ffw_description' returned '0': CMAKE_PREFIX_PATH=${CMAKE_PREFIX_PATH}:/root/workspaces/ros2_ws/install/human_detector:/root/workspaces/ros2_ws/install/ffw_teleop:/root/workspaces/ros2_ws/install/ffw_bringup:/opt/ros/jazzy /usr/bin/cmake --build /root/workspaces/ros2_ws/build/ffw_description -- -j4 -l4
[11.695s] Invoking command in '/root/workspaces/ros2_ws/build/ffw_description': CMAKE_PREFIX_PATH=${CMAKE_PREFIX_PATH}:/root/workspaces/ros2_ws/install/human_detector:/root/workspaces/ros2_ws/install/ffw_teleop:/root/workspaces/ros2_ws/install/ffw_bringup:/opt/ros/jazzy /usr/bin/cmake --install /root/workspaces/ros2_ws/build/ffw_description
[11.733s] -- Install configuration: ""
[11.733s] -- Installing: /root/workspaces/ros2_ws/install/ffw_description/share/ffw_description/launch
[11.820s] -- Installing: /root/workspaces/ros2_ws/install/ffw_description/share/ffw_description/launch/ffw_sg2_rev1.launch.py
[11.853s] -- Installing: /root/workspaces/ros2_ws/install/ffw_description/share/ffw_description/meshes
[11.899s] -- Installing: /root/workspaces/ros2_ws/install/ffw_description/share/ffw_description/meshes/common
[11.921s] -- Installing: /root/workspaces/ros2_ws/install/ffw_description/share/ffw_description/meshes/common/hx5_d20
[11.942s] -- Installing: /root/workspaces/ros2_ws/install/ffw_description/share/ffw_description/meshes/common/hx5_d20/hx5_d20_left
[12.012s] -- Installing: /root/workspaces/ros2_ws/install/ffw_description/share/ffw_description/meshes/common/hx5_d20/hx5_d20_left/hx5_d20_base_unit.stl
[12.428s] -- Installing: /root/workspaces/ros2_ws/install/ffw_description/share/ffw_description/meshes/common/hx5_d20/hx5_d20_left/hx5_d20_finger_mcp.stl
[12.596s] -- Installing: /root/workspaces/ros2_ws/install/ffw_description/share/ffw_description/meshes/common/hx5_d20/hx5_d20_left/hx5_d20_thumb_ip.stl
[12.809s] -- Installing: /root/workspaces/ros2_ws/install/ffw_description/share/ffw_description/meshes/common/hx5_d20/hx5_d20_left/hx5_d20_thumb_tip.stl
[13.018s] -- Installing: /root/workspaces/ros2_ws/install/ffw_description/share/ffw_description/meshes/common/hx5_d20/hx5_d20_left/hx5_d20_finger_tip.stl
[13.114s] -- Installing: /root/workspaces/ros2_ws/install/ffw_description/share/ffw_description/meshes/common/hx5_d20/hx5_d20_left/hx5_d20_finger_dip.stl
[13.210s] -- Installing: /root/workspaces/ros2_ws/install/ffw_description/share/ffw_description/meshes/common/hx5_d20/hx5_d20_left/hx5_d20_thumb_mcp.stl
[13.412s] -- Installing: /root/workspaces/ros2_ws/install/ffw_description/share/ffw_description/meshes/common/hx5_d20/hx5_d20_left/hx5_d20_finger_pip.stl
[13.512s] -- Installing: /root/workspaces/ros2_ws/install/ffw_description/share/ffw_description/meshes/common/hx5_d20/hx5_d20_left/hx5_d20_thumb_mcp2.stl
[13.659s] -- Installing: /root/workspaces/ros2_ws/install/ffw_description/share/ffw_description/meshes/common/hx5_d20/hx5_d20_right
[13.731s] -- Installing: /root/workspaces/ros2_ws/install/ffw_description/share/ffw_description/meshes/common/hx5_d20/hx5_d20_right/hx5_d20_base_unit.stl
[13.921s] -- Installing: /root/workspaces/ros2_ws/install/ffw_description/share/ffw_description/meshes/common/hx5_d20/hx5_d20_right/hx5_d20_finger_mcp.stl
[14.014s] -- Installing: /root/workspaces/ros2_ws/install/ffw_description/share/ffw_description/meshes/common/hx5_d20/hx5_d20_right/hx5_d20_thumb_ip.stl
[14.211s] -- Installing: /root/workspaces/ros2_ws/install/ffw_description/share/ffw_description/meshes/common/hx5_d20/hx5_d20_right/hx5_d20_thumb_tip.stl
[14.413s] -- Installing: /root/workspaces/ros2_ws/install/ffw_description/share/ffw_description/meshes/common/hx5_d20/hx5_d20_right/hx5_d20_finger_tip.stl
[14.512s] -- Installing: /root/workspaces/ros2_ws/install/ffw_description/share/ffw_description/meshes/common/hx5_d20/hx5_d20_right/hx5_d20_finger_dip.stl
[14.703s] -- Installing: /root/workspaces/ros2_ws/install/ffw_description/share/ffw_description/meshes/common/hx5_d20/hx5_d20_right/hx5_d20_thumb_mcp.stl
[14.904s] -- Installing: /root/workspaces/ros2_ws/install/ffw_description/share/ffw_description/meshes/common/hx5_d20/hx5_d20_right/hx5_d20_finger_pip.stl
[15.016s] -- Installing: /root/workspaces/ros2_ws/install/ffw_description/share/ffw_description/meshes/common/hx5_d20/hx5_d20_right/hx5_d20_thumb_mcp2.stl
[15.111s] -- Installing: /root/workspaces/ros2_ws/install/ffw_description/share/ffw_description/meshes/common/follower
[15.128s] -- Installing: /root/workspaces/ros2_ws/install/ffw_description/share/ffw_description/meshes/common/follower/arm_r_link1.stl
[15.336s] -- Installing: /root/workspaces/ros2_ws/install/ffw_description/share/ffw_description/meshes/common/follower/arm_l_link7.stl
[15.511s] -- Installing: /root/workspaces/ros2_ws/install/ffw_description/share/ffw_description/meshes/common/follower/arm_r_link5.stl
[15.712s] -- Installing: /root/workspaces/ros2_ws/install/ffw_description/share/ffw_description/meshes/common/follower/arm_l_link3.stl
[15.911s] -- Installing: /root/workspaces/ros2_ws/install/ffw_description/share/ffw_description/meshes/common/follower/swerve
[15.930s] -- Installing: /root/workspaces/ros2_ws/install/ffw_description/share/ffw_description/meshes/common/follower/swerve/base_mobile_assy.stl
[16.334s] -- Installing: /root/workspaces/ros2_ws/install/ffw_description/share/ffw_description/meshes/common/follower/swerve/right_wheel_steer_link.stl
[16.444s] -- Installing: /root/workspaces/ros2_ws/install/ffw_description/share/ffw_description/meshes/common/follower/swerve/left_wheel_drive_link.stl
[16.542s] -- Installing: /root/workspaces/ros2_ws/install/ffw_description/share/ffw_description/meshes/common/follower/swerve/rear_wheel_steer_link.stl
[16.704s] -- Installing: /root/workspaces/ros2_ws/install/ffw_description/share/ffw_description/meshes/common/follower/swerve/right_wheel_drive_link.stl
[16.759s] -- Installing: /root/workspaces/ros2_ws/install/ffw_description/share/ffw_description/meshes/common/follower/swerve/rear_wheel_drive_link.stl
[16.841s] -- Installing: /root/workspaces/ros2_ws/install/ffw_description/share/ffw_description/meshes/common/follower/swerve/lift_link.stl
[17.016s] -- Installing: /root/workspaces/ros2_ws/install/ffw_description/share/ffw_description/meshes/common/follower/swerve/left_wheel_steer_link.stl
[17.116s] -- Installing: /root/workspaces/ros2_ws/install/ffw_description/share/ffw_description/meshes/common/follower/head_link2.stl
[17.304s] -- Installing: /root/workspaces/ros2_ws/install/ffw_description/share/ffw_description/meshes/common/follower/arm_r_link3.stl
[17.520s] -- Installing: /root/workspaces/ros2_ws/install/ffw_description/share/ffw_description/meshes/common/follower/arm_l_link1.stl
[17.724s] -- Installing: /root/workspaces/ros2_ws/install/ffw_description/share/ffw_description/meshes/common/follower/arm_r_link7.stl
[17.848s] -- Installing: /root/workspaces/ros2_ws/install/ffw_description/share/ffw_description/meshes/common/follower/arm_l_link5.stl
[18.024s] -- Installing: /root/workspaces/ros2_ws/install/ffw_description/share/ffw_description/meshes/common/follower/head_link1.stl
[18.112s] -- Installing: /root/workspaces/ros2_ws/install/ffw_description/share/ffw_description/meshes/common/follower/zedm.stl
[18.204s] -- Installing: /root/workspaces/ros2_ws/install/ffw_description/share/ffw_description/meshes/common/follower/arm_r_link2.stl
[18.511s] -- Installing: /root/workspaces/ros2_ws/install/ffw_description/share/ffw_description/meshes/common/follower/arm_r_link6.stl
[18.657s] -- Installing: /root/workspaces/ros2_ws/install/ffw_description/share/ffw_description/meshes/common/follower/body_arm_assy.stl
[19.036s] -- Installing: /root/workspaces/ros2_ws/install/ffw_description/share/ffw_description/meshes/common/follower/arm_l_link4.stl
[19.217s] -- Installing: /root/workspaces/ros2_ws/install/ffw_description/share/ffw_description/meshes/common/follower/arm_r_link4.stl
[19.413s] -- Installing: /root/workspaces/ros2_ws/install/ffw_description/share/ffw_description/meshes/common/follower/base
[19.431s] -- Installing: /root/workspaces/ros2_ws/install/ffw_description/share/ffw_description/meshes/common/follower/base/base_mobile_assy.stl
[19.618s] -- Installing: /root/workspaces/ros2_ws/install/ffw_description/share/ffw_description/meshes/common/follower/arm_l_link2.stl
[19.825s] -- Installing: /root/workspaces/ros2_ws/install/ffw_description/share/ffw_description/meshes/common/follower/arm_l_link6.stl
[20.000s] -- Installing: /root/workspaces/ros2_ws/install/ffw_description/share/ffw_description/meshes/common/rh_p12_rn_a
[20.017s] -- Installing: /root/workspaces/ros2_ws/install/ffw_description/share/ffw_description/meshes/common/rh_p12_rn_a/r1.stl
[20.111s] -- Installing: /root/workspaces/ros2_ws/install/ffw_description/share/ffw_description/meshes/common/rh_p12_rn_a/base.stl
[20.199s] -- Installing: /root/workspaces/ros2_ws/install/ffw_description/share/ffw_description/meshes/common/rh_p12_rn_a/l1.stl
[20.242s] -- Installing: /root/workspaces/ros2_ws/install/ffw_description/share/ffw_description/meshes/common/rh_p12_rn_a/r2.stl
[20.324s] -- Installing: /root/workspaces/ros2_ws/install/ffw_description/share/ffw_description/meshes/common/rh_p12_rn_a/l2.stl
[20.403s] -- Installing: /root/workspaces/ros2_ws/install/ffw_description/share/ffw_description/rviz
[20.423s] -- Installing: /root/workspaces/ros2_ws/install/ffw_description/share/ffw_description/rviz/ffw_sh5.rviz
[20.525s] -- Installing: /root/workspaces/ros2_ws/install/ffw_description/share/ffw_description/rviz/ffw_sg2.rviz
[20.597s] -- Installing: /root/workspaces/ros2_ws/install/ffw_description/share/ffw_description/urdf
[20.620s] -- Installing: /root/workspaces/ros2_ws/install/ffw_description/share/ffw_description/urdf/ffw_sh5_rev1_follower
[20.636s] -- Installing: /root/workspaces/ros2_ws/install/ffw_description/share/ffw_description/urdf/ffw_sh5_rev1_follower/ffw_sh5_follower.urdf.xacro
[20.714s] -- Installing: /root/workspaces/ros2_ws/install/ffw_description/share/ffw_description/urdf/common
[20.731s] -- Installing: /root/workspaces/ros2_ws/install/ffw_description/share/ffw_description/urdf/common/hx5_d20
[20.752s] -- Installing: /root/workspaces/ros2_ws/install/ffw_description/share/ffw_description/urdf/common/hx5_d20/hx5_d20_right.urdf
[20.833s] -- Installing: /root/workspaces/ros2_ws/install/ffw_description/share/ffw_description/urdf/common/hx5_d20/hx5_d20_left.urdf.xacro
[20.917s] -- Installing: /root/workspaces/ros2_ws/install/ffw_description/share/ffw_description/urdf/common/hx5_d20/hx5_d20_right.urdf.xacro
[21.011s] -- Installing: /root/workspaces/ros2_ws/install/ffw_description/share/ffw_description/urdf/common/hx5_d20/hx5_d20_left.urdf
[21.104s] -- Installing: /root/workspaces/ros2_ws/install/ffw_description/share/ffw_description/urdf/common/follower
[21.123s] -- Installing: /root/workspaces/ros2_ws/install/ffw_description/share/ffw_description/urdf/common/follower/ffw_follower_body.xacro
[21.213s] -- Installing: /root/workspaces/ros2_ws/install/ffw_description/share/ffw_description/urdf/common/follower/zedm.urdf.xacro
[21.253s] -- Installing: /root/workspaces/ros2_ws/install/ffw_description/share/ffw_description/urdf/common/leader
[21.309s] -- Installing: /root/workspaces/ros2_ws/install/ffw_description/share/ffw_description/urdf/common/leader/ffw_leader_body.urdf.xacro
[21.348s] -- Installing: /root/workspaces/ros2_ws/install/ffw_description/share/ffw_description/urdf/common/rh_p12_rn_a
[21.425s] -- Installing: /root/workspaces/ros2_ws/install/ffw_description/share/ffw_description/urdf/common/rh_p12_rn_a/rh_p12_rn_a.urdf.xacro
[21.446s] -- Installing: /root/workspaces/ros2_ws/install/ffw_description/share/ffw_description/gazebo
[21.498s] -- Installing: /root/workspaces/ros2_ws/install/ffw_description/share/ffw_description/gazebo/ffw_sh5_rev1_follower
[21.513s] -- Installing: /root/workspaces/ros2_ws/install/ffw_description/share/ffw_description/gazebo/ffw_sh5_rev1_follower/ffw_sh5_follower.gazebo.xacro
[21.596s] -- Installing: /root/workspaces/ros2_ws/install/ffw_description/share/ffw_description/ros2_control
[21.610s] -- Installing: /root/workspaces/ros2_ws/install/ffw_description/share/ffw_description/ros2_control/ffw_sh5_rev1_follower
[21.632s] -- Installing: /root/workspaces/ros2_ws/install/ffw_description/share/ffw_description/ros2_control/ffw_sh5_rev1_follower/ffw_sh5_follower.ros2_control.xacro
[21.730s] -- Installing: /root/workspaces/ros2_ws/install/ffw_description/share/ffw_description/ros2_control/ffw_sh5_rev1_follower/ffw_sh5_sensor.ros2_control.xacro
[21.807s] -- Installing: /root/workspaces/ros2_ws/install/ffw_description/share/ffw_description/ros2_control/ffw_sh5_rev1_follower/ffw_sh5_base.ros2_control.xacro
[21.904s] -- Installing: /root/workspaces/ros2_ws/install/ffw_description/share/ament_index/resource_index/package_run_dependencies/ffw_description
[21.995s] -- Installing: /root/workspaces/ros2_ws/install/ffw_description/share/ament_index/resource_index/parent_prefix_path/ffw_description
[22.041s] -- Installing: /root/workspaces/ros2_ws/install/ffw_description/share/ffw_description/environment/ament_prefix_path.sh
[22.125s] -- Installing: /root/workspaces/ros2_ws/install/ffw_description/share/ffw_description/environment/ament_prefix_path.dsv
[22.204s] -- Installing: /root/workspaces/ros2_ws/install/ffw_description/share/ffw_description/environment/path.sh
[22.239s] -- Installing: /root/workspaces/ros2_ws/install/ffw_description/share/ffw_description/environment/path.dsv
[22.324s] -- Installing: /root/workspaces/ros2_ws/install/ffw_description/share/ffw_description/local_setup.bash
[22.402s] -- Installing: /root/workspaces/ros2_ws/install/ffw_description/share/ffw_description/local_setup.sh
[22.438s] -- Installing: /root/workspaces/ros2_ws/install/ffw_description/share/ffw_description/local_setup.zsh
[22.519s] -- Installing: /root/workspaces/ros2_ws/install/ffw_description/share/ffw_description/local_setup.dsv
[22.595s] -- Installing: /root/workspaces/ros2_ws/install/ffw_description/share/ffw_description/package.dsv
[22.644s] -- Installing: /root/workspaces/ros2_ws/install/ffw_description/share/ament_index/resource_index/packages/ffw_description
[22.727s] -- Installing: /root/workspaces/ros2_ws/install/ffw_description/share/ffw_description/cmake/ffw_descriptionConfig.cmake
[22.807s] -- Installing: /root/workspaces/ros2_ws/install/ffw_description/share/ffw_description/cmake/ffw_descriptionConfig-version.cmake
[22.842s] -- Installing: /root/workspaces/ros2_ws/install/ffw_description/share/ffw_description/package.xml
[22.929s] Invoked command in '/root/workspaces/ros2_ws/build/ffw_description' returned '0': CMAKE_PREFIX_PATH=${CMAKE_PREFIX_PATH}:/root/workspaces/ros2_ws/install/human_detector:/root/workspaces/ros2_ws/install/ffw_teleop:/root/workspaces/ros2_ws/install/ffw_bringup:/opt/ros/jazzy /usr/bin/cmake --install /root/workspaces/ros2_ws/build/ffw_description
