[2.275s] Invoking command in '/root/workspaces/ros2_ws/src/ai-worker-sim/human_detector': PYTHONPATH=/root/workspaces/ros2_ws/build/human_detector/prefix_override:/usr/lib/python3/dist-packages/colcon_core/task/python/colcon_distutils_commands:/root/workspaces/ros2_ws/install/human_detector/lib/python3.12/site-packages:${PYTHONPATH} /usr/bin/python3 -W ignore:setup.py install is deprecated -W ignore:easy_install command is deprecated setup.py egg_info --egg-base ../../../build/human_detector build --build-base /root/workspaces/ros2_ws/build/human_detector/build install --record /root/workspaces/ros2_ws/build/human_detector/install.log --install-scripts $base/lib/human_detector --single-version-externally-managed install_data
[2.982s] running egg_info
[3.024s] writing ../../../build/human_detector/human_detector.egg-info/PKG-INFO
[3.055s] writing dependency_links to ../../../build/human_detector/human_detector.egg-info/dependency_links.txt
[3.078s] writing entry points to ../../../build/human_detector/human_detector.egg-info/entry_points.txt
[3.102s] writing requirements to ../../../build/human_detector/human_detector.egg-info/requires.txt
[3.120s] writing top-level names to ../../../build/human_detector/human_detector.egg-info/top_level.txt
[3.226s] reading manifest file '../../../build/human_detector/human_detector.egg-info/SOURCES.txt'
[3.241s] writing manifest file '../../../build/human_detector/human_detector.egg-info/SOURCES.txt'
[3.260s] running build
[3.282s] running build_py
[3.304s] copying human_detector/person_detector_node.py -> /root/workspaces/ros2_ws/build/human_detector/build/lib/human_detector
[3.323s] copying human_detector/wave_interact.py -> /root/workspaces/ros2_ws/build/human_detector/build/lib/human_detector
[3.342s] running install
[3.364s] running install_lib
[3.407s] copying /root/workspaces/ros2_ws/build/human_detector/build/lib/human_detector/person_detector_node.py -> /root/workspaces/ros2_ws/install/human_detector/lib/python3.12/site-packages/human_detector
[3.445s] copying /root/workspaces/ros2_ws/build/human_detector/build/lib/human_detector/wave_interact.py -> /root/workspaces/ros2_ws/install/human_detector/lib/python3.12/site-packages/human_detector
[3.487s] byte-compiling /root/workspaces/ros2_ws/install/human_detector/lib/python3.12/site-packages/human_detector/person_detector_node.py to person_detector_node.cpython-312.pyc
[3.537s] byte-compiling /root/workspaces/ros2_ws/install/human_detector/lib/python3.12/site-packages/human_detector/wave_interact.py to wave_interact.cpython-312.pyc
[3.585s] running install_data
[3.599s] copying launch/human_detector.launch.py -> /root/workspaces/ros2_ws/install/human_detector/share/human_detector/launch
[3.627s] running install_egg_info
[3.671s] removing '/root/workspaces/ros2_ws/install/human_detector/lib/python3.12/site-packages/human_detector-0.0.0-py3.12.egg-info' (and everything under it)
[3.719s] Copying ../../../build/human_detector/human_detector.egg-info to /root/workspaces/ros2_ws/install/human_detector/lib/python3.12/site-packages/human_detector-0.0.0-py3.12.egg-info
[3.959s] running install_scripts
[4.396s] Installing person_detector_node script to /root/workspaces/ros2_ws/install/human_detector/lib/human_detector
[4.437s] Installing wave_interact script to /root/workspaces/ros2_ws/install/human_detector/lib/human_detector
[4.464s] writing list of installed files to '/root/workspaces/ros2_ws/build/human_detector/install.log'
[4.525s] Invoked command in '/root/workspaces/ros2_ws/src/ai-worker-sim/human_detector' returned '0': PYTHONPATH=/root/workspaces/ros2_ws/build/human_detector/prefix_override:/usr/lib/python3/dist-packages/colcon_core/task/python/colcon_distutils_commands:/root/workspaces/ros2_ws/install/human_detector/lib/python3.12/site-packages:${PYTHONPATH} /usr/bin/python3 -W ignore:setup.py install is deprecated -W ignore:easy_install command is deprecated setup.py egg_info --egg-base ../../../build/human_detector build --build-base /root/workspaces/ros2_ws/build/human_detector/build install --record /root/workspaces/ros2_ws/build/human_detector/install.log --install-scripts $base/lib/human_detector --single-version-externally-managed install_data
