[6.329s] Invoking command in '/root/workspaces/ros2_ws/src/ai-worker-sim/ffw_teleop': PYTHONPATH=/root/workspaces/ros2_ws/build/ffw_teleop/prefix_override:/usr/lib/python3/dist-packages/colcon_core/task/python/colcon_distutils_commands:/root/workspaces/ros2_ws/install/ffw_teleop/lib/python3.12/site-packages:${PYTHONPATH} /usr/bin/python3 -W ignore:setup.py install is deprecated -W ignore:easy_install command is deprecated setup.py egg_info --egg-base ../../../build/ffw_teleop build --build-base /root/workspaces/ros2_ws/build/ffw_teleop/build install --record /root/workspaces/ros2_ws/build/ffw_teleop/install.log --install-scripts $base/lib/ffw_teleop --single-version-externally-managed install_data
[7.234s] running egg_info
[7.234s] writing ../../../build/ffw_teleop/ffw_teleop.egg-info/PKG-INFO
[7.234s] writing dependency_links to ../../../build/ffw_teleop/ffw_teleop.egg-info/dependency_links.txt
[7.323s] writing entry points to ../../../build/ffw_teleop/ffw_teleop.egg-info/entry_points.txt
[7.332s] writing requirements to ../../../build/ffw_teleop/ffw_teleop.egg-info/requires.txt
[7.332s] writing top-level names to ../../../build/ffw_teleop/ffw_teleop.egg-info/top_level.txt
[7.431s] reading manifest file '../../../build/ffw_teleop/ffw_teleop.egg-info/SOURCES.txt'
[7.535s] writing manifest file '../../../build/ffw_teleop/ffw_teleop.egg-info/SOURCES.txt'
[7.536s] running build
[7.536s] running build_py
[7.586s] running install
[7.604s] running install_lib
[7.604s] running install_data
[7.605s] running install_egg_info
[7.605s] removing '/root/workspaces/ros2_ws/install/ffw_teleop/lib/python3.12/site-packages/ffw_teleop-1.2.0-py3.12.egg-info' (and everything under it)
[7.606s] Copying ../../../build/ffw_teleop/ffw_teleop.egg-info to /root/workspaces/ros2_ws/install/ffw_teleop/lib/python3.12/site-packages/ffw_teleop-1.2.0-py3.12.egg-info
[7.606s] running install_scripts
[7.621s] Installing keyboard_control script to /root/workspaces/ros2_ws/install/ffw_teleop/lib/ffw_teleop
[7.621s] Installing mobile_teleop script to /root/workspaces/ros2_ws/install/ffw_teleop/lib/ffw_teleop
[7.622s] writing list of installed files to '/root/workspaces/ros2_ws/build/ffw_teleop/install.log'
[8.131s] Invoked command in '/root/workspaces/ros2_ws/src/ai-worker-sim/ffw_teleop' returned '0': PYTHONPATH=/root/workspaces/ros2_ws/build/ffw_teleop/prefix_override:/usr/lib/python3/dist-packages/colcon_core/task/python/colcon_distutils_commands:/root/workspaces/ros2_ws/install/ffw_teleop/lib/python3.12/site-packages:${PYTHONPATH} /usr/bin/python3 -W ignore:setup.py install is deprecated -W ignore:easy_install command is deprecated setup.py egg_info --egg-base ../../../build/ffw_teleop build --build-base /root/workspaces/ros2_ws/build/ffw_teleop/build install --record /root/workspaces/ros2_ws/build/ffw_teleop/install.log --install-scripts $base/lib/ffw_teleop --single-version-externally-managed install_data
