[4.497s] Invoking command in '/root/workspaces/ros2_ws/src/ai-worker-sim/human_detector': PYTHONPATH=/root/workspaces/ros2_ws/build/human_detector/prefix_override:/usr/lib/python3/dist-packages/colcon_core/task/python/colcon_distutils_commands:/root/workspaces/ros2_ws/install/human_detector/lib/python3.12/site-packages:${PYTHONPATH} /usr/bin/python3 -W ignore:setup.py install is deprecated -W ignore:easy_install command is deprecated setup.py egg_info --egg-base ../../../build/human_detector build --build-base /root/workspaces/ros2_ws/build/human_detector/build install --record /root/workspaces/ros2_ws/build/human_detector/install.log --install-scripts $base/lib/human_detector --single-version-externally-managed install_data
[5.293s] running egg_info
[5.374s] writing ../../../build/human_detector/human_detector.egg-info/PKG-INFO
[5.401s] writing dependency_links to ../../../build/human_detector/human_detector.egg-info/dependency_links.txt
[5.420s] writing entry points to ../../../build/human_detector/human_detector.egg-info/entry_points.txt
[5.472s] writing requirements to ../../../build/human_detector/human_detector.egg-info/requires.txt
[5.488s] writing top-level names to ../../../build/human_detector/human_detector.egg-info/top_level.txt
[5.717s] reading manifest file '../../../build/human_detector/human_detector.egg-info/SOURCES.txt'
[5.822s] writing manifest file '../../../build/human_detector/human_detector.egg-info/SOURCES.txt'
[5.837s] running build
[5.854s] running build_py
[5.872s] copying human_detector/wave_interact.py -> /root/workspaces/ros2_ws/build/human_detector/build/lib/human_detector
[5.889s] running install
[5.903s] running install_lib
[5.982s] copying /root/workspaces/ros2_ws/build/human_detector/build/lib/human_detector/wave_interact.py -> /root/workspaces/ros2_ws/install/human_detector/lib/python3.12/site-packages/human_detector
[6.019s] byte-compiling /root/workspaces/ros2_ws/install/human_detector/lib/python3.12/site-packages/human_detector/wave_interact.py to wave_interact.cpython-312.pyc
[6.072s] running install_data
[6.073s] running install_egg_info
[6.121s] removing '/root/workspaces/ros2_ws/install/human_detector/lib/python3.12/site-packages/human_detector-0.0.0-py3.12.egg-info' (and everything under it)
[6.158s] Copying ../../../build/human_detector/human_detector.egg-info to /root/workspaces/ros2_ws/install/human_detector/lib/python3.12/site-packages/human_detector-0.0.0-py3.12.egg-info
[6.344s] running install_scripts
[6.581s] Installing person_detector_node script to /root/workspaces/ros2_ws/install/human_detector/lib/human_detector
[6.599s] Installing wave_interact script to /root/workspaces/ros2_ws/install/human_detector/lib/human_detector
[6.617s] writing list of installed files to '/root/workspaces/ros2_ws/build/human_detector/install.log'
[6.674s] Invoked command in '/root/workspaces/ros2_ws/src/ai-worker-sim/human_detector' returned '0': PYTHONPATH=/root/workspaces/ros2_ws/build/human_detector/prefix_override:/usr/lib/python3/dist-packages/colcon_core/task/python/colcon_distutils_commands:/root/workspaces/ros2_ws/install/human_detector/lib/python3.12/site-packages:${PYTHONPATH} /usr/bin/python3 -W ignore:setup.py install is deprecated -W ignore:easy_install command is deprecated setup.py egg_info --egg-base ../../../build/human_detector build --build-base /root/workspaces/ros2_ws/build/human_detector/build install --record /root/workspaces/ros2_ws/build/human_detector/install.log --install-scripts $base/lib/human_detector --single-version-externally-managed install_data
