[0.145s] Invoking command in '/root/workspaces/ros2_ws/build/library_world': CMAKE_PREFIX_PATH=${CMAKE_PREFIX_PATH}:/opt/ros/jazzy /usr/bin/cmake --build /root/workspaces/ros2_ws/build/library_world -- -j4 -l4
[0.360s] -- Found ament_cmake: 2.5.6 (/opt/ros/jazzy/share/ament_cmake/cmake)
[0.971s] -- Found ament_lint_auto: 0.17.5 (/opt/ros/jazzy/share/ament_lint_auto/cmake)
[2.028s] -- Added test 'flake8' to check Python code syntax and style conventions
[2.028s] -- Configured 'flake8' exclude dirs and/or files: 
[2.140s] -- Added test 'lint_cmake' to check CMake code style
[2.202s] -- Added test 'pep257' to check Python code against some of the docstring style conventions in PEP 257
[2.661s] -- Added test 'xmllint' to check XML markup files
[2.755s] -- Configuring done (2.4s)
[3.350s] -- Generating done (0.5s)
[3.661s] -- Build files have been written to: /root/workspaces/ros2_ws/build/library_world
[3.758s] Invoked command in '/root/workspaces/ros2_ws/build/library_world' returned '0': CMAKE_PREFIX_PATH=${CMAKE_PREFIX_PATH}:/opt/ros/jazzy /usr/bin/cmake --build /root/workspaces/ros2_ws/build/library_world -- -j4 -l4
[3.772s] Invoking command in '/root/workspaces/ros2_ws/build/library_world': CMAKE_PREFIX_PATH=${CMAKE_PREFIX_PATH}:/opt/ros/jazzy /usr/bin/cmake --install /root/workspaces/ros2_ws/build/library_world
[3.846s] -- Install configuration: ""
[3.849s] -- Up-to-date: /root/workspaces/ros2_ws/install/library_world/share/library_world//launch
[3.859s] -- Installing: /root/workspaces/ros2_ws/install/library_world/share/library_world//launch/library_world_launch.py
[3.917s] -- Up-to-date: /root/workspaces/ros2_ws/install/library_world/share/library_world//world
[3.927s] -- Installing: /root/workspaces/ros2_ws/install/library_world/share/library_world//world/library.sdf
[3.991s] -- Up-to-date: /root/workspaces/ros2_ws/install/library_world/share/library_world//models
[4.001s] -- Up-to-date: /root/workspaces/ros2_ws/install/library_world/share/library_world//models/bookshelf_d
[4.011s] -- Installing: /root/workspaces/ros2_ws/install/library_world/share/library_world//models/bookshelf_d/model.sdf
[4.180s] -- Up-to-date: /root/workspaces/ros2_ws/install/library_world/share/library_world//models/bookshelf_d/materials
[4.296s] -- Up-to-date: /root/workspaces/ros2_ws/install/library_world/share/library_world//models/bookshelf_d/materials/textures
[4.311s] -- Installing: /root/workspaces/ros2_ws/install/library_world/share/library_world//models/bookshelf_d/materials/textures/aws_BookshelfB_01.png
[4.499s] -- Installing: /root/workspaces/ros2_ws/install/library_world/share/library_world//models/bookshelf_d/materials/textures/aws_BookshelfB_02.png
[4.565s] -- Installing: /root/workspaces/ros2_ws/install/library_world/share/library_world//models/bookshelf_d/model.config
[4.621s] -- Up-to-date: /root/workspaces/ros2_ws/install/library_world/share/library_world//models/bookshelf_d/meshes
[4.633s] -- Installing: /root/workspaces/ros2_ws/install/library_world/share/library_world//models/bookshelf_d/meshes/SHELVES.dae
[4.689s] -- Up-to-date: /root/workspaces/ros2_ws/install/library_world/share/library_world//models/floor
[4.701s] -- Installing: /root/workspaces/ros2_ws/install/library_world/share/library_world//models/floor/model.sdf
[4.757s] -- Up-to-date: /root/workspaces/ros2_ws/install/library_world/share/library_world//models/floor/materials
[4.767s] -- Up-to-date: /root/workspaces/ros2_ws/install/library_world/share/library_world//models/floor/materials/textures
[4.779s] -- Installing: /root/workspaces/ros2_ws/install/library_world/share/library_world//models/floor/materials/textures/aws_FloorB_01.png
[4.866s] -- Installing: /root/workspaces/ros2_ws/install/library_world/share/library_world//models/floor/model.config
[4.919s] -- Up-to-date: /root/workspaces/ros2_ws/install/library_world/share/library_world//models/floor/meshes
[4.931s] -- Installing: /root/workspaces/ros2_ws/install/library_world/share/library_world//models/floor/meshes/floor_collision.DAE
[4.987s] -- Installing: /root/workspaces/ros2_ws/install/library_world/share/library_world//models/floor/meshes/floor_visual.DAE
[5.042s] -- Up-to-date: /root/workspaces/ros2_ws/install/library_world/share/library_world//models/bookshelf_b
[5.053s] -- Installing: /root/workspaces/ros2_ws/install/library_world/share/library_world//models/bookshelf_b/model.sdf
[5.105s] -- Up-to-date: /root/workspaces/ros2_ws/install/library_world/share/library_world//models/bookshelf_b/materials
[5.114s] -- Up-to-date: /root/workspaces/ros2_ws/install/library_world/share/library_world//models/bookshelf_b/materials/textures
[5.128s] -- Installing: /root/workspaces/ros2_ws/install/library_world/share/library_world//models/bookshelf_b/materials/textures/aws_BookshelfA_02.png
[5.273s] -- Installing: /root/workspaces/ros2_ws/install/library_world/share/library_world//models/bookshelf_b/materials/textures/aws_BookshelfA_03.png
[5.350s] -- Installing: /root/workspaces/ros2_ws/install/library_world/share/library_world//models/bookshelf_b/materials/textures/aws_BookshelfA_01.png
[5.512s] -- Installing: /root/workspaces/ros2_ws/install/library_world/share/library_world//models/bookshelf_b/model.config
[5.565s] -- Up-to-date: /root/workspaces/ros2_ws/install/library_world/share/library_world//models/bookshelf_b/meshes
[5.575s] -- Installing: /root/workspaces/ros2_ws/install/library_world/share/library_world//models/bookshelf_b/meshes/bookshelfb_collision.DAE
[5.636s] -- Installing: /root/workspaces/ros2_ws/install/library_world/share/library_world//models/bookshelf_b/meshes/bookshelfb_visual.DAE
[5.894s] -- Up-to-date: /root/workspaces/ros2_ws/install/library_world/share/library_world//models/bookshelf_e
[5.905s] -- Installing: /root/workspaces/ros2_ws/install/library_world/share/library_world//models/bookshelf_e/model.sdf
[5.973s] -- Up-to-date: /root/workspaces/ros2_ws/install/library_world/share/library_world//models/bookshelf_e/materials
[5.983s] -- Up-to-date: /root/workspaces/ros2_ws/install/library_world/share/library_world//models/bookshelf_e/materials/textures
[6.013s] -- Installing: /root/workspaces/ros2_ws/install/library_world/share/library_world//models/bookshelf_e/materials/textures/aws_BookshelfC_01.png
[6.186s] -- Installing: /root/workspaces/ros2_ws/install/library_world/share/library_world//models/bookshelf_e/model.config
[6.245s] -- Up-to-date: /root/workspaces/ros2_ws/install/library_world/share/library_world//models/bookshelf_e/meshes
[6.256s] -- Installing: /root/workspaces/ros2_ws/install/library_world/share/library_world//models/bookshelf_e/meshes/bookshelfe_collision.DAE
[6.308s] -- Installing: /root/workspaces/ros2_ws/install/library_world/share/library_world//models/bookshelf_e/meshes/bookshelfe_visual.DAE
[6.368s] -- Up-to-date: /root/workspaces/ros2_ws/install/library_world/share/library_world//models/etgah_logo
[6.381s] -- Installing: /root/workspaces/ros2_ws/install/library_world/share/library_world//models/etgah_logo/model.sdf
[6.435s] -- Up-to-date: /root/workspaces/ros2_ws/install/library_world/share/library_world//models/etgah_logo/materials
[6.449s] -- Up-to-date: /root/workspaces/ros2_ws/install/library_world/share/library_world//models/etgah_logo/materials/textures
[6.460s] -- Installing: /root/workspaces/ros2_ws/install/library_world/share/library_world//models/etgah_logo/materials/textures/logo.png
[6.535s] -- Installing: /root/workspaces/ros2_ws/install/library_world/share/library_world//models/etgah_logo/model.config
[6.592s] -- Up-to-date: /root/workspaces/ros2_ws/install/library_world/share/library_world//models/sofa
[6.604s] -- Installing: /root/workspaces/ros2_ws/install/library_world/share/library_world//models/sofa/model.sdf
[6.662s] -- Up-to-date: /root/workspaces/ros2_ws/install/library_world/share/library_world//models/sofa/materials
[6.672s] -- Up-to-date: /root/workspaces/ros2_ws/install/library_world/share/library_world//models/sofa/materials/textures
[6.685s] -- Installing: /root/workspaces/ros2_ws/install/library_world/share/library_world//models/sofa/materials/textures/Wood1.jpg
[6.770s] -- Installing: /root/workspaces/ros2_ws/install/library_world/share/library_world//models/sofa/materials/textures/Wood_Fine_AI_03-CW.jpg
[6.852s] -- Installing: /root/workspaces/ros2_ws/install/library_world/share/library_world//models/sofa/model.config
[6.908s] -- Up-to-date: /root/workspaces/ros2_ws/install/library_world/share/library_world//models/sofa/meshes
[6.921s] -- Up-to-date: /root/workspaces/ros2_ws/install/library_world/share/library_world//models/sofa/meshes/Sofa3
[6.935s] -- Installing: /root/workspaces/ros2_ws/install/library_world/share/library_world//models/sofa/meshes/Sofa3/Wood1.jpg
[7.015s] -- Installing: /root/workspaces/ros2_ws/install/library_world/share/library_world//models/sofa/meshes/Sofa3/Wood_Fine_AI_03-CW.jpg
[7.101s] -- Installing: /root/workspaces/ros2_ws/install/library_world/share/library_world//models/sofa/meshes/sofa.dae
[7.460s] -- Up-to-date: /root/workspaces/ros2_ws/install/library_world/share/library_world//models/bookshelf
[7.472s] -- Installing: /root/workspaces/ros2_ws/install/library_world/share/library_world//models/bookshelf/model.sdf
[7.537s] -- Up-to-date: /root/workspaces/ros2_ws/install/library_world/share/library_world//models/bookshelf/materials
[7.546s] -- Up-to-date: /root/workspaces/ros2_ws/install/library_world/share/library_world//models/bookshelf/materials/textures
[7.561s] -- Installing: /root/workspaces/ros2_ws/install/library_world/share/library_world//models/bookshelf/materials/textures/aws_BookshelfB_01.png
[7.818s] -- Installing: /root/workspaces/ros2_ws/install/library_world/share/library_world//models/bookshelf/materials/textures/aws_BookshelfB_02.png
[7.890s] -- Installing: /root/workspaces/ros2_ws/install/library_world/share/library_world//models/bookshelf/model.config
[7.957s] -- Up-to-date: /root/workspaces/ros2_ws/install/library_world/share/library_world//models/bookshelf/meshes
[7.971s] -- Installing: /root/workspaces/ros2_ws/install/library_world/share/library_world//models/bookshelf/meshes/bookshelf_collision.DAE
[8.055s] -- Installing: /root/workspaces/ros2_ws/install/library_world/share/library_world//models/bookshelf/meshes/bookshelf_visual.DAE
[8.212s] -- Up-to-date: /root/workspaces/ros2_ws/install/library_world/share/library_world//models/house_wall
[8.225s] -- Installing: /root/workspaces/ros2_ws/install/library_world/share/library_world//models/house_wall/model.sdf
[8.302s] -- Up-to-date: /root/workspaces/ros2_ws/install/library_world/share/library_world//models/house_wall/materials
[8.313s] -- Up-to-date: /root/workspaces/ros2_ws/install/library_world/share/library_world//models/house_wall/materials/textures
[8.327s] -- Installing: /root/workspaces/ros2_ws/install/library_world/share/library_world//models/house_wall/materials/textures/aws_HouseWallB_01.png
[8.425s] -- Installing: /root/workspaces/ros2_ws/install/library_world/share/library_world//models/house_wall/model.config
[8.489s] -- Up-to-date: /root/workspaces/ros2_ws/install/library_world/share/library_world//models/house_wall/meshes
[8.503s] -- Installing: /root/workspaces/ros2_ws/install/library_world/share/library_world//models/house_wall/meshes/house_wall_collision.DAE
[8.580s] -- Installing: /root/workspaces/ros2_ws/install/library_world/share/library_world//models/house_wall/meshes/house_wall_visual.DAE
[8.715s] -- Up-to-date: /root/workspaces/ros2_ws/install/library_world/share/library_world//models/book
[8.729s] -- Installing: /root/workspaces/ros2_ws/install/library_world/share/library_world//models/book/model.sdf
[8.791s] -- Up-to-date: /root/workspaces/ros2_ws/install/library_world/share/library_world//models/book/materials
[8.802s] -- Up-to-date: /root/workspaces/ros2_ws/install/library_world/share/library_world//models/book/materials/textures
[8.826s] -- Installing: /root/workspaces/ros2_ws/install/library_world/share/library_world//models/book/materials/textures/aws_BookD_01.png
[8.890s] -- Installing: /root/workspaces/ros2_ws/install/library_world/share/library_world//models/book/model.config
[8.956s] -- Up-to-date: /root/workspaces/ros2_ws/install/library_world/share/library_world//models/book/meshes
[8.969s] -- Installing: /root/workspaces/ros2_ws/install/library_world/share/library_world//models/book/meshes/book_visual.DAE
[9.082s] -- Installing: /root/workspaces/ros2_ws/install/library_world/share/library_world//models/book/meshes/book_collision.DAE
[9.156s] -- Up-to-date: /root/workspaces/ros2_ws/install/library_world/share/library_world//models/bookcase
[9.174s] -- Installing: /root/workspaces/ros2_ws/install/library_world/share/library_world//models/bookcase/model.sdf
[9.269s] -- Installing: /root/workspaces/ros2_ws/install/library_world/share/library_world//models/bookcase/model.config
[9.329s] -- Up-to-date: /root/workspaces/ros2_ws/install/library_world/share/library_world//models/bookcase/meshes
[9.346s] -- Installing: /root/workspaces/ros2_ws/install/library_world/share/library_world//models/bookcase/meshes/bookcase.dae
[9.430s] -- Up-to-date: /root/workspaces/ros2_ws/install/library_world/share/library_world//models/desk
[9.444s] -- Installing: /root/workspaces/ros2_ws/install/library_world/share/library_world//models/desk/model.sdf
[9.506s] -- Up-to-date: /root/workspaces/ros2_ws/install/library_world/share/library_world//models/desk/materials
[9.518s] -- Up-to-date: /root/workspaces/ros2_ws/install/library_world/share/library_world//models/desk/materials/textures
[9.542s] -- Installing: /root/workspaces/ros2_ws/install/library_world/share/library_world//models/desk/materials/textures/aws_DeskB_01.png
[9.757s] -- Installing: /root/workspaces/ros2_ws/install/library_world/share/library_world//models/desk/model.config
[9.817s] -- Up-to-date: /root/workspaces/ros2_ws/install/library_world/share/library_world//models/desk/meshes
[9.833s] -- Installing: /root/workspaces/ros2_ws/install/library_world/share/library_world//models/desk/meshes/desk_visual.DAE
[9.919s] -- Installing: /root/workspaces/ros2_ws/install/library_world/share/library_world//models/desk/meshes/desk_collision.DAE
[9.975s] -- Up-to-date: /root/workspaces/ros2_ws/install/library_world/share/library_world//models/chair
[9.991s] -- Installing: /root/workspaces/ros2_ws/install/library_world/share/library_world//models/chair/model.sdf
[10.048s] -- Up-to-date: /root/workspaces/ros2_ws/install/library_world/share/library_world//models/chair/materials
[10.058s] -- Up-to-date: /root/workspaces/ros2_ws/install/library_world/share/library_world//models/chair/materials/textures
[10.075s] -- Installing: /root/workspaces/ros2_ws/install/library_world/share/library_world//models/chair/materials/textures/aws_ChairB_01.png
[10.252s] -- Installing: /root/workspaces/ros2_ws/install/library_world/share/library_world//models/chair/model.config
[10.311s] -- Up-to-date: /root/workspaces/ros2_ws/install/library_world/share/library_world//models/chair/meshes
[10.324s] -- Installing: /root/workspaces/ros2_ws/install/library_world/share/library_world//models/chair/meshes/chair_visual.DAE
[10.403s] -- Installing: /root/workspaces/ros2_ws/install/library_world/share/library_world//models/chair/meshes/chair_collision.DAE
[10.468s] -- Up-to-date: /root/workspaces/ros2_ws/install/library_world/share/library_world//models/bookshelf_c
[10.482s] -- Installing: /root/workspaces/ros2_ws/install/library_world/share/library_world//models/bookshelf_c/model.sdf
[10.541s] -- Up-to-date: /root/workspaces/ros2_ws/install/library_world/share/library_world//models/bookshelf_c/materials
[10.552s] -- Up-to-date: /root/workspaces/ros2_ws/install/library_world/share/library_world//models/bookshelf_c/materials/textures
[10.566s] -- Installing: /root/workspaces/ros2_ws/install/library_world/share/library_world//models/bookshelf_c/materials/textures/aws_DeskA_02.png
[10.688s] -- Installing: /root/workspaces/ros2_ws/install/library_world/share/library_world//models/bookshelf_c/materials/textures/aws_DeskA_01.png
[10.858s] -- Installing: /root/workspaces/ros2_ws/install/library_world/share/library_world//models/bookshelf_c/materials/textures/aws_DeskA_03.png
[10.939s] -- Installing: /root/workspaces/ros2_ws/install/library_world/share/library_world//models/bookshelf_c/model.config
[10.989s] -- Up-to-date: /root/workspaces/ros2_ws/install/library_world/share/library_world//models/bookshelf_c/meshes
[11.002s] -- Installing: /root/workspaces/ros2_ws/install/library_world/share/library_world//models/bookshelf_c/meshes/aws_DeskA_01_collision.DAE
[11.056s] -- Installing: /root/workspaces/ros2_ws/install/library_world/share/library_world//models/bookshelf_c/meshes/aws_DeskA_01_visual.DAE
[11.219s] -- Installing: /root/workspaces/ros2_ws/install/library_world/share/ament_index/resource_index/package_run_dependencies/library_world
[11.274s] -- Installing: /root/workspaces/ros2_ws/install/library_world/share/ament_index/resource_index/parent_prefix_path/library_world
[11.329s] -- Installing: /root/workspaces/ros2_ws/install/library_world/share/library_world/environment/ament_prefix_path.sh
[11.390s] -- Installing: /root/workspaces/ros2_ws/install/library_world/share/library_world/environment/ament_prefix_path.dsv
[11.446s] -- Installing: /root/workspaces/ros2_ws/install/library_world/share/library_world/environment/path.sh
[11.499s] -- Installing: /root/workspaces/ros2_ws/install/library_world/share/library_world/environment/path.dsv
[11.551s] -- Installing: /root/workspaces/ros2_ws/install/library_world/share/library_world/local_setup.bash
[11.607s] -- Installing: /root/workspaces/ros2_ws/install/library_world/share/library_world/local_setup.sh
[11.665s] -- Installing: /root/workspaces/ros2_ws/install/library_world/share/library_world/local_setup.zsh
[11.722s] -- Installing: /root/workspaces/ros2_ws/install/library_world/share/library_world/local_setup.dsv
[11.777s] -- Installing: /root/workspaces/ros2_ws/install/library_world/share/library_world/package.dsv
[11.837s] -- Installing: /root/workspaces/ros2_ws/install/library_world/share/ament_index/resource_index/packages/library_world
[11.884s] -- Installing: /root/workspaces/ros2_ws/install/library_world/share/library_world/cmake/library_worldConfig.cmake
[11.937s] -- Installing: /root/workspaces/ros2_ws/install/library_world/share/library_world/cmake/library_worldConfig-version.cmake
[11.990s] -- Installing: /root/workspaces/ros2_ws/install/library_world/share/library_world/package.xml
[12.060s] Invoked command in '/root/workspaces/ros2_ws/build/library_world' returned '0': CMAKE_PREFIX_PATH=${CMAKE_PREFIX_PATH}:/opt/ros/jazzy /usr/bin/cmake --install /root/workspaces/ros2_ws/build/library_world
