[0.397s] Invoking command in '/root/workspaces/ros2_ws/build/ffw_description': CMAKE_PREFIX_PATH=${CMAKE_PREFIX_PATH}:/root/workspaces/ros2_ws/install/human_detector:/root/workspaces/ros2_ws/install/ffw_teleop:/root/workspaces/ros2_ws/install/ffw_bringup:/opt/ros/jazzy /usr/bin/cmake --build /root/workspaces/ros2_ws/build/ffw_description -- -j4 -l4
[0.607s] Invoked command in '/root/workspaces/ros2_ws/build/ffw_description' returned '0': CMAKE_PREFIX_PATH=${CMAKE_PREFIX_PATH}:/root/workspaces/ros2_ws/install/human_detector:/root/workspaces/ros2_ws/install/ffw_teleop:/root/workspaces/ros2_ws/install/ffw_bringup:/opt/ros/jazzy /usr/bin/cmake --build /root/workspaces/ros2_ws/build/ffw_description -- -j4 -l4
[0.608s] Invoking command in '/root/workspaces/ros2_ws/build/ffw_description': CMAKE_PREFIX_PATH=${CMAKE_PREFIX_PATH}:/root/workspaces/ros2_ws/install/human_detector:/root/workspaces/ros2_ws/install/ffw_teleop:/root/workspaces/ros2_ws/install/ffw_bringup:/opt/ros/jazzy /usr/bin/cmake --install /root/workspaces/ros2_ws/build/ffw_description
[0.636s] -- Install configuration: ""
[0.643s] -- Up-to-date: /root/workspaces/ros2_ws/install/ffw_description/share/ffw_description/launch
[0.668s] -- Up-to-date: /root/workspaces/ros2_ws/install/ffw_description/share/ffw_description/launch/ffw_sg2_rev1.launch.py
[0.678s] -- Up-to-date: /root/workspaces/ros2_ws/install/ffw_description/share/ffw_description/meshes
[0.698s] -- Up-to-date: /root/workspaces/ros2_ws/install/ffw_description/share/ffw_description/meshes/common
[0.717s] -- Up-to-date: /root/workspaces/ros2_ws/install/ffw_description/share/ffw_description/meshes/common/hx5_d20
[0.732s] -- Up-to-date: /root/workspaces/ros2_ws/install/ffw_description/share/ffw_description/meshes/common/hx5_d20/hx5_d20_left
[0.747s] -- Up-to-date: /root/workspaces/ros2_ws/install/ffw_description/share/ffw_description/meshes/common/hx5_d20/hx5_d20_left/hx5_d20_base_unit.stl
[0.747s] -- Up-to-date: /root/workspaces/ros2_ws/install/ffw_description/share/ffw_description/meshes/common/hx5_d20/hx5_d20_left/hx5_d20_finger_mcp.stl
[0.747s] -- Up-to-date: /root/workspaces/ros2_ws/install/ffw_description/share/ffw_description/meshes/common/hx5_d20/hx5_d20_left/hx5_d20_thumb_ip.stl
[0.748s] -- Up-to-date: /root/workspaces/ros2_ws/install/ffw_description/share/ffw_description/meshes/common/hx5_d20/hx5_d20_left/hx5_d20_thumb_tip.stl
[0.748s] -- Up-to-date: /root/workspaces/ros2_ws/install/ffw_description/share/ffw_description/meshes/common/hx5_d20/hx5_d20_left/hx5_d20_finger_tip.stl
[0.748s] -- Up-to-date: /root/workspaces/ros2_ws/install/ffw_description/share/ffw_description/meshes/common/hx5_d20/hx5_d20_left/hx5_d20_finger_dip.stl
[0.748s] -- Up-to-date: /root/workspaces/ros2_ws/install/ffw_description/share/ffw_description/meshes/common/hx5_d20/hx5_d20_left/hx5_d20_thumb_mcp.stl
[0.749s] -- Up-to-date: /root/workspaces/ros2_ws/install/ffw_description/share/ffw_description/meshes/common/hx5_d20/hx5_d20_left/hx5_d20_finger_pip.stl
[0.754s] -- Up-to-date: /root/workspaces/ros2_ws/install/ffw_description/share/ffw_description/meshes/common/hx5_d20/hx5_d20_left/hx5_d20_thumb_mcp2.stl
[0.756s] -- Up-to-date: /root/workspaces/ros2_ws/install/ffw_description/share/ffw_description/meshes/common/hx5_d20/hx5_d20_right
[0.789s] -- Up-to-date: /root/workspaces/ros2_ws/install/ffw_description/share/ffw_description/meshes/common/hx5_d20/hx5_d20_right/hx5_d20_base_unit.stl
[0.794s] -- Up-to-date: /root/workspaces/ros2_ws/install/ffw_description/share/ffw_description/meshes/common/hx5_d20/hx5_d20_right/hx5_d20_finger_mcp.stl
[0.794s] -- Up-to-date: /root/workspaces/ros2_ws/install/ffw_description/share/ffw_description/meshes/common/hx5_d20/hx5_d20_right/hx5_d20_thumb_ip.stl
[0.794s] -- Up-to-date: /root/workspaces/ros2_ws/install/ffw_description/share/ffw_description/meshes/common/hx5_d20/hx5_d20_right/hx5_d20_thumb_tip.stl
[0.795s] -- Up-to-date: /root/workspaces/ros2_ws/install/ffw_description/share/ffw_description/meshes/common/hx5_d20/hx5_d20_right/hx5_d20_finger_tip.stl
[0.804s] -- Up-to-date: /root/workspaces/ros2_ws/install/ffw_description/share/ffw_description/meshes/common/hx5_d20/hx5_d20_right/hx5_d20_finger_dip.stl
[0.807s] -- Up-to-date: /root/workspaces/ros2_ws/install/ffw_description/share/ffw_description/meshes/common/hx5_d20/hx5_d20_right/hx5_d20_thumb_mcp.stl
[0.808s] -- Up-to-date: /root/workspaces/ros2_ws/install/ffw_description/share/ffw_description/meshes/common/hx5_d20/hx5_d20_right/hx5_d20_finger_pip.stl
[0.818s] -- Up-to-date: /root/workspaces/ros2_ws/install/ffw_description/share/ffw_description/meshes/common/hx5_d20/hx5_d20_right/hx5_d20_thumb_mcp2.stl
[0.819s] -- Up-to-date: /root/workspaces/ros2_ws/install/ffw_description/share/ffw_description/meshes/common/follower
[0.840s] -- Up-to-date: /root/workspaces/ros2_ws/install/ffw_description/share/ffw_description/meshes/common/follower/arm_r_link1.stl
[0.858s] -- Up-to-date: /root/workspaces/ros2_ws/install/ffw_description/share/ffw_description/meshes/common/follower/arm_l_link7.stl
[0.894s] -- Up-to-date: /root/workspaces/ros2_ws/install/ffw_description/share/ffw_description/meshes/common/follower/arm_r_link5.stl
[0.911s] -- Up-to-date: /root/workspaces/ros2_ws/install/ffw_description/share/ffw_description/meshes/common/follower/arm_l_link3.stl
[0.944s] -- Up-to-date: /root/workspaces/ros2_ws/install/ffw_description/share/ffw_description/meshes/common/follower/swerve
[0.964s] -- Up-to-date: /root/workspaces/ros2_ws/install/ffw_description/share/ffw_description/meshes/common/follower/swerve/base_mobile_assy.stl
[0.981s] -- Up-to-date: /root/workspaces/ros2_ws/install/ffw_description/share/ffw_description/meshes/common/follower/swerve/right_wheel_steer_link.stl
[1.010s] -- Up-to-date: /root/workspaces/ros2_ws/install/ffw_description/share/ffw_description/meshes/common/follower/swerve/left_wheel_drive_link.stl
[1.027s] -- Up-to-date: /root/workspaces/ros2_ws/install/ffw_description/share/ffw_description/meshes/common/follower/swerve/rear_wheel_steer_link.stl
[1.035s] -- Up-to-date: /root/workspaces/ros2_ws/install/ffw_description/share/ffw_description/meshes/common/follower/swerve/right_wheel_drive_link.stl
[1.035s] -- Up-to-date: /root/workspaces/ros2_ws/install/ffw_description/share/ffw_description/meshes/common/follower/swerve/rear_wheel_drive_link.stl
[1.036s] -- Up-to-date: /root/workspaces/ros2_ws/install/ffw_description/share/ffw_description/meshes/common/follower/swerve/lift_link.stl
[1.036s] -- Up-to-date: /root/workspaces/ros2_ws/install/ffw_description/share/ffw_description/meshes/common/follower/swerve/left_wheel_steer_link.stl
[1.036s] -- Up-to-date: /root/workspaces/ros2_ws/install/ffw_description/share/ffw_description/meshes/common/follower/head_link2.stl
[1.036s] -- Up-to-date: /root/workspaces/ros2_ws/install/ffw_description/share/ffw_description/meshes/common/follower/arm_r_link3.stl
[1.036s] -- Up-to-date: /root/workspaces/ros2_ws/install/ffw_description/share/ffw_description/meshes/common/follower/arm_l_link1.stl
[1.036s] -- Up-to-date: /root/workspaces/ros2_ws/install/ffw_description/share/ffw_description/meshes/common/follower/arm_r_link7.stl
[1.063s] -- Up-to-date: /root/workspaces/ros2_ws/install/ffw_description/share/ffw_description/meshes/common/follower/arm_l_link5.stl
[1.092s] -- Up-to-date: /root/workspaces/ros2_ws/install/ffw_description/share/ffw_description/meshes/common/follower/head_link1.stl
[1.126s] -- Up-to-date: /root/workspaces/ros2_ws/install/ffw_description/share/ffw_description/meshes/common/follower/zedm.stl
[1.183s] -- Up-to-date: /root/workspaces/ros2_ws/install/ffw_description/share/ffw_description/meshes/common/follower/arm_r_link2.stl
[1.184s] -- Up-to-date: /root/workspaces/ros2_ws/install/ffw_description/share/ffw_description/meshes/common/follower/arm_r_link6.stl
[1.184s] -- Up-to-date: /root/workspaces/ros2_ws/install/ffw_description/share/ffw_description/meshes/common/follower/body_arm_assy.stl
[1.184s] -- Up-to-date: /root/workspaces/ros2_ws/install/ffw_description/share/ffw_description/meshes/common/follower/arm_l_link4.stl
[1.184s] -- Up-to-date: /root/workspaces/ros2_ws/install/ffw_description/share/ffw_description/meshes/common/follower/arm_r_link4.stl
[1.185s] -- Up-to-date: /root/workspaces/ros2_ws/install/ffw_description/share/ffw_description/meshes/common/follower/base
[1.185s] -- Up-to-date: /root/workspaces/ros2_ws/install/ffw_description/share/ffw_description/meshes/common/follower/base/base_mobile_assy.stl
[1.185s] -- Up-to-date: /root/workspaces/ros2_ws/install/ffw_description/share/ffw_description/meshes/common/follower/arm_l_link2.stl
[1.185s] -- Up-to-date: /root/workspaces/ros2_ws/install/ffw_description/share/ffw_description/meshes/common/follower/arm_l_link6.stl
[1.186s] -- Up-to-date: /root/workspaces/ros2_ws/install/ffw_description/share/ffw_description/meshes/common/rh_p12_rn_a
[1.186s] -- Up-to-date: /root/workspaces/ros2_ws/install/ffw_description/share/ffw_description/meshes/common/rh_p12_rn_a/r1.stl
[1.187s] -- Up-to-date: /root/workspaces/ros2_ws/install/ffw_description/share/ffw_description/meshes/common/rh_p12_rn_a/base.stl
[1.187s] -- Up-to-date: /root/workspaces/ros2_ws/install/ffw_description/share/ffw_description/meshes/common/rh_p12_rn_a/l1.stl
[1.187s] -- Up-to-date: /root/workspaces/ros2_ws/install/ffw_description/share/ffw_description/meshes/common/rh_p12_rn_a/r2.stl
[1.187s] -- Up-to-date: /root/workspaces/ros2_ws/install/ffw_description/share/ffw_description/meshes/common/rh_p12_rn_a/l2.stl
[1.188s] -- Up-to-date: /root/workspaces/ros2_ws/install/ffw_description/share/ffw_description/rviz
[1.188s] -- Up-to-date: /root/workspaces/ros2_ws/install/ffw_description/share/ffw_description/rviz/ffw_sh5.rviz
[1.188s] -- Up-to-date: /root/workspaces/ros2_ws/install/ffw_description/share/ffw_description/rviz/ffw_sg2.rviz
[1.189s] -- Up-to-date: /root/workspaces/ros2_ws/install/ffw_description/share/ffw_description/urdf
[1.189s] -- Up-to-date: /root/workspaces/ros2_ws/install/ffw_description/share/ffw_description/urdf/ffw_sh5_rev1_follower
[1.190s] -- Up-to-date: /root/workspaces/ros2_ws/install/ffw_description/share/ffw_description/urdf/ffw_sh5_rev1_follower/ffw_sh5_follower.urdf.xacro
[1.190s] -- Up-to-date: /root/workspaces/ros2_ws/install/ffw_description/share/ffw_description/urdf/common
[1.190s] -- Up-to-date: /root/workspaces/ros2_ws/install/ffw_description/share/ffw_description/urdf/common/hx5_d20
[1.190s] -- Up-to-date: /root/workspaces/ros2_ws/install/ffw_description/share/ffw_description/urdf/common/hx5_d20/hx5_d20_right.urdf
[1.191s] -- Up-to-date: /root/workspaces/ros2_ws/install/ffw_description/share/ffw_description/urdf/common/hx5_d20/hx5_d20_left.urdf.xacro
[1.191s] -- Up-to-date: /root/workspaces/ros2_ws/install/ffw_description/share/ffw_description/urdf/common/hx5_d20/hx5_d20_right.urdf.xacro
[1.191s] -- Up-to-date: /root/workspaces/ros2_ws/install/ffw_description/share/ffw_description/urdf/common/hx5_d20/hx5_d20_left.urdf
[1.191s] -- Up-to-date: /root/workspaces/ros2_ws/install/ffw_description/share/ffw_description/urdf/common/follower
[1.192s] -- Up-to-date: /root/workspaces/ros2_ws/install/ffw_description/share/ffw_description/urdf/common/follower/ffw_follower_body.xacro
[1.192s] -- Up-to-date: /root/workspaces/ros2_ws/install/ffw_description/share/ffw_description/urdf/common/follower/zedm.urdf.xacro
[1.192s] -- Up-to-date: /root/workspaces/ros2_ws/install/ffw_description/share/ffw_description/urdf/common/leader
[1.225s] -- Up-to-date: /root/workspaces/ros2_ws/install/ffw_description/share/ffw_description/urdf/common/leader/ffw_leader_body.urdf.xacro
[1.249s] -- Up-to-date: /root/workspaces/ros2_ws/install/ffw_description/share/ffw_description/urdf/common/rh_p12_rn_a
[1.262s] -- Up-to-date: /root/workspaces/ros2_ws/install/ffw_description/share/ffw_description/urdf/common/rh_p12_rn_a/rh_p12_rn_a.urdf.xacro
[1.263s] -- Up-to-date: /root/workspaces/ros2_ws/install/ffw_description/share/ffw_description/gazebo
[1.266s] -- Up-to-date: /root/workspaces/ros2_ws/install/ffw_description/share/ffw_description/gazebo/ffw_sh5_rev1_follower
[1.266s] -- Up-to-date: /root/workspaces/ros2_ws/install/ffw_description/share/ffw_description/gazebo/ffw_sh5_rev1_follower/ffw_sh5_follower.gazebo.xacro
[1.266s] -- Up-to-date: /root/workspaces/ros2_ws/install/ffw_description/share/ffw_description/ros2_control
[1.266s] -- Up-to-date: /root/workspaces/ros2_ws/install/ffw_description/share/ffw_description/ros2_control/ffw_sh5_rev1_follower
[1.267s] -- Up-to-date: /root/workspaces/ros2_ws/install/ffw_description/share/ffw_description/ros2_control/ffw_sh5_rev1_follower/ffw_sh5_follower.ros2_control.xacro
[1.267s] -- Up-to-date: /root/workspaces/ros2_ws/install/ffw_description/share/ffw_description/ros2_control/ffw_sh5_rev1_follower/ffw_sh5_sensor.ros2_control.xacro
[1.267s] -- Up-to-date: /root/workspaces/ros2_ws/install/ffw_description/share/ffw_description/ros2_control/ffw_sh5_rev1_follower/ffw_sh5_base.ros2_control.xacro
[1.267s] -- Up-to-date: /root/workspaces/ros2_ws/install/ffw_description/share/ament_index/resource_index/package_run_dependencies/ffw_description
[1.267s] -- Up-to-date: /root/workspaces/ros2_ws/install/ffw_description/share/ament_index/resource_index/parent_prefix_path/ffw_description
[1.267s] -- Up-to-date: /root/workspaces/ros2_ws/install/ffw_description/share/ffw_description/environment/ament_prefix_path.sh
[1.267s] -- Up-to-date: /root/workspaces/ros2_ws/install/ffw_description/share/ffw_description/environment/ament_prefix_path.dsv
[1.268s] -- Up-to-date: /root/workspaces/ros2_ws/install/ffw_description/share/ffw_description/environment/path.sh
[1.268s] -- Up-to-date: /root/workspaces/ros2_ws/install/ffw_description/share/ffw_description/environment/path.dsv
[1.268s] -- Up-to-date: /root/workspaces/ros2_ws/install/ffw_description/share/ffw_description/local_setup.bash
[1.270s] -- Up-to-date: /root/workspaces/ros2_ws/install/ffw_description/share/ffw_description/local_setup.sh
[1.274s] -- Up-to-date: /root/workspaces/ros2_ws/install/ffw_description/share/ffw_description/local_setup.zsh
[1.278s] -- Up-to-date: /root/workspaces/ros2_ws/install/ffw_description/share/ffw_description/local_setup.dsv
[1.290s] -- Installing: /root/workspaces/ros2_ws/install/ffw_description/share/ffw_description/package.dsv
[1.324s] -- Up-to-date: /root/workspaces/ros2_ws/install/ffw_description/share/ament_index/resource_index/packages/ffw_description
[1.336s] -- Up-to-date: /root/workspaces/ros2_ws/install/ffw_description/share/ffw_description/cmake/ffw_descriptionConfig.cmake
[1.336s] -- Up-to-date: /root/workspaces/ros2_ws/install/ffw_description/share/ffw_description/cmake/ffw_descriptionConfig-version.cmake
[1.339s] -- Up-to-date: /root/workspaces/ros2_ws/install/ffw_description/share/ffw_description/package.xml
[2.081s] Invoked command in '/root/workspaces/ros2_ws/build/ffw_description' returned '0': CMAKE_PREFIX_PATH=${CMAKE_PREFIX_PATH}:/root/workspaces/ros2_ws/install/human_detector:/root/workspaces/ros2_ws/install/ffw_teleop:/root/workspaces/ros2_ws/install/ffw_bringup:/opt/ros/jazzy /usr/bin/cmake --install /root/workspaces/ros2_ws/build/ffw_description
