[0.878s] Invoking command in '/root/workspaces/ros2_ws/build/warehouse_world': CMAKE_PREFIX_PATH=${CMAKE_PREFIX_PATH}:/root/workspaces/ros2_ws/install/human_detector:/root/workspaces/ros2_ws/install/ffw_teleop:/root/workspaces/ros2_ws/install/ffw_bringup:/opt/ros/jazzy /usr/bin/cmake --build /root/workspaces/ros2_ws/build/warehouse_world -- -j4 -l4
[1.055s] Invoked command in '/root/workspaces/ros2_ws/build/warehouse_world' returned '0': CMAKE_PREFIX_PATH=${CMAKE_PREFIX_PATH}:/root/workspaces/ros2_ws/install/human_detector:/root/workspaces/ros2_ws/install/ffw_teleop:/root/workspaces/ros2_ws/install/ffw_bringup:/opt/ros/jazzy /usr/bin/cmake --build /root/workspaces/ros2_ws/build/warehouse_world -- -j4 -l4
[1.081s] Invoking command in '/root/workspaces/ros2_ws/build/warehouse_world': CMAKE_PREFIX_PATH=${CMAKE_PREFIX_PATH}:/root/workspaces/ros2_ws/install/human_detector:/root/workspaces/ros2_ws/install/ffw_teleop:/root/workspaces/ros2_ws/install/ffw_bringup:/opt/ros/jazzy /usr/bin/cmake --install /root/workspaces/ros2_ws/build/warehouse_world
[1.141s] -- Install configuration: ""
[1.141s] -- Up-to-date: /root/workspaces/ros2_ws/install/warehouse_world/share/warehouse_world//launch
[1.142s] -- Up-to-date: /root/workspaces/ros2_ws/install/warehouse_world/share/warehouse_world//launch/warehouse_storage_launch.launch.py
[1.142s] -- Up-to-date: /root/workspaces/ros2_ws/install/warehouse_world/share/warehouse_world//config
[1.142s] -- Up-to-date: /root/workspaces/ros2_ws/install/warehouse_world/share/warehouse_world//config/gz_bridge_ros.yaml
[1.142s] -- Up-to-date: /root/workspaces/ros2_ws/install/warehouse_world/share/warehouse_world//worlds
[1.143s] -- Up-to-date: /root/workspaces/ros2_ws/install/warehouse_world/share/warehouse_world//worlds/warehouse_storage.sdf
[1.143s] -- Up-to-date: /root/workspaces/ros2_ws/install/warehouse_world/share/warehouse_world//models
[1.143s] -- Up-to-date: /root/workspaces/ros2_ws/install/warehouse_world/share/warehouse_world//models/Depot
[1.143s] -- Up-to-date: /root/workspaces/ros2_ws/install/warehouse_world/share/warehouse_world//models/Depot/model.sdf
[1.144s] -- Up-to-date: /root/workspaces/ros2_ws/install/warehouse_world/share/warehouse_world//models/Depot/materials
[1.144s] -- Up-to-date: /root/workspaces/ros2_ws/install/warehouse_world/share/warehouse_world//models/Depot/materials/scripts
[1.149s] -- Up-to-date: /root/workspaces/ros2_ws/install/warehouse_world/share/warehouse_world//models/Depot/materials/scripts/model.material
[1.150s] -- Up-to-date: /root/workspaces/ros2_ws/install/warehouse_world/share/warehouse_world//models/Depot/materials/textures
[1.150s] -- Up-to-date: /root/workspaces/ros2_ws/install/warehouse_world/share/warehouse_world//models/Depot/materials/textures/BOXSET_Normal.png
[1.150s] -- Up-to-date: /root/workspaces/ros2_ws/install/warehouse_world/share/warehouse_world//models/Depot/materials/textures/FLOOR_Metalness.png
[1.156s] -- Up-to-date: /root/workspaces/ros2_ws/install/warehouse_world/share/warehouse_world//models/Depot/materials/textures/FANS_Roughness.png
[1.162s] -- Up-to-date: /root/workspaces/ros2_ws/install/warehouse_world/share/warehouse_world//models/Depot/materials/textures/INTERCOM_Emissive.png
[1.175s] -- Up-to-date: /root/workspaces/ros2_ws/install/warehouse_world/share/warehouse_world//models/Depot/materials/textures/ROOF_Metalness.png
[1.179s] -- Up-to-date: /root/workspaces/ros2_ws/install/warehouse_world/share/warehouse_world//models/Depot/materials/textures/PILLERS_Albedo.png
[1.183s] -- Up-to-date: /root/workspaces/ros2_ws/install/warehouse_world/share/warehouse_world//models/Depot/materials/textures/STAIRS_Metalness.png
[1.189s] -- Up-to-date: /root/workspaces/ros2_ws/install/warehouse_world/share/warehouse_world//models/Depot/materials/textures/WALLS_Albedo.png
[1.222s] -- Up-to-date: /root/workspaces/ros2_ws/install/warehouse_world/share/warehouse_world//models/Depot/materials/textures/FireAlarm_Albedo.png
[1.235s] -- Up-to-date: /root/workspaces/ros2_ws/install/warehouse_world/share/warehouse_world//models/Depot/materials/textures/Forklift_Forklift_Normal.png
[1.269s] -- Up-to-date: /root/workspaces/ros2_ws/install/warehouse_world/share/warehouse_world//models/Depot/materials/textures/Window_WINDOW_Metallic.png
[1.291s] -- Up-to-date: /root/workspaces/ros2_ws/install/warehouse_world/share/warehouse_world//models/Depot/materials/textures/BOXSET_Emissive.png
[1.324s] -- Up-to-date: /root/workspaces/ros2_ws/install/warehouse_world/share/warehouse_world//models/Depot/materials/textures/Pipes_Normal.png
[1.350s] -- Up-to-date: /root/workspaces/ros2_ws/install/warehouse_world/share/warehouse_world//models/Depot/materials/textures/FireAlarmPole_Albedo.png
[1.365s] -- Up-to-date: /root/workspaces/ros2_ws/install/warehouse_world/share/warehouse_world//models/Depot/materials/textures/INTERCOM_Normal.png
[1.396s] -- Up-to-date: /root/workspaces/ros2_ws/install/warehouse_world/share/warehouse_world//models/Depot/materials/textures/FLOOR_Roughness.png
[1.445s] -- Up-to-date: /root/workspaces/ros2_ws/install/warehouse_world/share/warehouse_world//models/Depot/materials/textures/INTERCOM_Albedo.png
[1.492s] -- Up-to-date: /root/workspaces/ros2_ws/install/warehouse_world/share/warehouse_world//models/Depot/materials/textures/Pipes_Albedo.png
[1.508s] -- Up-to-date: /root/workspaces/ros2_ws/install/warehouse_world/share/warehouse_world//models/Depot/materials/textures/PILLERS_Normal.png
[1.544s] -- Up-to-date: /root/workspaces/ros2_ws/install/warehouse_world/share/warehouse_world//models/Depot/materials/textures/STAIRS_Roughness.png
[1.592s] -- Up-to-date: /root/workspaces/ros2_ws/install/warehouse_world/share/warehouse_world//models/Depot/materials/textures/FANS_Metalness.png
[1.637s] -- Up-to-date: /root/workspaces/ros2_ws/install/warehouse_world/share/warehouse_world//models/Depot/materials/textures/ROOF_Roughness.png
[1.651s] -- Up-to-date: /root/workspaces/ros2_ws/install/warehouse_world/share/warehouse_world//models/Depot/materials/textures/FireAlarm_Normal.png
[1.682s] -- Up-to-date: /root/workspaces/ros2_ws/install/warehouse_world/share/warehouse_world//models/Depot/materials/textures/WALLS_Normal.png
[1.729s] -- Up-to-date: /root/workspaces/ros2_ws/install/warehouse_world/share/warehouse_world//models/Depot/materials/textures/BOXSET_Albedo.png
[1.746s] -- Up-to-date: /root/workspaces/ros2_ws/install/warehouse_world/share/warehouse_world//models/Depot/materials/textures/Crates_Crates_Normal.png
[1.773s] -- Up-to-date: /root/workspaces/ros2_ws/install/warehouse_world/share/warehouse_world//models/Depot/materials/textures/Forklift_Forklift_Metallic.png
[1.788s] -- Up-to-date: /root/workspaces/ros2_ws/install/warehouse_world/share/warehouse_world//models/Depot/materials/textures/FireAlarmPole_Normal.png
[1.815s] -- Up-to-date: /root/workspaces/ros2_ws/install/warehouse_world/share/warehouse_world//models/Depot/materials/textures/FireAlarmPole_Metalness.png
[1.819s] -- Up-to-date: /root/workspaces/ros2_ws/install/warehouse_world/share/warehouse_world//models/Depot/materials/textures/Forklift_Forklift_Roughness.png
[1.819s] -- Up-to-date: /root/workspaces/ros2_ws/install/warehouse_world/share/warehouse_world//models/Depot/materials/textures/STAIRS_Normal.png
[1.859s] -- Up-to-date: /root/workspaces/ros2_ws/install/warehouse_world/share/warehouse_world//models/Depot/materials/textures/ROOF_Normal.png
[1.863s] -- Up-to-date: /root/workspaces/ros2_ws/install/warehouse_world/share/warehouse_world//models/Depot/materials/textures/FANS_Albedo.png
[1.911s] -- Up-to-date: /root/workspaces/ros2_ws/install/warehouse_world/share/warehouse_world//models/Depot/materials/textures/FireAlarm_Metalness.png
[1.929s] -- Up-to-date: /root/workspaces/ros2_ws/install/warehouse_world/share/warehouse_world//models/Depot/materials/textures/Pipes_Roughness.png
[1.959s] -- Up-to-date: /root/workspaces/ros2_ws/install/warehouse_world/share/warehouse_world//models/Depot/materials/textures/INTERCOM_Roughness.png
[1.998s] -- Up-to-date: /root/workspaces/ros2_ws/install/warehouse_world/share/warehouse_world//models/Depot/materials/textures/WALLS_Metalness.png
[2.012s] -- Up-to-date: /root/workspaces/ros2_ws/install/warehouse_world/share/warehouse_world//models/Depot/materials/textures/PILLERS_Metalness.png
[2.025s] -- Up-to-date: /root/workspaces/ros2_ws/install/warehouse_world/share/warehouse_world//models/Depot/materials/textures/DepotLightmap.png
[2.025s] -- Up-to-date: /root/workspaces/ros2_ws/install/warehouse_world/share/warehouse_world//models/Depot/materials/textures/BOXSET_Roughness.png
[2.045s] -- Up-to-date: /root/workspaces/ros2_ws/install/warehouse_world/share/warehouse_world//models/Depot/materials/textures/ROOF_Emissive.png
[2.061s] -- Up-to-date: /root/workspaces/ros2_ws/install/warehouse_world/share/warehouse_world//models/Depot/materials/textures/Forklift_Forklift_BaseColor.png
[2.096s] -- Up-to-date: /root/workspaces/ros2_ws/install/warehouse_world/share/warehouse_world//models/Depot/materials/textures/FLOOR_Normal.png
[2.123s] -- Up-to-date: /root/workspaces/ros2_ws/install/warehouse_world/share/warehouse_world//models/Depot/materials/textures/WALLS_Roughness.png
[2.147s] -- Up-to-date: /root/workspaces/ros2_ws/install/warehouse_world/share/warehouse_world//models/Depot/materials/textures/FireAlarm_Roughness.png
[2.170s] -- Up-to-date: /root/workspaces/ros2_ws/install/warehouse_world/share/warehouse_world//models/Depot/materials/textures/BOXSET_Metalness.png
[2.209s] -- Up-to-date: /root/workspaces/ros2_ws/install/warehouse_world/share/warehouse_world//models/Depot/materials/textures/FANS_Normal.png
[2.217s] -- Up-to-date: /root/workspaces/ros2_ws/install/warehouse_world/share/warehouse_world//models/Depot/materials/textures/FireAlarmPole_Roughness.png
[2.231s] -- Up-to-date: /root/workspaces/ros2_ws/install/warehouse_world/share/warehouse_world//models/Depot/materials/textures/Crates_Crates_Roughness.png
[2.266s] -- Up-to-date: /root/workspaces/ros2_ws/install/warehouse_world/share/warehouse_world//models/Depot/materials/textures/Window_WINDOW_BaseColor.png
[2.289s] -- Up-to-date: /root/workspaces/ros2_ws/install/warehouse_world/share/warehouse_world//models/Depot/materials/textures/PILLERS_Roughness.png
[2.302s] -- Up-to-date: /root/workspaces/ros2_ws/install/warehouse_world/share/warehouse_world//models/Depot/materials/textures/FLOOR_Albedo.png
[2.322s] -- Up-to-date: /root/workspaces/ros2_ws/install/warehouse_world/share/warehouse_world//models/Depot/materials/textures/FanBack_FanBack_BaseColor.png
[2.326s] -- Up-to-date: /root/workspaces/ros2_ws/install/warehouse_world/share/warehouse_world//models/Depot/materials/textures/ROOF_Albedo.png
[2.349s] -- Up-to-date: /root/workspaces/ros2_ws/install/warehouse_world/share/warehouse_world//models/Depot/materials/textures/STAIRS_Albedo.png
[2.354s] -- Up-to-date: /root/workspaces/ros2_ws/install/warehouse_world/share/warehouse_world//models/Depot/materials/textures/INTERCOM_Metalness.png
[2.355s] -- Up-to-date: /root/workspaces/ros2_ws/install/warehouse_world/share/warehouse_world//models/Depot/materials/textures/Window_WINDOW_Roughness.png
[2.355s] -- Up-to-date: /root/workspaces/ros2_ws/install/warehouse_world/share/warehouse_world//models/Depot/materials/textures/Crates_Crates_BaseColor.png
[2.355s] -- Up-to-date: /root/workspaces/ros2_ws/install/warehouse_world/share/warehouse_world//models/Depot/materials/textures/Pipes_Metalness.png
[2.365s] -- Up-to-date: /root/workspaces/ros2_ws/install/warehouse_world/share/warehouse_world//models/Depot/model.config
[2.378s] -- Up-to-date: /root/workspaces/ros2_ws/install/warehouse_world/share/warehouse_world//models/Depot/meshes
[2.378s] -- Up-to-date: /root/workspaces/ros2_ws/install/warehouse_world/share/warehouse_world//models/Depot/meshes/Depot.dae
[2.379s] -- Up-to-date: /root/workspaces/ros2_ws/install/warehouse_world/share/warehouse_world//models/Depot/meshes/Crates.dae
[2.379s] -- Up-to-date: /root/workspaces/ros2_ws/install/warehouse_world/share/warehouse_world//models/Depot/thumbnails
[2.384s] -- Up-to-date: /root/workspaces/ros2_ws/install/warehouse_world/share/warehouse_world//models/Depot/thumbnails/5.png
[2.402s] -- Up-to-date: /root/workspaces/ros2_ws/install/warehouse_world/share/warehouse_world//models/Depot/thumbnails/1.png
[2.417s] -- Up-to-date: /root/workspaces/ros2_ws/install/warehouse_world/share/warehouse_world//models/Depot/thumbnails/3.png
[2.417s] -- Up-to-date: /root/workspaces/ros2_ws/install/warehouse_world/share/warehouse_world//models/Depot/thumbnails/2.png
[2.431s] -- Up-to-date: /root/workspaces/ros2_ws/install/warehouse_world/share/warehouse_world//models/Depot/thumbnails/0.png
[2.446s] -- Up-to-date: /root/workspaces/ros2_ws/install/warehouse_world/share/warehouse_world//models/Depot/thumbnails/4.png
[2.452s] -- Up-to-date: /root/workspaces/ros2_ws/install/warehouse_world/share/warehouse_world//models/etgah_logo
[2.500s] -- Up-to-date: /root/workspaces/ros2_ws/install/warehouse_world/share/warehouse_world//models/etgah_logo/model.sdf
[2.546s] -- Up-to-date: /root/workspaces/ros2_ws/install/warehouse_world/share/warehouse_world//models/etgah_logo/materials
[2.568s] -- Up-to-date: /root/workspaces/ros2_ws/install/warehouse_world/share/warehouse_world//models/etgah_logo/materials/textures
[2.599s] -- Up-to-date: /root/workspaces/ros2_ws/install/warehouse_world/share/warehouse_world//models/etgah_logo/materials/textures/logo.png
[2.613s] -- Up-to-date: /root/workspaces/ros2_ws/install/warehouse_world/share/warehouse_world//models/etgah_logo/model.config
[2.618s] -- Up-to-date: /root/workspaces/ros2_ws/install/warehouse_world/share/ament_index/resource_index/package_run_dependencies/warehouse_world
[2.638s] -- Up-to-date: /root/workspaces/ros2_ws/install/warehouse_world/share/ament_index/resource_index/parent_prefix_path/warehouse_world
[2.653s] -- Up-to-date: /root/workspaces/ros2_ws/install/warehouse_world/share/warehouse_world/environment/ament_prefix_path.sh
[2.672s] -- Up-to-date: /root/workspaces/ros2_ws/install/warehouse_world/share/warehouse_world/environment/ament_prefix_path.dsv
[2.676s] -- Up-to-date: /root/workspaces/ros2_ws/install/warehouse_world/share/warehouse_world/environment/path.sh
[2.687s] -- Up-to-date: /root/workspaces/ros2_ws/install/warehouse_world/share/warehouse_world/environment/path.dsv
[2.687s] -- Up-to-date: /root/workspaces/ros2_ws/install/warehouse_world/share/warehouse_world/local_setup.bash
[2.687s] -- Up-to-date: /root/workspaces/ros2_ws/install/warehouse_world/share/warehouse_world/local_setup.sh
[2.687s] -- Up-to-date: /root/workspaces/ros2_ws/install/warehouse_world/share/warehouse_world/local_setup.zsh
[2.687s] -- Up-to-date: /root/workspaces/ros2_ws/install/warehouse_world/share/warehouse_world/local_setup.dsv
[2.727s] -- Installing: /root/workspaces/ros2_ws/install/warehouse_world/share/warehouse_world/package.dsv
[2.751s] -- Up-to-date: /root/workspaces/ros2_ws/install/warehouse_world/share/ament_index/resource_index/packages/warehouse_world
[2.765s] -- Up-to-date: /root/workspaces/ros2_ws/install/warehouse_world/share/warehouse_world/cmake/warehouse_worldConfig.cmake
[2.774s] -- Up-to-date: /root/workspaces/ros2_ws/install/warehouse_world/share/warehouse_world/cmake/warehouse_worldConfig-version.cmake
[2.774s] -- Up-to-date: /root/workspaces/ros2_ws/install/warehouse_world/share/warehouse_world/package.xml
[2.788s] Invoked command in '/root/workspaces/ros2_ws/build/warehouse_world' returned '0': CMAKE_PREFIX_PATH=${CMAKE_PREFIX_PATH}:/root/workspaces/ros2_ws/install/human_detector:/root/workspaces/ros2_ws/install/ffw_teleop:/root/workspaces/ros2_ws/install/ffw_bringup:/opt/ros/jazzy /usr/bin/cmake --install /root/workspaces/ros2_ws/build/warehouse_world
