[5.346s] Invoking command in '/root/workspaces/ros2_ws/src/ai-worker-sim/human_detector': PYTHONPATH=/root/workspaces/ros2_ws/build/human_detector/prefix_override:/usr/lib/python3/dist-packages/colcon_core/task/python/colcon_distutils_commands:/root/workspaces/ros2_ws/install/human_detector/lib/python3.12/site-packages:${PYTHONPATH} /usr/bin/python3 -W ignore:setup.py install is deprecated -W ignore:easy_install command is deprecated setup.py egg_info --egg-base ../../../build/human_detector build --build-base /root/workspaces/ros2_ws/build/human_detector/build install --record /root/workspaces/ros2_ws/build/human_detector/install.log --install-scripts $base/lib/human_detector --single-version-externally-managed install_data
[6.028s] running egg_info
[6.093s] writing ../../../build/human_detector/human_detector.egg-info/PKG-INFO
[6.124s] writing dependency_links to ../../../build/human_detector/human_detector.egg-info/dependency_links.txt
[6.175s] writing entry points to ../../../build/human_detector/human_detector.egg-info/entry_points.txt
[6.220s] writing requirements to ../../../build/human_detector/human_detector.egg-info/requires.txt
[6.235s] writing top-level names to ../../../build/human_detector/human_detector.egg-info/top_level.txt
[6.401s] reading manifest file '../../../build/human_detector/human_detector.egg-info/SOURCES.txt'
[6.435s] writing manifest file '../../../build/human_detector/human_detector.egg-info/SOURCES.txt'
[6.504s] running build
[6.518s] running build_py
[6.518s] running install
[6.518s] running install_lib
[6.585s] running install_data
[6.608s] running install_egg_info
[6.630s] removing '/root/workspaces/ros2_ws/install/human_detector/lib/python3.12/site-packages/human_detector-0.0.0-py3.12.egg-info' (and everything under it)
[6.665s] Copying ../../../build/human_detector/human_detector.egg-info to /root/workspaces/ros2_ws/install/human_detector/lib/python3.12/site-packages/human_detector-0.0.0-py3.12.egg-info
[6.853s] running install_scripts
[7.383s] Installing person_detector_node script to /root/workspaces/ros2_ws/install/human_detector/lib/human_detector
[7.413s] Installing wave_interact script to /root/workspaces/ros2_ws/install/human_detector/lib/human_detector
[7.427s] writing list of installed files to '/root/workspaces/ros2_ws/build/human_detector/install.log'
[7.678s] Invoked command in '/root/workspaces/ros2_ws/src/ai-worker-sim/human_detector' returned '0': PYTHONPATH=/root/workspaces/ros2_ws/build/human_detector/prefix_override:/usr/lib/python3/dist-packages/colcon_core/task/python/colcon_distutils_commands:/root/workspaces/ros2_ws/install/human_detector/lib/python3.12/site-packages:${PYTHONPATH} /usr/bin/python3 -W ignore:setup.py install is deprecated -W ignore:easy_install command is deprecated setup.py egg_info --egg-base ../../../build/human_detector build --build-base /root/workspaces/ros2_ws/build/human_detector/build install --record /root/workspaces/ros2_ws/build/human_detector/install.log --install-scripts $base/lib/human_detector --single-version-externally-managed install_data
