[0.440s] Invoking command in '/root/workspaces/ros2_ws/build/ffw_navigation': CMAKE_PREFIX_PATH=${CMAKE_PREFIX_PATH}:/root/workspaces/nawar_project/install/human_detector:/root/workspaces/nawar_project/install/ffw_teleop:/root/workspaces/nawar_project/install/ffw_bringup:/root/workspaces/ros2_ws/install/human_detector:/root/workspaces/ros2_ws/install/ffw_teleop:/root/workspaces/ros2_ws/install/ffw_bringup:/opt/ros/jazzy /usr/bin/cmake --build /root/workspaces/ros2_ws/build/ffw_navigation -- -j4 -l4
[0.777s] [100%] Built target is_path_length_under_plugin
[0.871s] Invoked command in '/root/workspaces/ros2_ws/build/ffw_navigation' returned '0': CMAKE_PREFIX_PATH=${CMAKE_PREFIX_PATH}:/root/workspaces/nawar_project/install/human_detector:/root/workspaces/nawar_project/install/ffw_teleop:/root/workspaces/nawar_project/install/ffw_bringup:/root/workspaces/ros2_ws/install/human_detector:/root/workspaces/ros2_ws/install/ffw_teleop:/root/workspaces/ros2_ws/install/ffw_bringup:/opt/ros/jazzy /usr/bin/cmake --build /root/workspaces/ros2_ws/build/ffw_navigation -- -j4 -l4
[0.930s] Invoking command in '/root/workspaces/ros2_ws/build/ffw_navigation': CMAKE_PREFIX_PATH=${CMAKE_PREFIX_PATH}:/root/workspaces/nawar_project/install/human_detector:/root/workspaces/nawar_project/install/ffw_teleop:/root/workspaces/nawar_project/install/ffw_bringup:/root/workspaces/ros2_ws/install/human_detector:/root/workspaces/ros2_ws/install/ffw_teleop:/root/workspaces/ros2_ws/install/ffw_bringup:/opt/ros/jazzy /usr/bin/cmake --install /root/workspaces/ros2_ws/build/ffw_navigation
[1.104s] -- Install configuration: ""
[1.119s] -- Execute custom install script
[1.167s] -- Up-to-date symlink: /root/workspaces/ros2_ws/install/ffw_navigation/share/ffw_navigation/launch/navigation.launch.py
[1.188s] -- Up-to-date symlink: /root/workspaces/ros2_ws/install/ffw_navigation/share/ffw_navigation/launch/online_sync_launch.py
[1.220s] -- Up-to-date symlink: /root/workspaces/ros2_ws/install/ffw_navigation/share/ffw_navigation/rviz/mapping.rviz
[1.243s] -- Up-to-date symlink: /root/workspaces/ros2_ws/install/ffw_navigation/share/ffw_navigation/rviz/navigation.rviz
[1.253s] -- Up-to-date symlink: /root/workspaces/ros2_ws/install/ffw_navigation/share/ffw_navigation/rviz/navigation.rviz.backup
[1.286s] -- Up-to-date symlink: /root/workspaces/ros2_ws/install/ffw_navigation/share/ffw_navigation/config/bt/nav_modes.xml
[1.297s] -- Up-to-date symlink: /root/workspaces/ros2_ws/install/ffw_navigation/share/ffw_navigation/config/mapper_params_online_sync.yaml
[1.316s] -- Up-to-date symlink: /root/workspaces/ros2_ws/install/ffw_navigation/share/ffw_navigation/config/navigation.yaml
[1.338s] -- Up-to-date symlink: /root/workspaces/ros2_ws/install/ffw_navigation/share/ffw_navigation/config/navigation_mppi.yaml
[1.357s] -- Up-to-date symlink: /root/workspaces/ros2_ws/install/ffw_navigation/share/ffw_navigation/maps/map.pgm
[1.371s] -- Up-to-date symlink: /root/workspaces/ros2_ws/install/ffw_navigation/share/ffw_navigation/maps/map.yaml
[1.402s] -- Up-to-date symlink: /root/workspaces/ros2_ws/install/ffw_navigation/share/ffw_navigation/maps/turtlebot3_world_map.pgm
[1.440s] -- Up-to-date symlink: /root/workspaces/ros2_ws/install/ffw_navigation/share/ffw_navigation/maps/turtlebot3_world_map.yaml
[1.463s] -- Up-to-date symlink: /root/workspaces/ros2_ws/install/ffw_navigation/share/ffw_navigation/environment/library_path.sh
[1.491s] -- Up-to-date symlink: /root/workspaces/ros2_ws/install/ffw_navigation/share/ffw_navigation/environment/library_path.dsv
[1.512s] -- Up-to-date symlink: /root/workspaces/ros2_ws/install/ffw_navigation/share/ament_index/resource_index/package_run_dependencies/ffw_navigation
[1.531s] -- Up-to-date symlink: /root/workspaces/ros2_ws/install/ffw_navigation/share/ament_index/resource_index/parent_prefix_path/ffw_navigation
[1.551s] -- Up-to-date symlink: /root/workspaces/ros2_ws/install/ffw_navigation/share/ffw_navigation/environment/ament_prefix_path.sh
[1.570s] -- Up-to-date symlink: /root/workspaces/ros2_ws/install/ffw_navigation/share/ffw_navigation/environment/ament_prefix_path.dsv
[1.595s] -- Up-to-date symlink: /root/workspaces/ros2_ws/install/ffw_navigation/share/ffw_navigation/environment/path.sh
[1.611s] -- Up-to-date symlink: /root/workspaces/ros2_ws/install/ffw_navigation/share/ffw_navigation/environment/path.dsv
[1.611s] -- Up-to-date symlink: /root/workspaces/ros2_ws/install/ffw_navigation/share/ffw_navigation/local_setup.bash
[1.611s] -- Up-to-date symlink: /root/workspaces/ros2_ws/install/ffw_navigation/share/ffw_navigation/local_setup.sh
[1.611s] -- Up-to-date symlink: /root/workspaces/ros2_ws/install/ffw_navigation/share/ffw_navigation/local_setup.zsh
[1.612s] -- Up-to-date symlink: /root/workspaces/ros2_ws/install/ffw_navigation/share/ffw_navigation/local_setup.dsv
[1.612s] -- Symlinking: /root/workspaces/ros2_ws/install/ffw_navigation/share/ffw_navigation/package.dsv
[1.648s] -- Up-to-date symlink: /root/workspaces/ros2_ws/install/ffw_navigation/share/ament_index/resource_index/packages/ffw_navigation
[1.648s] -- Up-to-date symlink: /root/workspaces/ros2_ws/install/ffw_navigation/share/ffw_navigation/cmake/ament_cmake_export_libraries-extras.cmake
[1.649s] -- Up-to-date symlink: /root/workspaces/ros2_ws/install/ffw_navigation/share/ffw_navigation/cmake/ament_cmake_export_dependencies-extras.cmake
[1.649s] -- Up-to-date symlink: /root/workspaces/ros2_ws/install/ffw_navigation/share/ffw_navigation/cmake/ffw_navigationConfig.cmake
[1.650s] -- Up-to-date symlink: /root/workspaces/ros2_ws/install/ffw_navigation/share/ffw_navigation/cmake/ffw_navigationConfig-version.cmake
[1.650s] -- Up-to-date symlink: /root/workspaces/ros2_ws/install/ffw_navigation/share/ffw_navigation/package.xml
[1.650s] -- Up-to-date: /root/workspaces/ros2_ws/install/ffw_navigation/lib/libis_path_length_under_plugin.so
[1.983s] Invoked command in '/root/workspaces/ros2_ws/build/ffw_navigation' returned '0': CMAKE_PREFIX_PATH=${CMAKE_PREFIX_PATH}:/root/workspaces/nawar_project/install/human_detector:/root/workspaces/nawar_project/install/ffw_teleop:/root/workspaces/nawar_project/install/ffw_bringup:/root/workspaces/ros2_ws/install/human_detector:/root/workspaces/ros2_ws/install/ffw_teleop:/root/workspaces/ros2_ws/install/ffw_bringup:/opt/ros/jazzy /usr/bin/cmake --install /root/workspaces/ros2_ws/build/ffw_navigation
