[7.900s] Invoking command in '/root/workspaces/ros2_ws/src/ai-worker-sim/human_detector': PYTHONPATH=/root/workspaces/ros2_ws/build/human_detector/prefix_override:/usr/lib/python3/dist-packages/colcon_core/task/python/colcon_distutils_commands:/root/workspaces/ros2_ws/install/human_detector/lib/python3.12/site-packages:${PYTHONPATH} /usr/bin/python3 -W ignore:setup.py install is deprecated -W ignore:easy_install command is deprecated setup.py egg_info --egg-base ../../../build/human_detector build --build-base /root/workspaces/ros2_ws/build/human_detector/build install --record /root/workspaces/ros2_ws/build/human_detector/install.log --install-scripts $base/lib/human_detector --single-version-externally-managed install_data
[8.236s] running egg_info
[8.323s] writing ../../../build/human_detector/human_detector.egg-info/PKG-INFO
[8.346s] writing dependency_links to ../../../build/human_detector/human_detector.egg-info/dependency_links.txt
[8.355s] writing entry points to ../../../build/human_detector/human_detector.egg-info/entry_points.txt
[8.371s] writing requirements to ../../../build/human_detector/human_detector.egg-info/requires.txt
[8.397s] writing top-level names to ../../../build/human_detector/human_detector.egg-info/top_level.txt
[8.593s] reading manifest file '../../../build/human_detector/human_detector.egg-info/SOURCES.txt'
[8.627s] writing manifest file '../../../build/human_detector/human_detector.egg-info/SOURCES.txt'
[8.662s] running build
[8.663s] running build_py
[8.663s] copying human_detector/person_detector_node.py -> /root/workspaces/ros2_ws/build/human_detector/build/lib/human_detector
[8.664s] copying human_detector/wave_interact.py -> /root/workspaces/ros2_ws/build/human_detector/build/lib/human_detector
[8.674s] running install
[8.706s] running install_lib
[8.833s] copying /root/workspaces/ros2_ws/build/human_detector/build/lib/human_detector/person_detector_node.py -> /root/workspaces/ros2_ws/install/human_detector/lib/python3.12/site-packages/human_detector
[8.879s] copying /root/workspaces/ros2_ws/build/human_detector/build/lib/human_detector/wave_interact.py -> /root/workspaces/ros2_ws/install/human_detector/lib/python3.12/site-packages/human_detector
[8.917s] byte-compiling /root/workspaces/ros2_ws/install/human_detector/lib/python3.12/site-packages/human_detector/person_detector_node.py to person_detector_node.cpython-312.pyc
[8.947s] byte-compiling /root/workspaces/ros2_ws/install/human_detector/lib/python3.12/site-packages/human_detector/wave_interact.py to wave_interact.cpython-312.pyc
[9.005s] running install_data
[9.005s] copying launch/human_detector.launch.py -> /root/workspaces/ros2_ws/install/human_detector/share/human_detector/launch
[9.030s] running install_egg_info
[9.247s] removing '/root/workspaces/ros2_ws/install/human_detector/lib/python3.12/site-packages/human_detector-0.0.0-py3.12.egg-info' (and everything under it)
[9.298s] Copying ../../../build/human_detector/human_detector.egg-info to /root/workspaces/ros2_ws/install/human_detector/lib/python3.12/site-packages/human_detector-0.0.0-py3.12.egg-info
[9.521s] running install_scripts
[10.104s] Installing person_detector_node script to /root/workspaces/ros2_ws/install/human_detector/lib/human_detector
[10.127s] Installing wave_interact script to /root/workspaces/ros2_ws/install/human_detector/lib/human_detector
[10.153s] writing list of installed files to '/root/workspaces/ros2_ws/build/human_detector/install.log'
[10.233s] Invoked command in '/root/workspaces/ros2_ws/src/ai-worker-sim/human_detector' returned '0': PYTHONPATH=/root/workspaces/ros2_ws/build/human_detector/prefix_override:/usr/lib/python3/dist-packages/colcon_core/task/python/colcon_distutils_commands:/root/workspaces/ros2_ws/install/human_detector/lib/python3.12/site-packages:${PYTHONPATH} /usr/bin/python3 -W ignore:setup.py install is deprecated -W ignore:easy_install command is deprecated setup.py egg_info --egg-base ../../../build/human_detector build --build-base /root/workspaces/ros2_ws/build/human_detector/build install --record /root/workspaces/ros2_ws/build/human_detector/install.log --install-scripts $base/lib/human_detector --single-version-externally-managed install_data
