[1.757s] Invoking command in '/root/workspaces/ros2_ws/src/ai-worker-sim/human_detector': PYTHONPATH=/root/workspaces/ros2_ws/build/human_detector/prefix_override:/usr/lib/python3/dist-packages/colcon_core/task/python/colcon_distutils_commands:/root/workspaces/ros2_ws/install/human_detector/lib/python3.12/site-packages:${PYTHONPATH} /usr/bin/python3 -W ignore:setup.py install is deprecated -W ignore:easy_install command is deprecated setup.py egg_info --egg-base ../../../build/human_detector build --build-base /root/workspaces/ros2_ws/build/human_detector/build install --record /root/workspaces/ros2_ws/build/human_detector/install.log --install-scripts $base/lib/human_detector --single-version-externally-managed install_data
[2.676s] running egg_info
[2.733s] writing ../../../build/human_detector/human_detector.egg-info/PKG-INFO
[2.762s] writing dependency_links to ../../../build/human_detector/human_detector.egg-info/dependency_links.txt
[2.784s] writing entry points to ../../../build/human_detector/human_detector.egg-info/entry_points.txt
[2.802s] writing requirements to ../../../build/human_detector/human_detector.egg-info/requires.txt
[2.818s] writing top-level names to ../../../build/human_detector/human_detector.egg-info/top_level.txt
[2.978s] reading manifest file '../../../build/human_detector/human_detector.egg-info/SOURCES.txt'
[2.988s] writing manifest file '../../../build/human_detector/human_detector.egg-info/SOURCES.txt'
[3.005s] running build
[3.005s] running build_py
[3.015s] copying human_detector/person_detector_node.py -> /root/workspaces/ros2_ws/build/human_detector/build/lib/human_detector
[3.056s] copying human_detector/wave_interact.py -> /root/workspaces/ros2_ws/build/human_detector/build/lib/human_detector
[3.090s] copying human_detector/__init__.py -> /root/workspaces/ros2_ws/build/human_detector/build/lib/human_detector
[3.113s] running install
[3.127s] running install_lib
[3.192s] copying /root/workspaces/ros2_ws/build/human_detector/build/lib/human_detector/person_detector_node.py -> /root/workspaces/ros2_ws/install/human_detector/lib/python3.12/site-packages/human_detector
[3.229s] copying /root/workspaces/ros2_ws/build/human_detector/build/lib/human_detector/wave_interact.py -> /root/workspaces/ros2_ws/install/human_detector/lib/python3.12/site-packages/human_detector
[3.266s] copying /root/workspaces/ros2_ws/build/human_detector/build/lib/human_detector/__init__.py -> /root/workspaces/ros2_ws/install/human_detector/lib/python3.12/site-packages/human_detector
[3.292s] byte-compiling /root/workspaces/ros2_ws/install/human_detector/lib/python3.12/site-packages/human_detector/person_detector_node.py to person_detector_node.cpython-312.pyc
[3.329s] byte-compiling /root/workspaces/ros2_ws/install/human_detector/lib/python3.12/site-packages/human_detector/wave_interact.py to wave_interact.cpython-312.pyc
[3.379s] byte-compiling /root/workspaces/ros2_ws/install/human_detector/lib/python3.12/site-packages/human_detector/__init__.py to __init__.cpython-312.pyc
[3.400s] running install_data
[3.405s] copying resource/human_detector -> /root/workspaces/ros2_ws/install/human_detector/share/ament_index/resource_index/packages
[3.426s] copying package.xml -> /root/workspaces/ros2_ws/install/human_detector/share/human_detector
[3.462s] copying models/yolov4-tiny.cfg -> /root/workspaces/ros2_ws/install/human_detector/share/human_detector/models
[3.497s] copying models/coco.names -> /root/workspaces/ros2_ws/install/human_detector/share/human_detector/models
[3.529s] copying models/yolov4-tiny.weights -> /root/workspaces/ros2_ws/install/human_detector/share/human_detector/models
[3.761s] copying launch/human_detector.launch.py -> /root/workspaces/ros2_ws/install/human_detector/share/human_detector/launch
[3.794s] creating /root/workspaces/ros2_ws/install/human_detector/share/human_detector/config
[3.803s] running install_egg_info
[3.870s] removing '/root/workspaces/ros2_ws/install/human_detector/lib/python3.12/site-packages/human_detector-0.0.0-py3.12.egg-info' (and everything under it)
[3.915s] Copying ../../../build/human_detector/human_detector.egg-info to /root/workspaces/ros2_ws/install/human_detector/lib/python3.12/site-packages/human_detector-0.0.0-py3.12.egg-info
[4.134s] running install_scripts
[4.746s] Installing person_detector_node script to /root/workspaces/ros2_ws/install/human_detector/lib/human_detector
[4.769s] Installing wave_interact script to /root/workspaces/ros2_ws/install/human_detector/lib/human_detector
[4.790s] writing list of installed files to '/root/workspaces/ros2_ws/build/human_detector/install.log'
[4.997s] Invoked command in '/root/workspaces/ros2_ws/src/ai-worker-sim/human_detector' returned '0': PYTHONPATH=/root/workspaces/ros2_ws/build/human_detector/prefix_override:/usr/lib/python3/dist-packages/colcon_core/task/python/colcon_distutils_commands:/root/workspaces/ros2_ws/install/human_detector/lib/python3.12/site-packages:${PYTHONPATH} /usr/bin/python3 -W ignore:setup.py install is deprecated -W ignore:easy_install command is deprecated setup.py egg_info --egg-base ../../../build/human_detector build --build-base /root/workspaces/ros2_ws/build/human_detector/build install --record /root/workspaces/ros2_ws/build/human_detector/install.log --install-scripts $base/lib/human_detector --single-version-externally-managed install_data
