[0.986s] Invoking command in '/root/workspaces/ros2_ws/build/library_world': CMAKE_PREFIX_PATH=${CMAKE_PREFIX_PATH}:/opt/ros/jazzy /usr/bin/cmake --build /root/workspaces/ros2_ws/build/library_world -- -j4 -l4
[1.080s] Invoked command in '/root/workspaces/ros2_ws/build/library_world' returned '0': CMAKE_PREFIX_PATH=${CMAKE_PREFIX_PATH}:/opt/ros/jazzy /usr/bin/cmake --build /root/workspaces/ros2_ws/build/library_world -- -j4 -l4
[1.095s] Invoking command in '/root/workspaces/ros2_ws/build/library_world': CMAKE_PREFIX_PATH=${CMAKE_PREFIX_PATH}:/opt/ros/jazzy /usr/bin/cmake --install /root/workspaces/ros2_ws/build/library_world
[1.150s] -- Install configuration: ""
[1.150s] -- Up-to-date: /root/workspaces/ros2_ws/install/library_world/share/library_world//launch
[1.159s] -- Up-to-date: /root/workspaces/ros2_ws/install/library_world/share/library_world//launch/library_world_launch.py
[1.163s] -- Up-to-date: /root/workspaces/ros2_ws/install/library_world/share/library_world//world
[1.183s] -- Up-to-date: /root/workspaces/ros2_ws/install/library_world/share/library_world//world/library.sdf
[1.205s] -- Up-to-date: /root/workspaces/ros2_ws/install/library_world/share/library_world//models
[1.229s] -- Up-to-date: /root/workspaces/ros2_ws/install/library_world/share/library_world//models/bookshelf_d
[1.250s] -- Up-to-date: /root/workspaces/ros2_ws/install/library_world/share/library_world//models/bookshelf_d/model.sdf
[1.263s] -- Up-to-date: /root/workspaces/ros2_ws/install/library_world/share/library_world//models/bookshelf_d/materials
[1.284s] -- Up-to-date: /root/workspaces/ros2_ws/install/library_world/share/library_world//models/bookshelf_d/materials/textures
[1.314s] -- Up-to-date: /root/workspaces/ros2_ws/install/library_world/share/library_world//models/bookshelf_d/materials/textures/aws_BookshelfB_01.png
[1.333s] -- Up-to-date: /root/workspaces/ros2_ws/install/library_world/share/library_world//models/bookshelf_d/materials/textures/aws_BookshelfB_02.png
[1.337s] -- Up-to-date: /root/workspaces/ros2_ws/install/library_world/share/library_world//models/bookshelf_d/model.config
[1.383s] -- Up-to-date: /root/workspaces/ros2_ws/install/library_world/share/library_world//models/bookshelf_d/meshes
[1.418s] -- Up-to-date: /root/workspaces/ros2_ws/install/library_world/share/library_world//models/bookshelf_d/meshes/SHELVES.dae
[1.447s] -- Up-to-date: /root/workspaces/ros2_ws/install/library_world/share/library_world//models/floor
[1.461s] -- Up-to-date: /root/workspaces/ros2_ws/install/library_world/share/library_world//models/floor/model.sdf
[1.492s] -- Up-to-date: /root/workspaces/ros2_ws/install/library_world/share/library_world//models/floor/materials
[1.536s] -- Up-to-date: /root/workspaces/ros2_ws/install/library_world/share/library_world//models/floor/materials/textures
[1.549s] -- Up-to-date: /root/workspaces/ros2_ws/install/library_world/share/library_world//models/floor/materials/textures/aws_FloorB_01.png
[1.580s] -- Up-to-date: /root/workspaces/ros2_ws/install/library_world/share/library_world//models/floor/model.config
[1.594s] -- Up-to-date: /root/workspaces/ros2_ws/install/library_world/share/library_world//models/floor/meshes
[1.626s] -- Up-to-date: /root/workspaces/ros2_ws/install/library_world/share/library_world//models/floor/meshes/floor_collision.DAE
[1.670s] -- Up-to-date: /root/workspaces/ros2_ws/install/library_world/share/library_world//models/floor/meshes/floor_visual.DAE
[1.684s] -- Up-to-date: /root/workspaces/ros2_ws/install/library_world/share/library_world//models/bookshelf_b
[1.688s] -- Up-to-date: /root/workspaces/ros2_ws/install/library_world/share/library_world//models/bookshelf_b/model.sdf
[1.722s] -- Up-to-date: /root/workspaces/ros2_ws/install/library_world/share/library_world//models/bookshelf_b/materials
[1.736s] -- Up-to-date: /root/workspaces/ros2_ws/install/library_world/share/library_world//models/bookshelf_b/materials/textures
[1.741s] -- Up-to-date: /root/workspaces/ros2_ws/install/library_world/share/library_world//models/bookshelf_b/materials/textures/aws_BookshelfA_02.png
[1.767s] -- Up-to-date: /root/workspaces/ros2_ws/install/library_world/share/library_world//models/bookshelf_b/materials/textures/aws_BookshelfA_03.png
[1.812s] -- Up-to-date: /root/workspaces/ros2_ws/install/library_world/share/library_world//models/bookshelf_b/materials/textures/aws_BookshelfA_01.png
[1.813s] -- Up-to-date: /root/workspaces/ros2_ws/install/library_world/share/library_world//models/bookshelf_b/model.config
[1.859s] -- Up-to-date: /root/workspaces/ros2_ws/install/library_world/share/library_world//models/bookshelf_b/meshes
[1.901s] -- Up-to-date: /root/workspaces/ros2_ws/install/library_world/share/library_world//models/bookshelf_b/meshes/bookshelfb_collision.DAE
[1.943s] -- Up-to-date: /root/workspaces/ros2_ws/install/library_world/share/library_world//models/bookshelf_b/meshes/bookshelfb_visual.DAE
[1.970s] -- Up-to-date: /root/workspaces/ros2_ws/install/library_world/share/library_world//models/bookshelf_e
[1.987s] -- Up-to-date: /root/workspaces/ros2_ws/install/library_world/share/library_world//models/bookshelf_e/model.sdf
[2.022s] -- Up-to-date: /root/workspaces/ros2_ws/install/library_world/share/library_world//models/bookshelf_e/materials
[2.048s] -- Up-to-date: /root/workspaces/ros2_ws/install/library_world/share/library_world//models/bookshelf_e/materials/textures
[2.102s] -- Up-to-date: /root/workspaces/ros2_ws/install/library_world/share/library_world//models/bookshelf_e/materials/textures/aws_BookshelfC_01.png
[2.127s] -- Up-to-date: /root/workspaces/ros2_ws/install/library_world/share/library_world//models/bookshelf_e/model.config
[2.156s] -- Up-to-date: /root/workspaces/ros2_ws/install/library_world/share/library_world//models/bookshelf_e/meshes
[2.200s] -- Up-to-date: /root/workspaces/ros2_ws/install/library_world/share/library_world//models/bookshelf_e/meshes/bookshelfe_collision.DAE
[2.244s] -- Up-to-date: /root/workspaces/ros2_ws/install/library_world/share/library_world//models/bookshelf_e/meshes/bookshelfe_visual.DAE
[2.263s] -- Up-to-date: /root/workspaces/ros2_ws/install/library_world/share/library_world//models/etgah_logo
[2.267s] -- Up-to-date: /root/workspaces/ros2_ws/install/library_world/share/library_world//models/etgah_logo/model.sdf
[2.272s] -- Up-to-date: /root/workspaces/ros2_ws/install/library_world/share/library_world//models/etgah_logo/materials
[2.285s] -- Up-to-date: /root/workspaces/ros2_ws/install/library_world/share/library_world//models/etgah_logo/materials/textures
[2.317s] -- Up-to-date: /root/workspaces/ros2_ws/install/library_world/share/library_world//models/etgah_logo/materials/textures/logo.png
[2.361s] -- Up-to-date: /root/workspaces/ros2_ws/install/library_world/share/library_world//models/etgah_logo/model.config
[2.376s] -- Up-to-date: /root/workspaces/ros2_ws/install/library_world/share/library_world//models/sofa
[2.410s] -- Up-to-date: /root/workspaces/ros2_ws/install/library_world/share/library_world//models/sofa/model.sdf
[2.449s] -- Up-to-date: /root/workspaces/ros2_ws/install/library_world/share/library_world//models/sofa/materials
[2.497s] -- Up-to-date: /root/workspaces/ros2_ws/install/library_world/share/library_world//models/sofa/materials/textures
[2.506s] -- Up-to-date: /root/workspaces/ros2_ws/install/library_world/share/library_world//models/sofa/materials/textures/Wood1.jpg
[2.555s] -- Up-to-date: /root/workspaces/ros2_ws/install/library_world/share/library_world//models/sofa/materials/textures/Wood_Fine_AI_03-CW.jpg
[2.569s] -- Up-to-date: /root/workspaces/ros2_ws/install/library_world/share/library_world//models/sofa/model.config
[2.600s] -- Up-to-date: /root/workspaces/ros2_ws/install/library_world/share/library_world//models/sofa/meshes
[2.604s] -- Up-to-date: /root/workspaces/ros2_ws/install/library_world/share/library_world//models/sofa/meshes/Sofa3
[2.604s] -- Up-to-date: /root/workspaces/ros2_ws/install/library_world/share/library_world//models/sofa/meshes/Sofa3/Wood1.jpg
[2.627s] -- Up-to-date: /root/workspaces/ros2_ws/install/library_world/share/library_world//models/sofa/meshes/Sofa3/Wood_Fine_AI_03-CW.jpg
[2.628s] -- Up-to-date: /root/workspaces/ros2_ws/install/library_world/share/library_world//models/sofa/meshes/sofa.dae
[2.628s] -- Up-to-date: /root/workspaces/ros2_ws/install/library_world/share/library_world//models/bookshelf
[2.628s] -- Up-to-date: /root/workspaces/ros2_ws/install/library_world/share/library_world//models/bookshelf/model.sdf
[2.628s] -- Up-to-date: /root/workspaces/ros2_ws/install/library_world/share/library_world//models/bookshelf/materials
[2.629s] -- Up-to-date: /root/workspaces/ros2_ws/install/library_world/share/library_world//models/bookshelf/materials/textures
[2.629s] -- Up-to-date: /root/workspaces/ros2_ws/install/library_world/share/library_world//models/bookshelf/materials/textures/aws_BookshelfB_01.png
[2.629s] -- Up-to-date: /root/workspaces/ros2_ws/install/library_world/share/library_world//models/bookshelf/materials/textures/aws_BookshelfB_02.png
[2.629s] -- Up-to-date: /root/workspaces/ros2_ws/install/library_world/share/library_world//models/bookshelf/model.config
[2.630s] -- Up-to-date: /root/workspaces/ros2_ws/install/library_world/share/library_world//models/bookshelf/meshes
[2.630s] -- Up-to-date: /root/workspaces/ros2_ws/install/library_world/share/library_world//models/bookshelf/meshes/bookshelf_collision.DAE
[2.630s] -- Up-to-date: /root/workspaces/ros2_ws/install/library_world/share/library_world//models/bookshelf/meshes/bookshelf_visual.DAE
[2.630s] -- Up-to-date: /root/workspaces/ros2_ws/install/library_world/share/library_world//models/house_wall
[2.631s] -- Up-to-date: /root/workspaces/ros2_ws/install/library_world/share/library_world//models/house_wall/model.sdf
[2.631s] -- Up-to-date: /root/workspaces/ros2_ws/install/library_world/share/library_world//models/house_wall/materials
[2.631s] -- Up-to-date: /root/workspaces/ros2_ws/install/library_world/share/library_world//models/house_wall/materials/textures
[2.631s] -- Up-to-date: /root/workspaces/ros2_ws/install/library_world/share/library_world//models/house_wall/materials/textures/aws_HouseWallB_01.png
[2.631s] -- Up-to-date: /root/workspaces/ros2_ws/install/library_world/share/library_world//models/house_wall/model.config
[2.631s] -- Up-to-date: /root/workspaces/ros2_ws/install/library_world/share/library_world//models/house_wall/meshes
[2.631s] -- Up-to-date: /root/workspaces/ros2_ws/install/library_world/share/library_world//models/house_wall/meshes/house_wall_collision.DAE
[2.632s] -- Up-to-date: /root/workspaces/ros2_ws/install/library_world/share/library_world//models/house_wall/meshes/house_wall_visual.DAE
[2.632s] -- Up-to-date: /root/workspaces/ros2_ws/install/library_world/share/library_world//models/book
[2.632s] -- Up-to-date: /root/workspaces/ros2_ws/install/library_world/share/library_world//models/book/model.sdf
[2.632s] -- Up-to-date: /root/workspaces/ros2_ws/install/library_world/share/library_world//models/book/materials
[2.632s] -- Up-to-date: /root/workspaces/ros2_ws/install/library_world/share/library_world//models/book/materials/textures
[2.632s] -- Up-to-date: /root/workspaces/ros2_ws/install/library_world/share/library_world//models/book/materials/textures/aws_BookD_01.png
[2.633s] -- Up-to-date: /root/workspaces/ros2_ws/install/library_world/share/library_world//models/book/model.config
[2.633s] -- Up-to-date: /root/workspaces/ros2_ws/install/library_world/share/library_world//models/book/meshes
[2.633s] -- Up-to-date: /root/workspaces/ros2_ws/install/library_world/share/library_world//models/book/meshes/book_visual.DAE
[2.633s] -- Up-to-date: /root/workspaces/ros2_ws/install/library_world/share/library_world//models/book/meshes/book_collision.DAE
[2.633s] -- Up-to-date: /root/workspaces/ros2_ws/install/library_world/share/library_world//models/bookcase
[2.634s] -- Up-to-date: /root/workspaces/ros2_ws/install/library_world/share/library_world//models/bookcase/model.sdf
[2.634s] -- Up-to-date: /root/workspaces/ros2_ws/install/library_world/share/library_world//models/bookcase/model.config
[2.634s] -- Up-to-date: /root/workspaces/ros2_ws/install/library_world/share/library_world//models/bookcase/meshes
[2.684s] -- Up-to-date: /root/workspaces/ros2_ws/install/library_world/share/library_world//models/bookcase/meshes/bookcase.dae
[2.684s] -- Up-to-date: /root/workspaces/ros2_ws/install/library_world/share/library_world//models/desk
[2.684s] -- Up-to-date: /root/workspaces/ros2_ws/install/library_world/share/library_world//models/desk/model.sdf
[2.685s] -- Up-to-date: /root/workspaces/ros2_ws/install/library_world/share/library_world//models/desk/materials
[2.685s] -- Up-to-date: /root/workspaces/ros2_ws/install/library_world/share/library_world//models/desk/materials/textures
[2.729s] -- Up-to-date: /root/workspaces/ros2_ws/install/library_world/share/library_world//models/desk/materials/textures/aws_DeskB_01.png
[2.733s] -- Up-to-date: /root/workspaces/ros2_ws/install/library_world/share/library_world//models/desk/model.config
[2.733s] -- Up-to-date: /root/workspaces/ros2_ws/install/library_world/share/library_world//models/desk/meshes
[2.734s] -- Up-to-date: /root/workspaces/ros2_ws/install/library_world/share/library_world//models/desk/meshes/desk_visual.DAE
[2.734s] -- Up-to-date: /root/workspaces/ros2_ws/install/library_world/share/library_world//models/desk/meshes/desk_collision.DAE
[2.734s] -- Up-to-date: /root/workspaces/ros2_ws/install/library_world/share/library_world//models/chair
[2.734s] -- Up-to-date: /root/workspaces/ros2_ws/install/library_world/share/library_world//models/chair/model.sdf
[2.743s] -- Up-to-date: /root/workspaces/ros2_ws/install/library_world/share/library_world//models/chair/materials
[2.743s] -- Up-to-date: /root/workspaces/ros2_ws/install/library_world/share/library_world//models/chair/materials/textures
[2.743s] -- Up-to-date: /root/workspaces/ros2_ws/install/library_world/share/library_world//models/chair/materials/textures/aws_ChairB_01.png
[2.743s] -- Up-to-date: /root/workspaces/ros2_ws/install/library_world/share/library_world//models/chair/model.config
[2.743s] -- Up-to-date: /root/workspaces/ros2_ws/install/library_world/share/library_world//models/chair/meshes
[2.743s] -- Up-to-date: /root/workspaces/ros2_ws/install/library_world/share/library_world//models/chair/meshes/chair_visual.DAE
[2.743s] -- Up-to-date: /root/workspaces/ros2_ws/install/library_world/share/library_world//models/chair/meshes/chair_collision.DAE
[2.743s] -- Up-to-date: /root/workspaces/ros2_ws/install/library_world/share/library_world//models/bookshelf_c
[2.743s] -- Up-to-date: /root/workspaces/ros2_ws/install/library_world/share/library_world//models/bookshelf_c/model.sdf
[2.744s] -- Up-to-date: /root/workspaces/ros2_ws/install/library_world/share/library_world//models/bookshelf_c/materials
[2.744s] -- Up-to-date: /root/workspaces/ros2_ws/install/library_world/share/library_world//models/bookshelf_c/materials/textures
[2.744s] -- Up-to-date: /root/workspaces/ros2_ws/install/library_world/share/library_world//models/bookshelf_c/materials/textures/aws_DeskA_02.png
[2.744s] -- Up-to-date: /root/workspaces/ros2_ws/install/library_world/share/library_world//models/bookshelf_c/materials/textures/aws_DeskA_01.png
[2.744s] -- Up-to-date: /root/workspaces/ros2_ws/install/library_world/share/library_world//models/bookshelf_c/materials/textures/aws_DeskA_03.png
[2.744s] -- Up-to-date: /root/workspaces/ros2_ws/install/library_world/share/library_world//models/bookshelf_c/model.config
[2.744s] -- Up-to-date: /root/workspaces/ros2_ws/install/library_world/share/library_world//models/bookshelf_c/meshes
[2.744s] -- Up-to-date: /root/workspaces/ros2_ws/install/library_world/share/library_world//models/bookshelf_c/meshes/aws_DeskA_01_collision.DAE
[2.744s] -- Up-to-date: /root/workspaces/ros2_ws/install/library_world/share/library_world//models/bookshelf_c/meshes/aws_DeskA_01_visual.DAE
[2.744s] -- Up-to-date: /root/workspaces/ros2_ws/install/library_world/share/ament_index/resource_index/package_run_dependencies/library_world
[2.744s] -- Up-to-date: /root/workspaces/ros2_ws/install/library_world/share/ament_index/resource_index/parent_prefix_path/library_world
[2.744s] -- Up-to-date: /root/workspaces/ros2_ws/install/library_world/share/library_world/environment/ament_prefix_path.sh
[2.744s] -- Up-to-date: /root/workspaces/ros2_ws/install/library_world/share/library_world/environment/ament_prefix_path.dsv
[2.744s] -- Up-to-date: /root/workspaces/ros2_ws/install/library_world/share/library_world/environment/path.sh
[2.745s] -- Up-to-date: /root/workspaces/ros2_ws/install/library_world/share/library_world/environment/path.dsv
[2.745s] -- Up-to-date: /root/workspaces/ros2_ws/install/library_world/share/library_world/local_setup.bash
[2.745s] -- Up-to-date: /root/workspaces/ros2_ws/install/library_world/share/library_world/local_setup.sh
[2.745s] -- Up-to-date: /root/workspaces/ros2_ws/install/library_world/share/library_world/local_setup.zsh
[2.745s] -- Up-to-date: /root/workspaces/ros2_ws/install/library_world/share/library_world/local_setup.dsv
[2.745s] -- Installing: /root/workspaces/ros2_ws/install/library_world/share/library_world/package.dsv
[2.745s] -- Up-to-date: /root/workspaces/ros2_ws/install/library_world/share/ament_index/resource_index/packages/library_world
[2.745s] -- Up-to-date: /root/workspaces/ros2_ws/install/library_world/share/library_world/cmake/library_worldConfig.cmake
[2.745s] -- Up-to-date: /root/workspaces/ros2_ws/install/library_world/share/library_world/cmake/library_worldConfig-version.cmake
[2.745s] -- Up-to-date: /root/workspaces/ros2_ws/install/library_world/share/library_world/package.xml
[2.776s] Invoked command in '/root/workspaces/ros2_ws/build/library_world' returned '0': CMAKE_PREFIX_PATH=${CMAKE_PREFIX_PATH}:/opt/ros/jazzy /usr/bin/cmake --install /root/workspaces/ros2_ws/build/library_world
