[2.777s] Invoking command in '/root/workspaces/ros2_ws/src/ai-worker-sim/ffw_bringup': AMENT_PREFIX_PATH=/root/workspaces/ros2_ws/install/ffw_description:${AMENT_PREFIX_PATH} CMAKE_PREFIX_PATH=/root/workspaces/ros2_ws/install/ffw_description:${CMAKE_PREFIX_PATH} PYTHONPATH=/root/workspaces/ros2_ws/build/ffw_bringup/prefix_override:/usr/lib/python3/dist-packages/colcon_core/task/python/colcon_distutils_commands:/root/workspaces/ros2_ws/install/ffw_bringup/lib/python3.12/site-packages:${PYTHONPATH} /usr/bin/python3 -W ignore:setup.py install is deprecated -W ignore:easy_install command is deprecated setup.py egg_info --egg-base ../../../build/ffw_bringup build --build-base /root/workspaces/ros2_ws/build/ffw_bringup/build install --record /root/workspaces/ros2_ws/build/ffw_bringup/install.log --install-scripts $base/lib/ffw_bringup --single-version-externally-managed install_data
[3.617s] running egg_info
[3.673s] writing ../../../build/ffw_bringup/ffw_bringup.egg-info/PKG-INFO
[3.674s] writing dependency_links to ../../../build/ffw_bringup/ffw_bringup.egg-info/dependency_links.txt
[3.674s] writing entry points to ../../../build/ffw_bringup/ffw_bringup.egg-info/entry_points.txt
[3.674s] writing requirements to ../../../build/ffw_bringup/ffw_bringup.egg-info/requires.txt
[3.674s] writing top-level names to ../../../build/ffw_bringup/ffw_bringup.egg-info/top_level.txt
[3.766s] reading manifest file '../../../build/ffw_bringup/ffw_bringup.egg-info/SOURCES.txt'
[3.777s] writing manifest file '../../../build/ffw_bringup/ffw_bringup.egg-info/SOURCES.txt'
[3.790s] running build
[3.799s] running build_py
[3.803s] running install
[3.808s] running install_lib
[3.865s] running install_data
[3.884s] running install_egg_info
[3.986s] removing '/root/workspaces/ros2_ws/install/ffw_bringup/lib/python3.12/site-packages/ffw_bringup-1.2.0-py3.12.egg-info' (and everything under it)
[4.027s] Copying ../../../build/ffw_bringup/ffw_bringup.egg-info to /root/workspaces/ros2_ws/install/ffw_bringup/lib/python3.12/site-packages/ffw_bringup-1.2.0-py3.12.egg-info
[4.141s] running install_scripts
[4.141s] Installing head_eef_tracker script to /root/workspaces/ros2_ws/install/ffw_bringup/lib/ffw_bringup
[4.141s] Installing joint_trajectory_executor script to /root/workspaces/ros2_ws/install/ffw_bringup/lib/ffw_bringup
[4.141s] writing list of installed files to '/root/workspaces/ros2_ws/build/ffw_bringup/install.log'
[4.187s] Invoked command in '/root/workspaces/ros2_ws/src/ai-worker-sim/ffw_bringup' returned '0': AMENT_PREFIX_PATH=/root/workspaces/ros2_ws/install/ffw_description:${AMENT_PREFIX_PATH} CMAKE_PREFIX_PATH=/root/workspaces/ros2_ws/install/ffw_description:${CMAKE_PREFIX_PATH} PYTHONPATH=/root/workspaces/ros2_ws/build/ffw_bringup/prefix_override:/usr/lib/python3/dist-packages/colcon_core/task/python/colcon_distutils_commands:/root/workspaces/ros2_ws/install/ffw_bringup/lib/python3.12/site-packages:${PYTHONPATH} /usr/bin/python3 -W ignore:setup.py install is deprecated -W ignore:easy_install command is deprecated setup.py egg_info --egg-base ../../../build/ffw_bringup build --build-base /root/workspaces/ros2_ws/build/ffw_bringup/build install --record /root/workspaces/ros2_ws/build/ffw_bringup/install.log --install-scripts $base/lib/ffw_bringup --single-version-externally-managed install_data
