[0.217s] Invoking command in '/root/workspaces/ros2_ws/build/ffw_navigation': CMAKE_PREFIX_PATH=${CMAKE_PREFIX_PATH}:/root/workspaces/ros2_ws/install/human_detector:/root/workspaces/ros2_ws/install/ffw_teleop:/root/workspaces/ros2_ws/install/ffw_bringup:/opt/ros/jazzy /usr/bin/cmake --build /root/workspaces/ros2_ws/build/ffw_navigation -- -j4 -l4
[0.414s] [100%] Built target is_path_length_under_plugin
[0.467s] Invoked command in '/root/workspaces/ros2_ws/build/ffw_navigation' returned '0': CMAKE_PREFIX_PATH=${CMAKE_PREFIX_PATH}:/root/workspaces/ros2_ws/install/human_detector:/root/workspaces/ros2_ws/install/ffw_teleop:/root/workspaces/ros2_ws/install/ffw_bringup:/opt/ros/jazzy /usr/bin/cmake --build /root/workspaces/ros2_ws/build/ffw_navigation -- -j4 -l4
[0.506s] Invoking command in '/root/workspaces/ros2_ws/build/ffw_navigation': CMAKE_PREFIX_PATH=${CMAKE_PREFIX_PATH}:/root/workspaces/ros2_ws/install/human_detector:/root/workspaces/ros2_ws/install/ffw_teleop:/root/workspaces/ros2_ws/install/ffw_bringup:/opt/ros/jazzy /usr/bin/cmake --install /root/workspaces/ros2_ws/build/ffw_navigation
[0.575s] -- Install configuration: ""
[0.591s] -- Execute custom install script
[0.603s] -- Up-to-date symlink: /root/workspaces/ros2_ws/install/ffw_navigation/share/ffw_navigation/launch/navigation.launch.py
[0.620s] -- Up-to-date symlink: /root/workspaces/ros2_ws/install/ffw_navigation/share/ffw_navigation/launch/online_sync_launch.py
[0.635s] -- Up-to-date symlink: /root/workspaces/ros2_ws/install/ffw_navigation/share/ffw_navigation/rviz/mapping.rviz
[0.642s] -- Up-to-date symlink: /root/workspaces/ros2_ws/install/ffw_navigation/share/ffw_navigation/rviz/navigation.rviz
[0.642s] -- Up-to-date symlink: /root/workspaces/ros2_ws/install/ffw_navigation/share/ffw_navigation/rviz/navigation.rviz.backup
[0.642s] -- Up-to-date symlink: /root/workspaces/ros2_ws/install/ffw_navigation/share/ffw_navigation/config/bt/nav_modes.xml
[0.659s] -- Up-to-date symlink: /root/workspaces/ros2_ws/install/ffw_navigation/share/ffw_navigation/config/mapper_params_online_sync.yaml
[0.668s] -- Up-to-date symlink: /root/workspaces/ros2_ws/install/ffw_navigation/share/ffw_navigation/config/navigation.yaml
[0.668s] -- Up-to-date symlink: /root/workspaces/ros2_ws/install/ffw_navigation/share/ffw_navigation/config/navigation_mppi.yaml
[0.681s] -- Up-to-date symlink: /root/workspaces/ros2_ws/install/ffw_navigation/share/ffw_navigation/maps/map.pgm
[0.696s] -- Up-to-date symlink: /root/workspaces/ros2_ws/install/ffw_navigation/share/ffw_navigation/maps/map.yaml
[0.720s] -- Up-to-date symlink: /root/workspaces/ros2_ws/install/ffw_navigation/share/ffw_navigation/maps/turtlebot3_world_map.pgm
[0.735s] -- Up-to-date symlink: /root/workspaces/ros2_ws/install/ffw_navigation/share/ffw_navigation/maps/turtlebot3_world_map.yaml
[0.740s] -- Up-to-date symlink: /root/workspaces/ros2_ws/install/ffw_navigation/share/ffw_navigation/environment/library_path.sh
[0.740s] -- Up-to-date symlink: /root/workspaces/ros2_ws/install/ffw_navigation/share/ffw_navigation/environment/library_path.dsv
[0.740s] -- Up-to-date symlink: /root/workspaces/ros2_ws/install/ffw_navigation/share/ament_index/resource_index/package_run_dependencies/ffw_navigation
[0.740s] -- Up-to-date symlink: /root/workspaces/ros2_ws/install/ffw_navigation/share/ament_index/resource_index/parent_prefix_path/ffw_navigation
[0.741s] -- Up-to-date symlink: /root/workspaces/ros2_ws/install/ffw_navigation/share/ffw_navigation/environment/ament_prefix_path.sh
[0.751s] -- Up-to-date symlink: /root/workspaces/ros2_ws/install/ffw_navigation/share/ffw_navigation/environment/ament_prefix_path.dsv
[0.775s] -- Up-to-date symlink: /root/workspaces/ros2_ws/install/ffw_navigation/share/ffw_navigation/environment/path.sh
[0.779s] -- Up-to-date symlink: /root/workspaces/ros2_ws/install/ffw_navigation/share/ffw_navigation/environment/path.dsv
[0.779s] -- Up-to-date symlink: /root/workspaces/ros2_ws/install/ffw_navigation/share/ffw_navigation/local_setup.bash
[0.779s] -- Up-to-date symlink: /root/workspaces/ros2_ws/install/ffw_navigation/share/ffw_navigation/local_setup.sh
[0.779s] -- Up-to-date symlink: /root/workspaces/ros2_ws/install/ffw_navigation/share/ffw_navigation/local_setup.zsh
[0.791s] -- Up-to-date symlink: /root/workspaces/ros2_ws/install/ffw_navigation/share/ffw_navigation/local_setup.dsv
[0.809s] -- Symlinking: /root/workspaces/ros2_ws/install/ffw_navigation/share/ffw_navigation/package.dsv
[0.856s] -- Up-to-date symlink: /root/workspaces/ros2_ws/install/ffw_navigation/share/ament_index/resource_index/packages/ffw_navigation
[0.864s] -- Up-to-date symlink: /root/workspaces/ros2_ws/install/ffw_navigation/share/ffw_navigation/cmake/ament_cmake_export_libraries-extras.cmake
[0.872s] -- Up-to-date symlink: /root/workspaces/ros2_ws/install/ffw_navigation/share/ffw_navigation/cmake/ament_cmake_export_dependencies-extras.cmake
[0.891s] -- Up-to-date symlink: /root/workspaces/ros2_ws/install/ffw_navigation/share/ffw_navigation/cmake/ffw_navigationConfig.cmake
[0.908s] -- Up-to-date symlink: /root/workspaces/ros2_ws/install/ffw_navigation/share/ffw_navigation/cmake/ffw_navigationConfig-version.cmake
[0.925s] -- Up-to-date symlink: /root/workspaces/ros2_ws/install/ffw_navigation/share/ffw_navigation/package.xml
[0.943s] -- Up-to-date: /root/workspaces/ros2_ws/install/ffw_navigation/lib/libis_path_length_under_plugin.so
[0.952s] Invoked command in '/root/workspaces/ros2_ws/build/ffw_navigation' returned '0': CMAKE_PREFIX_PATH=${CMAKE_PREFIX_PATH}:/root/workspaces/ros2_ws/install/human_detector:/root/workspaces/ros2_ws/install/ffw_teleop:/root/workspaces/ros2_ws/install/ffw_bringup:/opt/ros/jazzy /usr/bin/cmake --install /root/workspaces/ros2_ws/build/ffw_navigation
