[4.548s] Invoking command in '/root/workspaces/ros2_ws/src/ai-worker-sim/human_detector': PYTHONPATH=/root/workspaces/ros2_ws/build/human_detector/prefix_override:/usr/lib/python3/dist-packages/colcon_core/task/python/colcon_distutils_commands:/root/workspaces/ros2_ws/install/human_detector/lib/python3.12/site-packages:${PYTHONPATH} /usr/bin/python3 -W ignore:setup.py install is deprecated -W ignore:easy_install command is deprecated setup.py egg_info --egg-base ../../../build/human_detector build --build-base /root/workspaces/ros2_ws/build/human_detector/build install --record /root/workspaces/ros2_ws/build/human_detector/install.log --install-scripts $base/lib/human_detector --single-version-externally-managed install_data
[5.461s] running egg_info
[5.536s] writing ../../../build/human_detector/human_detector.egg-info/PKG-INFO
[5.562s] writing dependency_links to ../../../build/human_detector/human_detector.egg-info/dependency_links.txt
[5.576s] writing entry points to ../../../build/human_detector/human_detector.egg-info/entry_points.txt
[5.598s] writing requirements to ../../../build/human_detector/human_detector.egg-info/requires.txt
[5.616s] writing top-level names to ../../../build/human_detector/human_detector.egg-info/top_level.txt
[5.751s] reading manifest file '../../../build/human_detector/human_detector.egg-info/SOURCES.txt'
[5.777s] writing manifest file '../../../build/human_detector/human_detector.egg-info/SOURCES.txt'
[5.830s] running build
[5.847s] running build_py
[5.876s] copying human_detector/wave_interact.py -> /root/workspaces/ros2_ws/build/human_detector/build/lib/human_detector
[5.906s] running install
[5.926s] running install_lib
[5.967s] copying /root/workspaces/ros2_ws/build/human_detector/build/lib/human_detector/wave_interact.py -> /root/workspaces/ros2_ws/install/human_detector/lib/python3.12/site-packages/human_detector
[6.009s] byte-compiling /root/workspaces/ros2_ws/install/human_detector/lib/python3.12/site-packages/human_detector/wave_interact.py to wave_interact.cpython-312.pyc
[6.025s] running install_data
[6.038s] running install_egg_info
[6.038s] removing '/root/workspaces/ros2_ws/install/human_detector/lib/python3.12/site-packages/human_detector-0.0.0-py3.12.egg-info' (and everything under it)
[6.051s] Copying ../../../build/human_detector/human_detector.egg-info to /root/workspaces/ros2_ws/install/human_detector/lib/python3.12/site-packages/human_detector-0.0.0-py3.12.egg-info
[6.220s] running install_scripts
[6.603s] Installing person_detector_node script to /root/workspaces/ros2_ws/install/human_detector/lib/human_detector
[6.622s] Installing wave_interact script to /root/workspaces/ros2_ws/install/human_detector/lib/human_detector
[6.643s] writing list of installed files to '/root/workspaces/ros2_ws/build/human_detector/install.log'
[6.689s] Invoked command in '/root/workspaces/ros2_ws/src/ai-worker-sim/human_detector' returned '0': PYTHONPATH=/root/workspaces/ros2_ws/build/human_detector/prefix_override:/usr/lib/python3/dist-packages/colcon_core/task/python/colcon_distutils_commands:/root/workspaces/ros2_ws/install/human_detector/lib/python3.12/site-packages:${PYTHONPATH} /usr/bin/python3 -W ignore:setup.py install is deprecated -W ignore:easy_install command is deprecated setup.py egg_info --egg-base ../../../build/human_detector build --build-base /root/workspaces/ros2_ws/build/human_detector/build install --record /root/workspaces/ros2_ws/build/human_detector/install.log --install-scripts $base/lib/human_detector --single-version-externally-managed install_data
