[3.910s] Invoking command in '/root/workspaces/ros2_ws/src/ai-worker-sim/human_detector': PYTHONPATH=/root/workspaces/ros2_ws/build/human_detector/prefix_override:/usr/lib/python3/dist-packages/colcon_core/task/python/colcon_distutils_commands:/root/workspaces/ros2_ws/install/human_detector/lib/python3.12/site-packages:${PYTHONPATH} /usr/bin/python3 -W ignore:setup.py install is deprecated -W ignore:easy_install command is deprecated setup.py egg_info --egg-base ../../../build/human_detector build --build-base /root/workspaces/ros2_ws/build/human_detector/build install --record /root/workspaces/ros2_ws/build/human_detector/install.log --install-scripts $base/lib/human_detector --single-version-externally-managed install_data
[4.339s] running egg_info
[4.379s] writing ../../../build/human_detector/human_detector.egg-info/PKG-INFO
[4.388s] writing dependency_links to ../../../build/human_detector/human_detector.egg-info/dependency_links.txt
[4.413s] writing entry points to ../../../build/human_detector/human_detector.egg-info/entry_points.txt
[4.419s] writing requirements to ../../../build/human_detector/human_detector.egg-info/requires.txt
[4.442s] writing top-level names to ../../../build/human_detector/human_detector.egg-info/top_level.txt
[4.528s] reading manifest file '../../../build/human_detector/human_detector.egg-info/SOURCES.txt'
[4.528s] writing manifest file '../../../build/human_detector/human_detector.egg-info/SOURCES.txt'
[4.568s] running build
[4.579s] running build_py
[4.591s] running install
[4.622s] running install_lib
[4.650s] running install_data
[4.673s] running install_egg_info
[4.677s] removing '/root/workspaces/ros2_ws/install/human_detector/lib/python3.12/site-packages/human_detector-0.0.0-py3.12.egg-info' (and everything under it)
[4.677s] Copying ../../../build/human_detector/human_detector.egg-info to /root/workspaces/ros2_ws/install/human_detector/lib/python3.12/site-packages/human_detector-0.0.0-py3.12.egg-info
[4.839s] running install_scripts
[5.079s] Installing person_detector_node script to /root/workspaces/ros2_ws/install/human_detector/lib/human_detector
[5.100s] Installing wave_interact script to /root/workspaces/ros2_ws/install/human_detector/lib/human_detector
[5.120s] writing list of installed files to '/root/workspaces/ros2_ws/build/human_detector/install.log'
[5.170s] Invoked command in '/root/workspaces/ros2_ws/src/ai-worker-sim/human_detector' returned '0': PYTHONPATH=/root/workspaces/ros2_ws/build/human_detector/prefix_override:/usr/lib/python3/dist-packages/colcon_core/task/python/colcon_distutils_commands:/root/workspaces/ros2_ws/install/human_detector/lib/python3.12/site-packages:${PYTHONPATH} /usr/bin/python3 -W ignore:setup.py install is deprecated -W ignore:easy_install command is deprecated setup.py egg_info --egg-base ../../../build/human_detector build --build-base /root/workspaces/ros2_ws/build/human_detector/build install --record /root/workspaces/ros2_ws/build/human_detector/install.log --install-scripts $base/lib/human_detector --single-version-externally-managed install_data
