[1.060s] Invoking command in '/root/workspaces/ros2_ws/src/ai-worker-sim/ffw_teleop': PYTHONPATH=/root/workspaces/ros2_ws/build/ffw_teleop/prefix_override:/usr/lib/python3/dist-packages/colcon_core/task/python/colcon_distutils_commands:/root/workspaces/ros2_ws/install/ffw_teleop/lib/python3.12/site-packages:${PYTHONPATH} /usr/bin/python3 -W ignore:setup.py install is deprecated -W ignore:easy_install command is deprecated setup.py egg_info --egg-base ../../../build/ffw_teleop build --build-base /root/workspaces/ros2_ws/build/ffw_teleop/build install --record /root/workspaces/ros2_ws/build/ffw_teleop/install.log --install-scripts $base/lib/ffw_teleop --single-version-externally-managed install_data
[1.278s] running egg_info
[1.300s] creating ../../../build/ffw_teleop/ffw_teleop.egg-info
[1.304s] writing ../../../build/ffw_teleop/ffw_teleop.egg-info/PKG-INFO
[1.328s] writing dependency_links to ../../../build/ffw_teleop/ffw_teleop.egg-info/dependency_links.txt
[1.341s] writing entry points to ../../../build/ffw_teleop/ffw_teleop.egg-info/entry_points.txt
[1.373s] writing requirements to ../../../build/ffw_teleop/ffw_teleop.egg-info/requires.txt
[1.398s] writing top-level names to ../../../build/ffw_teleop/ffw_teleop.egg-info/top_level.txt
[1.428s] writing manifest file '../../../build/ffw_teleop/ffw_teleop.egg-info/SOURCES.txt'
[1.463s] reading manifest file '../../../build/ffw_teleop/ffw_teleop.egg-info/SOURCES.txt'
[1.479s] writing manifest file '../../../build/ffw_teleop/ffw_teleop.egg-info/SOURCES.txt'
[1.479s] running build
[1.479s] running build_py
[1.479s] creating /root/workspaces/ros2_ws/build/ffw_teleop/build
[1.479s] creating /root/workspaces/ros2_ws/build/ffw_teleop/build/lib
[1.479s] creating /root/workspaces/ros2_ws/build/ffw_teleop/build/lib/ffw_teleop
[1.480s] copying ffw_teleop/keyboard_control.py -> /root/workspaces/ros2_ws/build/ffw_teleop/build/lib/ffw_teleop
[1.502s] copying ffw_teleop/__init__.py -> /root/workspaces/ros2_ws/build/ffw_teleop/build/lib/ffw_teleop
[1.547s] copying ffw_teleop/mobile_teleop.py -> /root/workspaces/ros2_ws/build/ffw_teleop/build/lib/ffw_teleop
[1.562s] running install
[1.562s] running install_lib
[1.570s] creating /root/workspaces/ros2_ws/install/ffw_teleop/lib/python3.12/site-packages/ffw_teleop
[1.595s] copying /root/workspaces/ros2_ws/build/ffw_teleop/build/lib/ffw_teleop/keyboard_control.py -> /root/workspaces/ros2_ws/install/ffw_teleop/lib/python3.12/site-packages/ffw_teleop
[1.619s] copying /root/workspaces/ros2_ws/build/ffw_teleop/build/lib/ffw_teleop/__init__.py -> /root/workspaces/ros2_ws/install/ffw_teleop/lib/python3.12/site-packages/ffw_teleop
[1.628s] copying /root/workspaces/ros2_ws/build/ffw_teleop/build/lib/ffw_teleop/mobile_teleop.py -> /root/workspaces/ros2_ws/install/ffw_teleop/lib/python3.12/site-packages/ffw_teleop
[1.671s] byte-compiling /root/workspaces/ros2_ws/install/ffw_teleop/lib/python3.12/site-packages/ffw_teleop/keyboard_control.py to keyboard_control.cpython-312.pyc
[1.703s] byte-compiling /root/workspaces/ros2_ws/install/ffw_teleop/lib/python3.12/site-packages/ffw_teleop/__init__.py to __init__.cpython-312.pyc
[1.733s] byte-compiling /root/workspaces/ros2_ws/install/ffw_teleop/lib/python3.12/site-packages/ffw_teleop/mobile_teleop.py to mobile_teleop.cpython-312.pyc
[1.756s] running install_data
[1.772s] creating /root/workspaces/ros2_ws/install/ffw_teleop/share/ament_index
[1.772s] creating /root/workspaces/ros2_ws/install/ffw_teleop/share/ament_index/resource_index
[1.772s] creating /root/workspaces/ros2_ws/install/ffw_teleop/share/ament_index/resource_index/packages
[1.777s] copying resource/ffw_teleop -> /root/workspaces/ros2_ws/install/ffw_teleop/share/ament_index/resource_index/packages
[1.806s] copying package.xml -> /root/workspaces/ros2_ws/install/ffw_teleop/share/ffw_teleop
[1.820s] running install_egg_info
[1.846s] Copying ../../../build/ffw_teleop/ffw_teleop.egg-info to /root/workspaces/ros2_ws/install/ffw_teleop/lib/python3.12/site-packages/ffw_teleop-1.2.0-py3.12.egg-info
[2.047s] running install_scripts
[2.195s] Installing keyborad_control script to /root/workspaces/ros2_ws/install/ffw_teleop/lib/ffw_teleop
[2.216s] Installing mobile_teleop script to /root/workspaces/ros2_ws/install/ffw_teleop/lib/ffw_teleop
[2.239s] writing list of installed files to '/root/workspaces/ros2_ws/build/ffw_teleop/install.log'
[2.296s] Invoked command in '/root/workspaces/ros2_ws/src/ai-worker-sim/ffw_teleop' returned '0': PYTHONPATH=/root/workspaces/ros2_ws/build/ffw_teleop/prefix_override:/usr/lib/python3/dist-packages/colcon_core/task/python/colcon_distutils_commands:/root/workspaces/ros2_ws/install/ffw_teleop/lib/python3.12/site-packages:${PYTHONPATH} /usr/bin/python3 -W ignore:setup.py install is deprecated -W ignore:easy_install command is deprecated setup.py egg_info --egg-base ../../../build/ffw_teleop build --build-base /root/workspaces/ros2_ws/build/ffw_teleop/build install --record /root/workspaces/ros2_ws/build/ffw_teleop/install.log --install-scripts $base/lib/ffw_teleop --single-version-externally-managed install_data
