running develop
Removing /root/workspaces/ros2_ws/install/human_detector/lib/python3.12/site-packages/human-detector.egg-link (link to .)
running egg_info
writing ../../../build/human_detector/human_detector.egg-info/PKG-INFO
writing dependency_links to ../../../build/human_detector/human_detector.egg-info/dependency_links.txt
writing entry points to ../../../build/human_detector/human_detector.egg-info/entry_points.txt
writing requirements to ../../../build/human_detector/human_detector.egg-info/requires.txt
writing top-level names to ../../../build/human_detector/human_detector.egg-info/top_level.txt
reading manifest file '../../../build/human_detector/human_detector.egg-info/SOURCES.txt'
writing manifest file '../../../build/human_detector/human_detector.egg-info/SOURCES.txt'
running build
running build_py
copying human_detector/person_detector_node.py -> /root/workspaces/ros2_ws/build/human_detector/build/lib/human_detector
copying human_detector/wave_interact.py -> /root/workspaces/ros2_ws/build/human_detector/build/lib/human_detector
running install
running install_lib
creating /root/workspaces/ros2_ws/install/human_detector/lib/python3.12/site-packages/human_detector
copying /root/workspaces/ros2_ws/build/human_detector/build/lib/human_detector/person_detector_node.py -> /root/workspaces/ros2_ws/install/human_detector/lib/python3.12/site-packages/human_detector
copying /root/workspaces/ros2_ws/build/human_detector/build/lib/human_detector/wave_interact.py -> /root/workspaces/ros2_ws/install/human_detector/lib/python3.12/site-packages/human_detector
copying /root/workspaces/ros2_ws/build/human_detector/build/lib/human_detector/__init__.py -> /root/workspaces/ros2_ws/install/human_detector/lib/python3.12/site-packages/human_detector
byte-compiling /root/workspaces/ros2_ws/install/human_detector/lib/python3.12/site-packages/human_detector/person_detector_node.py to person_detector_node.cpython-312.pyc
byte-compiling /root/workspaces/ros2_ws/install/human_detector/lib/python3.12/site-packages/human_detector/wave_interact.py to wave_interact.cpython-312.pyc
byte-compiling /root/workspaces/ros2_ws/install/human_detector/lib/python3.12/site-packages/human_detector/__init__.py to __init__.cpython-312.pyc
running install_data
copying resource/human_detector -> /root/workspaces/ros2_ws/install/human_detector/share/ament_index/resource_index/packages
copying package.xml -> /root/workspaces/ros2_ws/install/human_detector/share/human_detector
copying models/yolov4-tiny.cfg -> /root/workspaces/ros2_ws/install/human_detector/share/human_detector/models
copying models/coco.names -> /root/workspaces/ros2_ws/install/human_detector/share/human_detector/models
copying models/yolov4-tiny.weights -> /root/workspaces/ros2_ws/install/human_detector/share/human_detector/models
copying launch/human_detector.launch.py -> /root/workspaces/ros2_ws/install/human_detector/share/human_detector/launch
running install_egg_info
Copying ../../../build/human_detector/human_detector.egg-info to /root/workspaces/ros2_ws/install/human_detector/lib/python3.12/site-packages/human_detector-0.0.0-py3.12.egg-info
running install_scripts
Installing person_detector_node script to /root/workspaces/ros2_ws/install/human_detector/lib/human_detector
Installing wave_interact script to /root/workspaces/ros2_ws/install/human_detector/lib/human_detector
writing list of installed files to '/root/workspaces/ros2_ws/build/human_detector/install.log'
