[3.104s] Invoking command in '/root/workspaces/ros2_ws/build/human_detector': PYTHONPATH=/root/workspaces/ros2_ws/build/human_detector/prefix_override:/usr/lib/python3/dist-packages/colcon_core/task/python/colcon_distutils_commands:/root/workspaces/ros2_ws/install/human_detector/lib/python3.12/site-packages:${PYTHONPATH} /usr/bin/python3 -W ignore:setup.py install is deprecated -W ignore:easy_install command is deprecated setup.py develop --uninstall --editable --build-directory /root/workspaces/ros2_ws/build/human_detector/build
[4.093s] running develop
[4.607s] Removing /root/workspaces/ros2_ws/install/human_detector/lib/python3.12/site-packages/human-detector.egg-link (link to .)
[5.903s] Invoked command in '/root/workspaces/ros2_ws/build/human_detector' returned '0': PYTHONPATH=/root/workspaces/ros2_ws/build/human_detector/prefix_override:/usr/lib/python3/dist-packages/colcon_core/task/python/colcon_distutils_commands:/root/workspaces/ros2_ws/install/human_detector/lib/python3.12/site-packages:${PYTHONPATH} /usr/bin/python3 -W ignore:setup.py install is deprecated -W ignore:easy_install command is deprecated setup.py develop --uninstall --editable --build-directory /root/workspaces/ros2_ws/build/human_detector/build
[5.916s] Invoking command in '/root/workspaces/ros2_ws/src/ai-worker-sim/human_detector': PYTHONPATH=/root/workspaces/ros2_ws/build/human_detector/prefix_override:/usr/lib/python3/dist-packages/colcon_core/task/python/colcon_distutils_commands:/root/workspaces/ros2_ws/install/human_detector/lib/python3.12/site-packages:${PYTHONPATH} /usr/bin/python3 -W ignore:setup.py install is deprecated -W ignore:easy_install command is deprecated setup.py egg_info --egg-base ../../../build/human_detector build --build-base /root/workspaces/ros2_ws/build/human_detector/build install --record /root/workspaces/ros2_ws/build/human_detector/install.log --install-scripts $base/lib/human_detector --single-version-externally-managed install_data --force
[6.761s] running egg_info
[6.761s] writing ../../../build/human_detector/human_detector.egg-info/PKG-INFO
[6.768s] writing dependency_links to ../../../build/human_detector/human_detector.egg-info/dependency_links.txt
[6.782s] writing entry points to ../../../build/human_detector/human_detector.egg-info/entry_points.txt
[6.799s] writing requirements to ../../../build/human_detector/human_detector.egg-info/requires.txt
[6.820s] writing top-level names to ../../../build/human_detector/human_detector.egg-info/top_level.txt
[6.961s] reading manifest file '../../../build/human_detector/human_detector.egg-info/SOURCES.txt'
[6.988s] writing manifest file '../../../build/human_detector/human_detector.egg-info/SOURCES.txt'
[7.007s] running build
[7.010s] running build_py
[7.023s] copying human_detector/person_detector_node.py -> /root/workspaces/ros2_ws/build/human_detector/build/lib/human_detector
[7.061s] copying human_detector/wave_interact.py -> /root/workspaces/ros2_ws/build/human_detector/build/lib/human_detector
[7.082s] running install
[7.099s] running install_lib
[7.183s] creating /root/workspaces/ros2_ws/install/human_detector/lib/python3.12/site-packages/human_detector
[7.203s] copying /root/workspaces/ros2_ws/build/human_detector/build/lib/human_detector/person_detector_node.py -> /root/workspaces/ros2_ws/install/human_detector/lib/python3.12/site-packages/human_detector
[7.207s] copying /root/workspaces/ros2_ws/build/human_detector/build/lib/human_detector/wave_interact.py -> /root/workspaces/ros2_ws/install/human_detector/lib/python3.12/site-packages/human_detector
[7.269s] copying /root/workspaces/ros2_ws/build/human_detector/build/lib/human_detector/__init__.py -> /root/workspaces/ros2_ws/install/human_detector/lib/python3.12/site-packages/human_detector
[7.289s] byte-compiling /root/workspaces/ros2_ws/install/human_detector/lib/python3.12/site-packages/human_detector/person_detector_node.py to person_detector_node.cpython-312.pyc
[7.319s] byte-compiling /root/workspaces/ros2_ws/install/human_detector/lib/python3.12/site-packages/human_detector/wave_interact.py to wave_interact.cpython-312.pyc
[7.374s] byte-compiling /root/workspaces/ros2_ws/install/human_detector/lib/python3.12/site-packages/human_detector/__init__.py to __init__.cpython-312.pyc
[7.391s] running install_data
[7.394s] copying resource/human_detector -> /root/workspaces/ros2_ws/install/human_detector/share/ament_index/resource_index/packages
[7.412s] copying package.xml -> /root/workspaces/ros2_ws/install/human_detector/share/human_detector
[7.468s] copying models/yolov4-tiny.cfg -> /root/workspaces/ros2_ws/install/human_detector/share/human_detector/models
[7.489s] copying models/coco.names -> /root/workspaces/ros2_ws/install/human_detector/share/human_detector/models
[7.512s] copying models/yolov4-tiny.weights -> /root/workspaces/ros2_ws/install/human_detector/share/human_detector/models
[7.772s] copying launch/human_detector.launch.py -> /root/workspaces/ros2_ws/install/human_detector/share/human_detector/launch
[7.795s] running install_egg_info
[7.873s] Copying ../../../build/human_detector/human_detector.egg-info to /root/workspaces/ros2_ws/install/human_detector/lib/python3.12/site-packages/human_detector-0.0.0-py3.12.egg-info
[8.110s] running install_scripts
[8.479s] Installing person_detector_node script to /root/workspaces/ros2_ws/install/human_detector/lib/human_detector
[8.493s] Installing wave_interact script to /root/workspaces/ros2_ws/install/human_detector/lib/human_detector
[8.561s] writing list of installed files to '/root/workspaces/ros2_ws/build/human_detector/install.log'
[8.590s] Invoked command in '/root/workspaces/ros2_ws/src/ai-worker-sim/human_detector' returned '0': PYTHONPATH=/root/workspaces/ros2_ws/build/human_detector/prefix_override:/usr/lib/python3/dist-packages/colcon_core/task/python/colcon_distutils_commands:/root/workspaces/ros2_ws/install/human_detector/lib/python3.12/site-packages:${PYTHONPATH} /usr/bin/python3 -W ignore:setup.py install is deprecated -W ignore:easy_install command is deprecated setup.py egg_info --egg-base ../../../build/human_detector build --build-base /root/workspaces/ros2_ws/build/human_detector/build install --record /root/workspaces/ros2_ws/build/human_detector/install.log --install-scripts $base/lib/human_detector --single-version-externally-managed install_data --force
