[1.039s] Invoking command in '/root/workspaces/ros2_ws/build/library_world': CMAKE_PREFIX_PATH=${CMAKE_PREFIX_PATH}:/root/workspaces/ros2_ws/install/human_detector:/root/workspaces/ros2_ws/install/ffw_teleop:/root/workspaces/ros2_ws/install/ffw_bringup:/opt/ros/jazzy /usr/bin/cmake --build /root/workspaces/ros2_ws/build/library_world -- -j4 -l4
[1.110s] Invoked command in '/root/workspaces/ros2_ws/build/library_world' returned '0': CMAKE_PREFIX_PATH=${CMAKE_PREFIX_PATH}:/root/workspaces/ros2_ws/install/human_detector:/root/workspaces/ros2_ws/install/ffw_teleop:/root/workspaces/ros2_ws/install/ffw_bringup:/opt/ros/jazzy /usr/bin/cmake --build /root/workspaces/ros2_ws/build/library_world -- -j4 -l4
[1.123s] Invoking command in '/root/workspaces/ros2_ws/build/library_world': CMAKE_PREFIX_PATH=${CMAKE_PREFIX_PATH}:/root/workspaces/ros2_ws/install/human_detector:/root/workspaces/ros2_ws/install/ffw_teleop:/root/workspaces/ros2_ws/install/ffw_bringup:/opt/ros/jazzy /usr/bin/cmake --install /root/workspaces/ros2_ws/build/library_world
[1.176s] -- Install configuration: ""
[1.176s] -- Up-to-date: /root/workspaces/ros2_ws/install/library_world/share/library_world//launch
[1.202s] -- Up-to-date: /root/workspaces/ros2_ws/install/library_world/share/library_world//launch/library_world_launch.py
[1.222s] -- Up-to-date: /root/workspaces/ros2_ws/install/library_world/share/library_world//world
[1.226s] -- Up-to-date: /root/workspaces/ros2_ws/install/library_world/share/library_world//world/library.sdf
[1.242s] -- Up-to-date: /root/workspaces/ros2_ws/install/library_world/share/library_world//models
[1.262s] -- Up-to-date: /root/workspaces/ros2_ws/install/library_world/share/library_world//models/bookshelf_d
[1.279s] -- Up-to-date: /root/workspaces/ros2_ws/install/library_world/share/library_world//models/bookshelf_d/model.sdf
[1.283s] -- Up-to-date: /root/workspaces/ros2_ws/install/library_world/share/library_world//models/bookshelf_d/materials
[1.303s] -- Up-to-date: /root/workspaces/ros2_ws/install/library_world/share/library_world//models/bookshelf_d/materials/textures
[1.307s] -- Up-to-date: /root/workspaces/ros2_ws/install/library_world/share/library_world//models/bookshelf_d/materials/textures/aws_BookshelfB_01.png
[1.319s] -- Up-to-date: /root/workspaces/ros2_ws/install/library_world/share/library_world//models/bookshelf_d/materials/textures/aws_BookshelfB_02.png
[1.322s] -- Up-to-date: /root/workspaces/ros2_ws/install/library_world/share/library_world//models/bookshelf_d/model.config
[1.323s] -- Up-to-date: /root/workspaces/ros2_ws/install/library_world/share/library_world//models/bookshelf_d/meshes
[1.327s] -- Up-to-date: /root/workspaces/ros2_ws/install/library_world/share/library_world//models/bookshelf_d/meshes/SHELVES.dae
[1.343s] -- Up-to-date: /root/workspaces/ros2_ws/install/library_world/share/library_world//models/floor
[1.354s] -- Up-to-date: /root/workspaces/ros2_ws/install/library_world/share/library_world//models/floor/model.sdf
[1.355s] -- Up-to-date: /root/workspaces/ros2_ws/install/library_world/share/library_world//models/floor/materials
[1.355s] -- Up-to-date: /root/workspaces/ros2_ws/install/library_world/share/library_world//models/floor/materials/textures
[1.355s] -- Up-to-date: /root/workspaces/ros2_ws/install/library_world/share/library_world//models/floor/materials/textures/aws_FloorB_01.png
[1.363s] -- Up-to-date: /root/workspaces/ros2_ws/install/library_world/share/library_world//models/floor/model.config
[1.381s] -- Up-to-date: /root/workspaces/ros2_ws/install/library_world/share/library_world//models/floor/meshes
[1.386s] -- Up-to-date: /root/workspaces/ros2_ws/install/library_world/share/library_world//models/floor/meshes/floor_collision.DAE
[1.407s] -- Up-to-date: /root/workspaces/ros2_ws/install/library_world/share/library_world//models/floor/meshes/floor_visual.DAE
[1.411s] -- Up-to-date: /root/workspaces/ros2_ws/install/library_world/share/library_world//models/bookshelf_b
[1.424s] -- Up-to-date: /root/workspaces/ros2_ws/install/library_world/share/library_world//models/bookshelf_b/model.sdf
[1.430s] -- Up-to-date: /root/workspaces/ros2_ws/install/library_world/share/library_world//models/bookshelf_b/materials
[1.446s] -- Up-to-date: /root/workspaces/ros2_ws/install/library_world/share/library_world//models/bookshelf_b/materials/textures
[1.450s] -- Up-to-date: /root/workspaces/ros2_ws/install/library_world/share/library_world//models/bookshelf_b/materials/textures/aws_BookshelfA_02.png
[1.472s] -- Up-to-date: /root/workspaces/ros2_ws/install/library_world/share/library_world//models/bookshelf_b/materials/textures/aws_BookshelfA_03.png
[1.477s] -- Up-to-date: /root/workspaces/ros2_ws/install/library_world/share/library_world//models/bookshelf_b/materials/textures/aws_BookshelfA_01.png
[1.502s] -- Up-to-date: /root/workspaces/ros2_ws/install/library_world/share/library_world//models/bookshelf_b/model.config
[1.507s] -- Up-to-date: /root/workspaces/ros2_ws/install/library_world/share/library_world//models/bookshelf_b/meshes
[1.524s] -- Up-to-date: /root/workspaces/ros2_ws/install/library_world/share/library_world//models/bookshelf_b/meshes/bookshelfb_collision.DAE
[1.528s] -- Up-to-date: /root/workspaces/ros2_ws/install/library_world/share/library_world//models/bookshelf_b/meshes/bookshelfb_visual.DAE
[1.552s] -- Up-to-date: /root/workspaces/ros2_ws/install/library_world/share/library_world//models/bookshelf_e
[1.573s] -- Up-to-date: /root/workspaces/ros2_ws/install/library_world/share/library_world//models/bookshelf_e/model.sdf
[1.597s] -- Up-to-date: /root/workspaces/ros2_ws/install/library_world/share/library_world//models/bookshelf_e/materials
[1.618s] -- Up-to-date: /root/workspaces/ros2_ws/install/library_world/share/library_world//models/bookshelf_e/materials/textures
[1.642s] -- Up-to-date: /root/workspaces/ros2_ws/install/library_world/share/library_world//models/bookshelf_e/materials/textures/aws_BookshelfC_01.png
[1.664s] -- Up-to-date: /root/workspaces/ros2_ws/install/library_world/share/library_world//models/bookshelf_e/model.config
[1.688s] -- Up-to-date: /root/workspaces/ros2_ws/install/library_world/share/library_world//models/bookshelf_e/meshes
[1.711s] -- Up-to-date: /root/workspaces/ros2_ws/install/library_world/share/library_world//models/bookshelf_e/meshes/bookshelfe_collision.DAE
[1.736s] -- Up-to-date: /root/workspaces/ros2_ws/install/library_world/share/library_world//models/bookshelf_e/meshes/bookshelfe_visual.DAE
[1.780s] -- Up-to-date: /root/workspaces/ros2_ws/install/library_world/share/library_world//models/etgah_logo
[1.805s] -- Up-to-date: /root/workspaces/ros2_ws/install/library_world/share/library_world//models/etgah_logo/model.sdf
[1.832s] -- Up-to-date: /root/workspaces/ros2_ws/install/library_world/share/library_world//models/etgah_logo/materials
[1.857s] -- Up-to-date: /root/workspaces/ros2_ws/install/library_world/share/library_world//models/etgah_logo/materials/textures
[1.878s] -- Up-to-date: /root/workspaces/ros2_ws/install/library_world/share/library_world//models/etgah_logo/materials/textures/logo.png
[1.882s] -- Up-to-date: /root/workspaces/ros2_ws/install/library_world/share/library_world//models/etgah_logo/model.config
[1.899s] -- Up-to-date: /root/workspaces/ros2_ws/install/library_world/share/library_world//models/sofa
[1.903s] -- Up-to-date: /root/workspaces/ros2_ws/install/library_world/share/library_world//models/sofa/model.sdf
[1.922s] -- Up-to-date: /root/workspaces/ros2_ws/install/library_world/share/library_world//models/sofa/materials
[1.940s] -- Up-to-date: /root/workspaces/ros2_ws/install/library_world/share/library_world//models/sofa/materials/textures
[1.944s] -- Up-to-date: /root/workspaces/ros2_ws/install/library_world/share/library_world//models/sofa/materials/textures/Wood1.jpg
[1.949s] -- Up-to-date: /root/workspaces/ros2_ws/install/library_world/share/library_world//models/sofa/materials/textures/Wood_Fine_AI_03-CW.jpg
[1.970s] -- Up-to-date: /root/workspaces/ros2_ws/install/library_world/share/library_world//models/sofa/model.config
[1.992s] -- Up-to-date: /root/workspaces/ros2_ws/install/library_world/share/library_world//models/sofa/meshes
[2.009s] -- Up-to-date: /root/workspaces/ros2_ws/install/library_world/share/library_world//models/sofa/meshes/Sofa3
[2.021s] -- Up-to-date: /root/workspaces/ros2_ws/install/library_world/share/library_world//models/sofa/meshes/Sofa3/Wood1.jpg
[2.036s] -- Up-to-date: /root/workspaces/ros2_ws/install/library_world/share/library_world//models/sofa/meshes/Sofa3/Wood_Fine_AI_03-CW.jpg
[2.058s] -- Up-to-date: /root/workspaces/ros2_ws/install/library_world/share/library_world//models/sofa/meshes/sofa.dae
[2.088s] -- Up-to-date: /root/workspaces/ros2_ws/install/library_world/share/library_world//models/bookshelf
[2.104s] -- Up-to-date: /root/workspaces/ros2_ws/install/library_world/share/library_world//models/bookshelf/model.sdf
[2.109s] -- Up-to-date: /root/workspaces/ros2_ws/install/library_world/share/library_world//models/bookshelf/materials
[2.131s] -- Up-to-date: /root/workspaces/ros2_ws/install/library_world/share/library_world//models/bookshelf/materials/textures
[2.153s] -- Up-to-date: /root/workspaces/ros2_ws/install/library_world/share/library_world//models/bookshelf/materials/textures/aws_BookshelfB_01.png
[2.167s] -- Up-to-date: /root/workspaces/ros2_ws/install/library_world/share/library_world//models/bookshelf/materials/textures/aws_BookshelfB_02.png
[2.189s] -- Up-to-date: /root/workspaces/ros2_ws/install/library_world/share/library_world//models/bookshelf/model.config
[2.218s] -- Up-to-date: /root/workspaces/ros2_ws/install/library_world/share/library_world//models/bookshelf/meshes
[2.222s] -- Up-to-date: /root/workspaces/ros2_ws/install/library_world/share/library_world//models/bookshelf/meshes/bookshelf_collision.DAE
[2.227s] -- Up-to-date: /root/workspaces/ros2_ws/install/library_world/share/library_world//models/bookshelf/meshes/bookshelf_visual.DAE
[2.231s] -- Up-to-date: /root/workspaces/ros2_ws/install/library_world/share/library_world//models/house_wall
[2.254s] -- Up-to-date: /root/workspaces/ros2_ws/install/library_world/share/library_world//models/house_wall/model.sdf
[2.278s] -- Up-to-date: /root/workspaces/ros2_ws/install/library_world/share/library_world//models/house_wall/materials
[2.282s] -- Up-to-date: /root/workspaces/ros2_ws/install/library_world/share/library_world//models/house_wall/materials/textures
[2.283s] -- Up-to-date: /root/workspaces/ros2_ws/install/library_world/share/library_world//models/house_wall/materials/textures/aws_HouseWallB_01.png
[2.283s] -- Up-to-date: /root/workspaces/ros2_ws/install/library_world/share/library_world//models/house_wall/model.config
[2.283s] -- Up-to-date: /root/workspaces/ros2_ws/install/library_world/share/library_world//models/house_wall/meshes
[2.283s] -- Up-to-date: /root/workspaces/ros2_ws/install/library_world/share/library_world//models/house_wall/meshes/house_wall_collision.DAE
[2.283s] -- Up-to-date: /root/workspaces/ros2_ws/install/library_world/share/library_world//models/house_wall/meshes/house_wall_visual.DAE
[2.284s] -- Up-to-date: /root/workspaces/ros2_ws/install/library_world/share/library_world//models/book
[2.284s] -- Up-to-date: /root/workspaces/ros2_ws/install/library_world/share/library_world//models/book/model.sdf
[2.284s] -- Up-to-date: /root/workspaces/ros2_ws/install/library_world/share/library_world//models/book/materials
[2.284s] -- Up-to-date: /root/workspaces/ros2_ws/install/library_world/share/library_world//models/book/materials/textures
[2.284s] -- Up-to-date: /root/workspaces/ros2_ws/install/library_world/share/library_world//models/book/materials/textures/aws_BookD_01.png
[2.284s] -- Up-to-date: /root/workspaces/ros2_ws/install/library_world/share/library_world//models/book/model.config
[2.284s] -- Up-to-date: /root/workspaces/ros2_ws/install/library_world/share/library_world//models/book/meshes
[2.285s] -- Up-to-date: /root/workspaces/ros2_ws/install/library_world/share/library_world//models/book/meshes/book_visual.DAE
[2.285s] -- Up-to-date: /root/workspaces/ros2_ws/install/library_world/share/library_world//models/book/meshes/book_collision.DAE
[2.285s] -- Up-to-date: /root/workspaces/ros2_ws/install/library_world/share/library_world//models/bookcase
[2.285s] -- Up-to-date: /root/workspaces/ros2_ws/install/library_world/share/library_world//models/bookcase/model.sdf
[2.285s] -- Up-to-date: /root/workspaces/ros2_ws/install/library_world/share/library_world//models/bookcase/model.config
[2.286s] -- Up-to-date: /root/workspaces/ros2_ws/install/library_world/share/library_world//models/bookcase/meshes
[2.286s] -- Up-to-date: /root/workspaces/ros2_ws/install/library_world/share/library_world//models/bookcase/meshes/bookcase.dae
[2.286s] -- Up-to-date: /root/workspaces/ros2_ws/install/library_world/share/library_world//models/desk
[2.286s] -- Up-to-date: /root/workspaces/ros2_ws/install/library_world/share/library_world//models/desk/model.sdf
[2.286s] -- Up-to-date: /root/workspaces/ros2_ws/install/library_world/share/library_world//models/desk/materials
[2.287s] -- Up-to-date: /root/workspaces/ros2_ws/install/library_world/share/library_world//models/desk/materials/textures
[2.287s] -- Up-to-date: /root/workspaces/ros2_ws/install/library_world/share/library_world//models/desk/materials/textures/aws_DeskB_01.png
[2.287s] -- Up-to-date: /root/workspaces/ros2_ws/install/library_world/share/library_world//models/desk/model.config
[2.287s] -- Up-to-date: /root/workspaces/ros2_ws/install/library_world/share/library_world//models/desk/meshes
[2.287s] -- Up-to-date: /root/workspaces/ros2_ws/install/library_world/share/library_world//models/desk/meshes/desk_visual.DAE
[2.287s] -- Up-to-date: /root/workspaces/ros2_ws/install/library_world/share/library_world//models/desk/meshes/desk_collision.DAE
[2.288s] -- Up-to-date: /root/workspaces/ros2_ws/install/library_world/share/library_world//models/chair
[2.288s] -- Up-to-date: /root/workspaces/ros2_ws/install/library_world/share/library_world//models/chair/model.sdf
[2.288s] -- Up-to-date: /root/workspaces/ros2_ws/install/library_world/share/library_world//models/chair/materials
[2.288s] -- Up-to-date: /root/workspaces/ros2_ws/install/library_world/share/library_world//models/chair/materials/textures
[2.288s] -- Up-to-date: /root/workspaces/ros2_ws/install/library_world/share/library_world//models/chair/materials/textures/aws_ChairB_01.png
[2.288s] -- Up-to-date: /root/workspaces/ros2_ws/install/library_world/share/library_world//models/chair/model.config
[2.289s] -- Up-to-date: /root/workspaces/ros2_ws/install/library_world/share/library_world//models/chair/meshes
[2.289s] -- Up-to-date: /root/workspaces/ros2_ws/install/library_world/share/library_world//models/chair/meshes/chair_visual.DAE
[2.289s] -- Up-to-date: /root/workspaces/ros2_ws/install/library_world/share/library_world//models/chair/meshes/chair_collision.DAE
[2.289s] -- Up-to-date: /root/workspaces/ros2_ws/install/library_world/share/library_world//models/bookshelf_c
[2.290s] -- Up-to-date: /root/workspaces/ros2_ws/install/library_world/share/library_world//models/bookshelf_c/model.sdf
[2.290s] -- Up-to-date: /root/workspaces/ros2_ws/install/library_world/share/library_world//models/bookshelf_c/materials
[2.290s] -- Up-to-date: /root/workspaces/ros2_ws/install/library_world/share/library_world//models/bookshelf_c/materials/textures
[2.338s] -- Up-to-date: /root/workspaces/ros2_ws/install/library_world/share/library_world//models/bookshelf_c/materials/textures/aws_DeskA_02.png
[2.338s] -- Up-to-date: /root/workspaces/ros2_ws/install/library_world/share/library_world//models/bookshelf_c/materials/textures/aws_DeskA_01.png
[2.339s] -- Up-to-date: /root/workspaces/ros2_ws/install/library_world/share/library_world//models/bookshelf_c/materials/textures/aws_DeskA_03.png
[2.339s] -- Up-to-date: /root/workspaces/ros2_ws/install/library_world/share/library_world//models/bookshelf_c/model.config
[2.339s] -- Up-to-date: /root/workspaces/ros2_ws/install/library_world/share/library_world//models/bookshelf_c/meshes
[2.339s] -- Up-to-date: /root/workspaces/ros2_ws/install/library_world/share/library_world//models/bookshelf_c/meshes/aws_DeskA_01_collision.DAE
[2.339s] -- Up-to-date: /root/workspaces/ros2_ws/install/library_world/share/library_world//models/bookshelf_c/meshes/aws_DeskA_01_visual.DAE
[2.339s] -- Up-to-date: /root/workspaces/ros2_ws/install/library_world/share/ament_index/resource_index/package_run_dependencies/library_world
[2.339s] -- Up-to-date: /root/workspaces/ros2_ws/install/library_world/share/ament_index/resource_index/parent_prefix_path/library_world
[2.340s] -- Up-to-date: /root/workspaces/ros2_ws/install/library_world/share/library_world/environment/ament_prefix_path.sh
[2.340s] -- Up-to-date: /root/workspaces/ros2_ws/install/library_world/share/library_world/environment/ament_prefix_path.dsv
[2.340s] -- Up-to-date: /root/workspaces/ros2_ws/install/library_world/share/library_world/environment/path.sh
[2.340s] -- Up-to-date: /root/workspaces/ros2_ws/install/library_world/share/library_world/environment/path.dsv
[2.340s] -- Up-to-date: /root/workspaces/ros2_ws/install/library_world/share/library_world/local_setup.bash
[2.340s] -- Up-to-date: /root/workspaces/ros2_ws/install/library_world/share/library_world/local_setup.sh
[2.340s] -- Up-to-date: /root/workspaces/ros2_ws/install/library_world/share/library_world/local_setup.zsh
[2.341s] -- Up-to-date: /root/workspaces/ros2_ws/install/library_world/share/library_world/local_setup.dsv
[2.341s] -- Installing: /root/workspaces/ros2_ws/install/library_world/share/library_world/package.dsv
[2.403s] -- Up-to-date: /root/workspaces/ros2_ws/install/library_world/share/ament_index/resource_index/packages/library_world
[2.404s] -- Up-to-date: /root/workspaces/ros2_ws/install/library_world/share/library_world/cmake/library_worldConfig.cmake
[2.404s] -- Up-to-date: /root/workspaces/ros2_ws/install/library_world/share/library_world/cmake/library_worldConfig-version.cmake
[2.404s] -- Up-to-date: /root/workspaces/ros2_ws/install/library_world/share/library_world/package.xml
[2.404s] Invoked command in '/root/workspaces/ros2_ws/build/library_world' returned '0': CMAKE_PREFIX_PATH=${CMAKE_PREFIX_PATH}:/root/workspaces/ros2_ws/install/human_detector:/root/workspaces/ros2_ws/install/ffw_teleop:/root/workspaces/ros2_ws/install/ffw_bringup:/opt/ros/jazzy /usr/bin/cmake --install /root/workspaces/ros2_ws/build/library_world
