[0.414s] Invoking command in '/root/workspaces/ros2_ws/build/ffw_navigation': CMAKE_PREFIX_PATH=${CMAKE_PREFIX_PATH}:/root/workspaces/ros2_ws/install/human_detector:/root/workspaces/ros2_ws/install/ffw_teleop:/root/workspaces/ros2_ws/install/ffw_bringup:/opt/ros/jazzy /usr/bin/cmake /root/workspaces/ros2_ws/src/ai-worker-sim/ffw_navigation -DCMAKE_INSTALL_PREFIX=/root/workspaces/ros2_ws/install/ffw_navigation
[0.450s] -- Found ament_cmake: 2.5.6 (/opt/ros/jazzy/share/ament_cmake/cmake)
[1.206s] -- Override CMake install command with custom implementation using symlinks instead of copying resources
[1.589s] -- Found behaviortree_cpp: 4.9.0 (/opt/ros/jazzy/share/behaviortree_cpp/cmake)
[1.606s] -- Found nav_msgs: 5.3.8 (/opt/ros/jazzy/share/nav_msgs/cmake)
[1.976s] -- Found rosidl_generator_c: 4.6.9 (/opt/ros/jazzy/share/rosidl_generator_c/cmake)
[1.976s] -- Found rosidl_generator_cpp: 4.6.9 (/opt/ros/jazzy/share/rosidl_generator_cpp/cmake)
[1.976s] -- Using all available rosidl_typesupport_c: rosidl_typesupport_fastrtps_c;rosidl_typesupport_introspection_c
[1.977s] -- Using all available rosidl_typesupport_cpp: rosidl_typesupport_fastrtps_cpp;rosidl_typesupport_introspection_cpp
[1.977s] -- Found rclcpp: 28.1.21 (/opt/ros/jazzy/share/rclcpp/cmake)
[1.983s] -- Found rmw_implementation_cmake: 7.3.3 (/opt/ros/jazzy/share/rmw_implementation_cmake/cmake)
[1.995s] -- Found rmw_fastrtps_cpp: 8.4.4 (/opt/ros/jazzy/share/rmw_fastrtps_cpp/cmake)
[2.188s] -- Using RMW implementation 'rmw_fastrtps_cpp' as default
[3.170s] -- Configuring done (2.8s)
[3.966s] -- Generating done (0.7s)
[4.359s] -- Build files have been written to: /root/workspaces/ros2_ws/build/ffw_navigation
[4.501s] Invoked command in '/root/workspaces/ros2_ws/build/ffw_navigation' returned '0': CMAKE_PREFIX_PATH=${CMAKE_PREFIX_PATH}:/root/workspaces/ros2_ws/install/human_detector:/root/workspaces/ros2_ws/install/ffw_teleop:/root/workspaces/ros2_ws/install/ffw_bringup:/opt/ros/jazzy /usr/bin/cmake /root/workspaces/ros2_ws/src/ai-worker-sim/ffw_navigation -DCMAKE_INSTALL_PREFIX=/root/workspaces/ros2_ws/install/ffw_navigation
[4.553s] Invoking command in '/root/workspaces/ros2_ws/build/ffw_navigation': CMAKE_PREFIX_PATH=${CMAKE_PREFIX_PATH}:/root/workspaces/ros2_ws/install/human_detector:/root/workspaces/ros2_ws/install/ffw_teleop:/root/workspaces/ros2_ws/install/ffw_bringup:/opt/ros/jazzy /usr/bin/cmake --build /root/workspaces/ros2_ws/build/ffw_navigation -- -j4 -l4
[5.169s] [100%] Built target is_path_length_under_plugin
[5.585s] Invoked command in '/root/workspaces/ros2_ws/build/ffw_navigation' returned '0': CMAKE_PREFIX_PATH=${CMAKE_PREFIX_PATH}:/root/workspaces/ros2_ws/install/human_detector:/root/workspaces/ros2_ws/install/ffw_teleop:/root/workspaces/ros2_ws/install/ffw_bringup:/opt/ros/jazzy /usr/bin/cmake --build /root/workspaces/ros2_ws/build/ffw_navigation -- -j4 -l4
[5.597s] Invoking command in '/root/workspaces/ros2_ws/build/ffw_navigation': CMAKE_PREFIX_PATH=${CMAKE_PREFIX_PATH}:/root/workspaces/ros2_ws/install/human_detector:/root/workspaces/ros2_ws/install/ffw_teleop:/root/workspaces/ros2_ws/install/ffw_bringup:/opt/ros/jazzy /usr/bin/cmake --install /root/workspaces/ros2_ws/build/ffw_navigation
[5.674s] -- Install configuration: ""
[5.697s] -- Execute custom install script
[5.786s] -- Up-to-date symlink: /root/workspaces/ros2_ws/install/ffw_navigation/share/ffw_navigation/launch/navigation.launch.py
[5.786s] -- Up-to-date symlink: /root/workspaces/ros2_ws/install/ffw_navigation/share/ffw_navigation/launch/online_sync_launch.py
[5.786s] -- Up-to-date symlink: /root/workspaces/ros2_ws/install/ffw_navigation/share/ffw_navigation/rviz/mapping.rviz
[5.786s] -- Up-to-date symlink: /root/workspaces/ros2_ws/install/ffw_navigation/share/ffw_navigation/rviz/navigation.rviz
[5.786s] -- Symlinking: /root/workspaces/ros2_ws/install/ffw_navigation/share/ffw_navigation/rviz/navigation.rviz.backup
[5.867s] -- Up-to-date symlink: /root/workspaces/ros2_ws/install/ffw_navigation/share/ffw_navigation/config/bt/nav_modes.xml
[5.893s] -- Up-to-date symlink: /root/workspaces/ros2_ws/install/ffw_navigation/share/ffw_navigation/config/mapper_params_online_sync.yaml
[5.893s] -- Up-to-date symlink: /root/workspaces/ros2_ws/install/ffw_navigation/share/ffw_navigation/config/navigation.yaml
[5.957s] -- Up-to-date symlink: /root/workspaces/ros2_ws/install/ffw_navigation/share/ffw_navigation/config/navigation_mppi.yaml
[5.978s] -- Up-to-date symlink: /root/workspaces/ros2_ws/install/ffw_navigation/share/ffw_navigation/maps/map.pgm
[5.982s] -- Up-to-date symlink: /root/workspaces/ros2_ws/install/ffw_navigation/share/ffw_navigation/maps/map.yaml
[5.982s] -- Up-to-date symlink: /root/workspaces/ros2_ws/install/ffw_navigation/share/ffw_navigation/maps/turtlebot3_world_map.pgm
[5.982s] -- Up-to-date symlink: /root/workspaces/ros2_ws/install/ffw_navigation/share/ffw_navigation/maps/turtlebot3_world_map.yaml
[5.982s] -- Up-to-date symlink: /root/workspaces/ros2_ws/install/ffw_navigation/share/ffw_navigation/environment/library_path.sh
[5.982s] -- Up-to-date symlink: /root/workspaces/ros2_ws/install/ffw_navigation/share/ffw_navigation/environment/library_path.dsv
[5.994s] -- Up-to-date symlink: /root/workspaces/ros2_ws/install/ffw_navigation/share/ament_index/resource_index/package_run_dependencies/ffw_navigation
[6.048s] -- Up-to-date symlink: /root/workspaces/ros2_ws/install/ffw_navigation/share/ament_index/resource_index/parent_prefix_path/ffw_navigation
[6.048s] -- Up-to-date symlink: /root/workspaces/ros2_ws/install/ffw_navigation/share/ffw_navigation/environment/ament_prefix_path.sh
[6.048s] -- Up-to-date symlink: /root/workspaces/ros2_ws/install/ffw_navigation/share/ffw_navigation/environment/ament_prefix_path.dsv
[6.048s] -- Up-to-date symlink: /root/workspaces/ros2_ws/install/ffw_navigation/share/ffw_navigation/environment/path.sh
[6.053s] -- Up-to-date symlink: /root/workspaces/ros2_ws/install/ffw_navigation/share/ffw_navigation/environment/path.dsv
[6.060s] -- Up-to-date symlink: /root/workspaces/ros2_ws/install/ffw_navigation/share/ffw_navigation/local_setup.bash
[6.094s] -- Up-to-date symlink: /root/workspaces/ros2_ws/install/ffw_navigation/share/ffw_navigation/local_setup.sh
[6.094s] -- Up-to-date symlink: /root/workspaces/ros2_ws/install/ffw_navigation/share/ffw_navigation/local_setup.zsh
[6.094s] -- Up-to-date symlink: /root/workspaces/ros2_ws/install/ffw_navigation/share/ffw_navigation/local_setup.dsv
[6.094s] -- Symlinking: /root/workspaces/ros2_ws/install/ffw_navigation/share/ffw_navigation/package.dsv
[6.192s] -- Up-to-date symlink: /root/workspaces/ros2_ws/install/ffw_navigation/share/ament_index/resource_index/packages/ffw_navigation
[6.192s] -- Up-to-date symlink: /root/workspaces/ros2_ws/install/ffw_navigation/share/ffw_navigation/cmake/ament_cmake_export_libraries-extras.cmake
[6.192s] -- Up-to-date symlink: /root/workspaces/ros2_ws/install/ffw_navigation/share/ffw_navigation/cmake/ament_cmake_export_dependencies-extras.cmake
[6.192s] -- Up-to-date symlink: /root/workspaces/ros2_ws/install/ffw_navigation/share/ffw_navigation/cmake/ffw_navigationConfig.cmake
[6.197s] -- Up-to-date symlink: /root/workspaces/ros2_ws/install/ffw_navigation/share/ffw_navigation/cmake/ffw_navigationConfig-version.cmake
[6.203s] -- Up-to-date symlink: /root/workspaces/ros2_ws/install/ffw_navigation/share/ffw_navigation/package.xml
[6.275s] -- Up-to-date: /root/workspaces/ros2_ws/install/ffw_navigation/lib/libis_path_length_under_plugin.so
[6.295s] Invoked command in '/root/workspaces/ros2_ws/build/ffw_navigation' returned '0': CMAKE_PREFIX_PATH=${CMAKE_PREFIX_PATH}:/root/workspaces/ros2_ws/install/human_detector:/root/workspaces/ros2_ws/install/ffw_teleop:/root/workspaces/ros2_ws/install/ffw_bringup:/opt/ros/jazzy /usr/bin/cmake --install /root/workspaces/ros2_ws/build/ffw_navigation
